Archive member included to satisfy reference by file (symbol)

c:/st/stm32cubeide_1.9.0/stm32cubeide/plugins/com.st.stm32cube.ide.mcu.externaltools.gnu-tools-for-stm32.10.3-2021.10.win32_1.0.0.202111181127/tools/bin/../lib/gcc/arm-none-eabi/10.3.1/../../../../arm-none-eabi/lib/thumb/v7-m/nofp\libc_nano.a(lib_a-exit.o)
                              c:/st/stm32cubeide_1.9.0/stm32cubeide/plugins/com.st.stm32cube.ide.mcu.externaltools.gnu-tools-for-stm32.10.3-2021.10.win32_1.0.0.202111181127/tools/bin/../lib/gcc/arm-none-eabi/10.3.1/../../../../arm-none-eabi/lib/thumb/v7-m/nofp/crt0.o (exit)
c:/st/stm32cubeide_1.9.0/stm32cubeide/plugins/com.st.stm32cube.ide.mcu.externaltools.gnu-tools-for-stm32.10.3-2021.10.win32_1.0.0.202111181127/tools/bin/../lib/gcc/arm-none-eabi/10.3.1/../../../../arm-none-eabi/lib/thumb/v7-m/nofp\libc_nano.a(lib_a-impure.o)
                              c:/st/stm32cubeide_1.9.0/stm32cubeide/plugins/com.st.stm32cube.ide.mcu.externaltools.gnu-tools-for-stm32.10.3-2021.10.win32_1.0.0.202111181127/tools/bin/../lib/gcc/arm-none-eabi/10.3.1/../../../../arm-none-eabi/lib/thumb/v7-m/nofp\libc_nano.a(lib_a-exit.o) (_global_impure_ptr)
c:/st/stm32cubeide_1.9.0/stm32cubeide/plugins/com.st.stm32cube.ide.mcu.externaltools.gnu-tools-for-stm32.10.3-2021.10.win32_1.0.0.202111181127/tools/bin/../lib/gcc/arm-none-eabi/10.3.1/../../../../arm-none-eabi/lib/thumb/v7-m/nofp\libc_nano.a(lib_a-init.o)
                              c:/st/stm32cubeide_1.9.0/stm32cubeide/plugins/com.st.stm32cube.ide.mcu.externaltools.gnu-tools-for-stm32.10.3-2021.10.win32_1.0.0.202111181127/tools/bin/../lib/gcc/arm-none-eabi/10.3.1/../../../../arm-none-eabi/lib/thumb/v7-m/nofp/crt0.o (__libc_init_array)
c:/st/stm32cubeide_1.9.0/stm32cubeide/plugins/com.st.stm32cube.ide.mcu.externaltools.gnu-tools-for-stm32.10.3-2021.10.win32_1.0.0.202111181127/tools/bin/../lib/gcc/arm-none-eabi/10.3.1/../../../../arm-none-eabi/lib/thumb/v7-m/nofp\libc_nano.a(lib_a-memset.o)
                              c:/st/stm32cubeide_1.9.0/stm32cubeide/plugins/com.st.stm32cube.ide.mcu.externaltools.gnu-tools-for-stm32.10.3-2021.10.win32_1.0.0.202111181127/tools/bin/../lib/gcc/arm-none-eabi/10.3.1/../../../../arm-none-eabi/lib/thumb/v7-m/nofp/crt0.o (memset)
c:/st/stm32cubeide_1.9.0/stm32cubeide/plugins/com.st.stm32cube.ide.mcu.externaltools.gnu-tools-for-stm32.10.3-2021.10.win32_1.0.0.202111181127/tools/bin/../lib/gcc/arm-none-eabi/10.3.1/../../../../arm-none-eabi/lib/thumb/v7-m/nofp\libc_nano.a(lib_a-sprintf.o)
                              ./Src/nextion.o (sprintf)
c:/st/stm32cubeide_1.9.0/stm32cubeide/plugins/com.st.stm32cube.ide.mcu.externaltools.gnu-tools-for-stm32.10.3-2021.10.win32_1.0.0.202111181127/tools/bin/../lib/gcc/arm-none-eabi/10.3.1/../../../../arm-none-eabi/lib/thumb/v7-m/nofp\libc_nano.a(lib_a-strlen.o)
                              ./Src/nextion.o (strlen)
c:/st/stm32cubeide_1.9.0/stm32cubeide/plugins/com.st.stm32cube.ide.mcu.externaltools.gnu-tools-for-stm32.10.3-2021.10.win32_1.0.0.202111181127/tools/bin/../lib/gcc/arm-none-eabi/10.3.1/../../../../arm-none-eabi/lib/thumb/v7-m/nofp\libc_nano.a(lib_a-strncpy.o)
                              ./Src/nextion.o (strncpy)
c:/st/stm32cubeide_1.9.0/stm32cubeide/plugins/com.st.stm32cube.ide.mcu.externaltools.gnu-tools-for-stm32.10.3-2021.10.win32_1.0.0.202111181127/tools/bin/../lib/gcc/arm-none-eabi/10.3.1/../../../../arm-none-eabi/lib/thumb/v7-m/nofp\libc_nano.a(lib_a-vsprintf.o)
                              ./Src/Interface_Master.o (vsprintf)
c:/st/stm32cubeide_1.9.0/stm32cubeide/plugins/com.st.stm32cube.ide.mcu.externaltools.gnu-tools-for-stm32.10.3-2021.10.win32_1.0.0.202111181127/tools/bin/../lib/gcc/arm-none-eabi/10.3.1/../../../../arm-none-eabi/lib/thumb/v7-m/nofp\libc_nano.a(lib_a-nano-svfprintf.o)
                              c:/st/stm32cubeide_1.9.0/stm32cubeide/plugins/com.st.stm32cube.ide.mcu.externaltools.gnu-tools-for-stm32.10.3-2021.10.win32_1.0.0.202111181127/tools/bin/../lib/gcc/arm-none-eabi/10.3.1/../../../../arm-none-eabi/lib/thumb/v7-m/nofp\libc_nano.a(lib_a-sprintf.o) (_svfprintf_r)
c:/st/stm32cubeide_1.9.0/stm32cubeide/plugins/com.st.stm32cube.ide.mcu.externaltools.gnu-tools-for-stm32.10.3-2021.10.win32_1.0.0.202111181127/tools/bin/../lib/gcc/arm-none-eabi/10.3.1/../../../../arm-none-eabi/lib/thumb/v7-m/nofp\libc_nano.a(lib_a-nano-vfprintf_i.o)
                              c:/st/stm32cubeide_1.9.0/stm32cubeide/plugins/com.st.stm32cube.ide.mcu.externaltools.gnu-tools-for-stm32.10.3-2021.10.win32_1.0.0.202111181127/tools/bin/../lib/gcc/arm-none-eabi/10.3.1/../../../../arm-none-eabi/lib/thumb/v7-m/nofp\libc_nano.a(lib_a-nano-svfprintf.o) (_printf_i)
c:/st/stm32cubeide_1.9.0/stm32cubeide/plugins/com.st.stm32cube.ide.mcu.externaltools.gnu-tools-for-stm32.10.3-2021.10.win32_1.0.0.202111181127/tools/bin/../lib/gcc/arm-none-eabi/10.3.1/../../../../arm-none-eabi/lib/thumb/v7-m/nofp\libc_nano.a(lib_a-memchr-stub.o)
[...]
Memory Configuration

Name             Origin             Length             Attributes
RAM              0x0000000020000000 0x0000000000005000 xrw
FLASH            0x0000000008000000 0x0000000000010000 xr
*default*        0x0000000000000000 0xffffffffffffffff

Linker script and memory map

LOAD c:/st/stm32cubeide_1.9.0/stm32cubeide/plugins/com.st.stm32cube.ide.mcu.externaltools.gnu-tools-for-stm32.10.3-2021.10.win32_1.0.0.202111181127/tools/bin/../lib/gcc/arm-none-eabi/10.3.1/thumb/v7-m/nofp/crti.o
LOAD c:/st/stm32cubeide_1.9.0/stm32cubeide/plugins/com.st.stm32cube.ide.mcu.externaltools.gnu-tools-for-stm32.10.3-2021.10.win32_1.0.0.202111181127/tools/bin/../lib/gcc/arm-none-eabi/10.3.1/thumb/v7-m/nofp/crtbegin.o
LOAD c:/st/stm32cubeide_1.9.0/stm32cubeide/plugins/com.st.stm32cube.ide.mcu.externaltools.gnu-tools-for-stm32.10.3-2021.10.win32_1.0.0.202111181127/tools/bin/../lib/gcc/arm-none-eabi/10.3.1/../../../../arm-none-eabi/lib/thumb/v7-m/nofp/crt0.o
LOAD ./Drivers/STM32F1xx_HAL_Driver/Src/stm32f1xx_hal.o
LOAD ./Drivers/STM32F1xx_HAL_Driver/Src/stm32f1xx_hal_can.o
LOAD ./Drivers/STM32F1xx_HAL_Driver/Src/stm32f1xx_hal_cortex.o
LOAD ./Drivers/STM32F1xx_HAL_Driver/Src/stm32f1xx_hal_dma.o
LOAD ./Drivers/STM32F1xx_HAL_Driver/Src/stm32f1xx_hal_exti.o
LOAD ./Drivers/STM32F1xx_HAL_Driver/Src/stm32f1xx_hal_flash.o
LOAD ./Drivers/STM32F1xx_HAL_Driver/Src/stm32f1xx_hal_flash_ex.o
LOAD ./Drivers/STM32F1xx_HAL_Driver/Src/stm32f1xx_hal_gpio.o
LOAD ./Drivers/STM32F1xx_HAL_Driver/Src/stm32f1xx_hal_gpio_ex.o
LOAD ./Drivers/STM32F1xx_HAL_Driver/Src/stm32f1xx_hal_iwdg.o
LOAD ./Drivers/STM32F1xx_HAL_Driver/Src/stm32f1xx_hal_pwr.o
LOAD ./Drivers/STM32F1xx_HAL_Driver/Src/stm32f1xx_hal_rcc.o
LOAD ./Drivers/STM32F1xx_HAL_Driver/Src/stm32f1xx_hal_rcc_ex.o
LOAD ./Drivers/STM32F1xx_HAL_Driver/Src/stm32f1xx_hal_spi.o
LOAD ./Drivers/STM32F1xx_HAL_Driver/Src/stm32f1xx_hal_tim.o
LOAD ./Drivers/STM32F1xx_HAL_Driver/Src/stm32f1xx_hal_tim_ex.o
LOAD ./Drivers/STM32F1xx_HAL_Driver/Src/stm32f1xx_hal_uart.o
LOAD ./Src/DMA_USART.o
LOAD ./Src/Failure.o
LOAD ./Src/Interface_Master.o
LOAD ./Src/can.o
LOAD ./Src/dma.o
LOAD ./Src/gpio.o
LOAD ./Src/iwdg.o
LOAD ./Src/lcd_dash.o
LOAD ./Src/main.o
LOAD ./Src/nextion.o
LOAD ./Src/spi.o
LOAD ./Src/stm32f1xx_hal_msp.o
LOAD ./Src/stm32f1xx_it.o
LOAD ./Src/system_stm32f1xx.o
LOAD ./Src/telemetry.o
LOAD ./Src/tim.o
LOAD ./Src/usart.o
LOAD ./Src/xbee.o
LOAD ./startup/startup_stm32f103xb.o
START GROUP
LOAD c:/st/stm32cubeide_1.9.0/stm32cubeide/plugins/com.st.stm32cube.ide.mcu.externaltools.gnu-tools-for-stm32.10.3-2021.10.win32_1.0.0.202111181127/tools/bin/../lib/gcc/arm-none-eabi/10.3.1/../../../../arm-none-eabi/lib/thumb/v7-m/nofp\libstdc++_nano.a
LOAD c:/st/stm32cubeide_1.9.0/stm32cubeide/plugins/com.st.stm32cube.ide.mcu.externaltools.gnu-tools-for-stm32.10.3-2021.10.win32_1.0.0.202111181127/tools/bin/../lib/gcc/arm-none-eabi/10.3.1/../../../../arm-none-eabi/lib/thumb/v7-m/nofp\libsupc++_nano.a
END GROUP
LOAD c:/st/stm32cubeide_1.9.0/stm32cubeide/plugins/com.st.stm32cube.ide.mcu.externaltools.gnu-tools-for-stm32.10.3-2021.10.win32_1.0.0.202111181127/tools/bin/../lib/gcc/arm-none-eabi/10.3.1/../../../../arm-none-eabi/lib/thumb/v7-m/nofp\libstdc++_nano.a
LOAD c:/st/stm32cubeide_1.9.0/stm32cubeide/plugins/com.st.stm32cube.ide.mcu.externaltools.gnu-tools-for-stm32.10.3-2021.10.win32_1.0.0.202111181127/tools/bin/../lib/gcc/arm-none-eabi/10.3.1/../../../../arm-none-eabi/lib/thumb/v7-m/nofp\libm.a
LOAD c:/st/stm32cubeide_1.9.0/stm32cubeide/plugins/com.st.stm32cube.ide.mcu.externaltools.gnu-tools-for-stm32.10.3-2021.10.win32_1.0.0.202111181127/tools/bin/../lib/gcc/arm-none-eabi/10.3.1/../../../../arm-none-eabi/lib/thumb/v7-m/nofp\libc_nano.a
START GROUP
LOAD c:/st/stm32cubeide_1.9.0/stm32cubeide/plugins/com.st.stm32cube.ide.mcu.externaltools.gnu-tools-for-stm32.10.3-2021.10.win32_1.0.0.202111181127/tools/bin/../lib/gcc/arm-none-eabi/10.3.1/thumb/v7-m/nofp\libgcc.a
LOAD c:/st/stm32cubeide_1.9.0/stm32cubeide/plugins/com.st.stm32cube.ide.mcu.externaltools.gnu-tools-for-stm32.10.3-2021.10.win32_1.0.0.202111181127/tools/bin/../lib/gcc/arm-none-eabi/10.3.1/../../../../arm-none-eabi/lib/thumb/v7-m/nofp\libc_nano.a
END GROUP
START GROUP
LOAD c:/st/stm32cubeide_1.9.0/stm32cubeide/plugins/com.st.stm32cube.ide.mcu.externaltools.gnu-tools-for-stm32.10.3-2021.10.win32_1.0.0.202111181127/tools/bin/../lib/gcc/arm-none-eabi/10.3.1/thumb/v7-m/nofp\libgcc.a
LOAD c:/st/stm32cubeide_1.9.0/stm32cubeide/plugins/com.st.stm32cube.ide.mcu.externaltools.gnu-tools-for-stm32.10.3-2021.10.win32_1.0.0.202111181127/tools/bin/../lib/gcc/arm-none-eabi/10.3.1/../../../../arm-none-eabi/lib/thumb/v7-m/nofp\libc_nano.a
LOAD c:/st/stm32cubeide_1.9.0/stm32cubeide/plugins/com.st.stm32cube.ide.mcu.externaltools.gnu-tools-for-stm32.10.3-2021.10.win32_1.0.0.202111181127/tools/bin/../lib/gcc/arm-none-eabi/10.3.1/../../../../arm-none-eabi/lib/thumb/v7-m/nofp\libnosys.a
END GROUP
START GROUP
LOAD c:/st/stm32cubeide_1.9.0/stm32cubeide/plugins/com.st.stm32cube.ide.mcu.externaltools.gnu-tools-for-stm32.10.3-2021.10.win32_1.0.0.202111181127/tools/bin/../lib/gcc/arm-none-eabi/10.3.1/thumb/v7-m/nofp\libgcc.a
LOAD c:/st/stm32cubeide_1.9.0/stm32cubeide/plugins/com.st.stm32cube.ide.mcu.externaltools.gnu-tools-for-stm32.10.3-2021.10.win32_1.0.0.202111181127/tools/bin/../lib/gcc/arm-none-eabi/10.3.1/../../../../arm-none-eabi/lib/thumb/v7-m/nofp\libc_nano.a
LOAD c:/st/stm32cubeide_1.9.0/stm32cubeide/plugins/com.st.stm32cube.ide.mcu.externaltools.gnu-tools-for-stm32.10.3-2021.10.win32_1.0.0.202111181127/tools/bin/../lib/gcc/arm-none-eabi/10.3.1/../../../../arm-none-eabi/lib/thumb/v7-m/nofp\libnosys.a
END GROUP
LOAD c:/st/stm32cubeide_1.9.0/stm32cubeide/plugins/com.st.stm32cube.ide.mcu.externaltools.gnu-tools-for-stm32.10.3-2021.10.win32_1.0.0.202111181127/tools/bin/../lib/gcc/arm-none-eabi/10.3.1/thumb/v7-m/nofp/crtend.o
LOAD c:/st/stm32cubeide_1.9.0/stm32cubeide/plugins/com.st.stm32cube.ide.mcu.externaltools.gnu-tools-for-stm32.10.3-2021.10.win32_1.0.0.202111181127/tools/bin/../lib/gcc/arm-none-eabi/10.3.1/thumb/v7-m/nofp/crtn.o
                0x0000000020005000                _estack = 0x20005000
                0x0000000000000200                _Min_Heap_Size = 0x200
                0x0000000000000400                _Min_Stack_Size = 0x400

.isr_vector     0x0000000008000000      0x10c
                0x0000000008000000                . = ALIGN (0x4)
 *(.isr_vector)
 .isr_vector    0x0000000008000000      0x10c ./startup/startup_stm32f103xb.o
                0x0000000008000000                g_pfnVectors
                0x000000000800010c                . = ALIGN (0x4)

.text           0x0000000008000110     0x4e00
                0x0000000008000110                . = ALIGN (0x4)
 *(.text)
 .text          0x0000000008000110       0x40 c:/st/stm32cubeide_1.9.0/stm32cubeide/plugins/com.st.stm32cube.ide.mcu.externaltools.gnu-tools-for-stm32.10.3-2021.10.win32_1.0.0.202111181127/tools/bin/../lib/gcc/arm-none-eabi/10.3.1/thumb/v7-m/nofp/crtbegin.o
 .text          0x0000000008000150       0x10 c:/st/stm32cubeide_1.9.0/stm32cubeide/plugins/com.st.stm32cube.ide.mcu.externaltools.gnu-tools-for-stm32.10.3-2021.10.win32_1.0.0.202111181127/tools/bin/../lib/gcc/arm-none-eabi/10.3.1/../../../../arm-none-eabi/lib/thumb/v7-m/nofp\libc_nano.a(lib_a-strlen.o)
                0x0000000008000150                strlen
 .text          0x0000000008000160      0x168 c:/st/stm32cubeide_1.9.0/stm32cubeide/plugins/com.st.stm32cube.ide.mcu.externaltools.gnu-tools-for-stm32.10.3-2021.10.win32_1.0.0.202111181127/tools/bin/../lib/gcc/arm-none-eabi/10.3.1/thumb/v7-m/nofp\libgcc.a(_arm_mulsf3.o)
                0x0000000008000160                __aeabi_fmul
                0x0000000008000160                __mulsf3
 .text          0x00000000080002c8      0x378 c:/st/stm32cubeide_1.9.0/stm32cubeide/plugins/com.st.stm32cube.ide.mcu.externaltools.gnu-tools-for-stm32.10.3-2021.10.win32_1.0.0.202111181127/tools/bin/../lib/gcc/arm-none-eabi/10.3.1/thumb/v7-m/nofp\libgcc.a(_arm_addsubdf3.o)
                0x00000000080002c8                __aeabi_drsub
                0x00000000080002d0                __aeabi_dsub
                0x00000000080002d0                __subdf3
                0x00000000080002d4                __aeabi_dadd
                0x00000000080002d4                __adddf3
                0x000000000800054c                __floatunsidf
                0x000000000800054c                __aeabi_ui2d
                0x000000000800056c                __floatsidf
                0x000000000800056c                __aeabi_i2d
                0x0000000008000590                __aeabi_f2d
                0x0000000008000590                __extendsfdf2
                0x00000000080005d4                __floatundidf
                0x00000000080005d4                __aeabi_ul2d
                0x00000000080005e4                __floatdidf
                0x00000000080005e4                __aeabi_l2d
 .text          0x0000000008000640      0x424 c:/st/stm32cubeide_1.9.0/stm32cubeide/plugins/com.st.stm32cube.ide.mcu.externaltools.gnu-tools-for-stm32.10.3-2021.10.win32_1.0.0.202111181127/tools/bin/../lib/gcc/arm-none-eabi/10.3.1/thumb/v7-m/nofp\libgcc.a(_arm_muldivdf3.o)
                0x0000000008000640                __aeabi_dmul
                0x0000000008000640                __muldf3
                0x0000000008000894                __divdf3
                0x0000000008000894                __aeabi_ddiv
 .text          0x0000000008000a64       0x40 c:/st/stm32cubeide_1.9.0/stm32cubeide/plugins/com.st.stm32cube.ide.mcu.externaltools.gnu-tools-for-stm32.10.3-2021.10.win32_1.0.0.202111181127/tools/bin/../lib/gcc/arm-none-eabi/10.3.1/thumb/v7-m/nofp\libgcc.a(_arm_fixunsdfsi.o)
                0x0000000008000a64                __aeabi_d2uiz
                0x0000000008000a64                __fixunsdfsi
 .text          0x0000000008000aa4       0xa0 c:/st/stm32cubeide_1.9.0/stm32cubeide/plugins/com.st.stm32cube.ide.mcu.externaltools.gnu-tools-for-stm32.10.3-2021.10.win32_1.0.0.202111181127/tools/bin/../lib/gcc/arm-none-eabi/10.3.1/thumb/v7-m/nofp\libgcc.a(_arm_truncdfsf2.o)
                0x0000000008000aa4                __truncdfsf2
                0x0000000008000aa4                __aeabi_d2f
 *(.text*)
 .text.HAL_InitTick
                0x0000000008000b44       0x48 ./Drivers/STM32F1xx_HAL_Driver/Src/stm32f1xx_hal.o
                0x0000000008000b44                HAL_InitTick
 .text.HAL_Init
                0x0000000008000b8c       0x24 ./Drivers/STM32F1xx_HAL_Driver/Src/stm32f1xx_hal.o
                0x0000000008000b8c                HAL_Init
 .text.HAL_IncTick
                0x0000000008000bb0       0x18 ./Drivers/STM32F1xx_HAL_Driver/Src/stm32f1xx_hal.o
                0x0000000008000bb0                HAL_IncTick
 .text.HAL_GetTick
                0x0000000008000bc8        0xc ./Drivers/STM32F1xx_HAL_Driver/Src/stm32f1xx_hal.o
                0x0000000008000bc8                HAL_GetTick
 .text.HAL_Delay
                0x0000000008000bd4       0x28 ./Drivers/STM32F1xx_HAL_Driver/Src/stm32f1xx_hal.o
                0x0000000008000bd4                HAL_Delay
 .text.HAL_CAN_Init
                0x0000000008000bfc      0x14c ./Drivers/STM32F1xx_HAL_Driver/Src/stm32f1xx_hal_can.o
                0x0000000008000bfc                HAL_CAN_Init
 .text.HAL_CAN_ConfigFilter
                0x0000000008000d48      0x10c ./Drivers/STM32F1xx_HAL_Driver/Src/stm32f1xx_hal_can.o
                0x0000000008000d48                HAL_CAN_ConfigFilter
 .text.HAL_CAN_Start
                0x0000000008000e54       0x5c ./Drivers/STM32F1xx_HAL_Driver/Src/stm32f1xx_hal_can.o
                0x0000000008000e54                HAL_CAN_Start
 .text.HAL_CAN_Stop
                0x0000000008000eb0       0x62 ./Drivers/STM32F1xx_HAL_Driver/Src/stm32f1xx_hal_can.o
                0x0000000008000eb0                HAL_CAN_Stop
 .text.HAL_CAN_GetRxMessage
                0x0000000008000f12      0x156 ./Drivers/STM32F1xx_HAL_Driver/Src/stm32f1xx_hal_can.o
                0x0000000008000f12                HAL_CAN_GetRxMessage
 .text.HAL_CAN_ActivateNotification
                0x0000000008001068       0x24 ./Drivers/STM32F1xx_HAL_Driver/Src/stm32f1xx_hal_can.o
                0x0000000008001068                HAL_CAN_ActivateNotification
 .text.HAL_CAN_TxMailbox0CompleteCallback
                0x000000000800108c        0x2 ./Drivers/STM32F1xx_HAL_Driver/Src/stm32f1xx_hal_can.o
                0x000000000800108c                HAL_CAN_TxMailbox0CompleteCallback
 .text.HAL_CAN_TxMailbox1CompleteCallback
                0x000000000800108e        0x2 ./Drivers/STM32F1xx_HAL_Driver/Src/stm32f1xx_hal_can.o
                0x000000000800108e                HAL_CAN_TxMailbox1CompleteCallback
 .text.HAL_CAN_TxMailbox2CompleteCallback
                0x0000000008001090        0x2 ./Drivers/STM32F1xx_HAL_Driver/Src/stm32f1xx_hal_can.o
                0x0000000008001090                HAL_CAN_TxMailbox2CompleteCallback
 .text.HAL_CAN_TxMailbox0AbortCallback
                0x0000000008001092        0x2 ./Drivers/STM32F1xx_HAL_Driver/Src/stm32f1xx_hal_can.o
                0x0000000008001092                HAL_CAN_TxMailbox0AbortCallback
 .text.HAL_CAN_TxMailbox1AbortCallback
                0x0000000008001094        0x2 ./Drivers/STM32F1xx_HAL_Driver/Src/stm32f1xx_hal_can.o
                0x0000000008001094                HAL_CAN_TxMailbox1AbortCallback
 .text.HAL_CAN_TxMailbox2AbortCallback
                0x0000000008001096        0x2 ./Drivers/STM32F1xx_HAL_Driver/Src/stm32f1xx_hal_can.o
                0x0000000008001096                HAL_CAN_TxMailbox2AbortCallback
 .text.HAL_CAN_RxFifo0MsgPendingCallback
                0x0000000008001098        0x2 ./Drivers/STM32F1xx_HAL_Driver/Src/stm32f1xx_hal_can.o
                0x0000000008001098                HAL_CAN_RxFifo0MsgPendingCallback
 .text.HAL_CAN_RxFifo0FullCallback
                0x000000000800109a        0x2 ./Drivers/STM32F1xx_HAL_Driver/Src/stm32f1xx_hal_can.o
                0x000000000800109a                HAL_CAN_RxFifo0FullCallback
 .text.HAL_CAN_RxFifo1MsgPendingCallback
                0x000000000800109c        0x2 ./Drivers/STM32F1xx_HAL_Driver/Src/stm32f1xx_hal_can.o
                0x000000000800109c                HAL_CAN_RxFifo1MsgPendingCallback
 .text.HAL_CAN_RxFifo1FullCallback
                0x000000000800109e        0x2 ./Drivers/STM32F1xx_HAL_Driver/Src/stm32f1xx_hal_can.o
                0x000000000800109e                HAL_CAN_RxFifo1FullCallback
 .text.HAL_CAN_SleepCallback
                0x00000000080010a0        0x2 ./Drivers/STM32F1xx_HAL_Driver/Src/stm32f1xx_hal_can.o
                0x00000000080010a0                HAL_CAN_SleepCallback
 .text.HAL_CAN_WakeUpFromRxMsgCallback
                0x00000000080010a2        0x2 ./Drivers/STM32F1xx_HAL_Driver/Src/stm32f1xx_hal_can.o
                0x00000000080010a2                HAL_CAN_WakeUpFromRxMsgCallback
 .text.HAL_CAN_ErrorCallback
                0x00000000080010a4        0x2 ./Drivers/STM32F1xx_HAL_Driver/Src/stm32f1xx_hal_can.o
                0x00000000080010a4                HAL_CAN_ErrorCallback
 .text.HAL_CAN_IRQHandler
                0x00000000080010a6      0x24a ./Drivers/STM32F1xx_HAL_Driver/Src/stm32f1xx_hal_can.o
                0x00000000080010a6                HAL_CAN_IRQHandler
 .text.HAL_NVIC_SetPriorityGrouping
                0x00000000080012f0       0x24 ./Drivers/STM32F1xx_HAL_Driver/Src/stm32f1xx_hal_cortex.o
                0x00000000080012f0                HAL_NVIC_SetPriorityGrouping
 .text.HAL_NVIC_SetPriority
                0x0000000008001314       0x70 ./Drivers/STM32F1xx_HAL_Driver/Src/stm32f1xx_hal_cortex.o
                0x0000000008001314                HAL_NVIC_SetPriority
 .text.HAL_NVIC_EnableIRQ
                0x0000000008001384       0x1c ./Drivers/STM32F1xx_HAL_Driver/Src/stm32f1xx_hal_cortex.o
                0x0000000008001384                HAL_NVIC_EnableIRQ
 .text.HAL_SYSTICK_Config
                0x00000000080013a0       0x28 ./Drivers/STM32F1xx_HAL_Driver/Src/stm32f1xx_hal_cortex.o
                0x00000000080013a0                HAL_SYSTICK_Config
 .text.DMA_SetConfig
                0x00000000080013c8       0x2c ./Drivers/STM32F1xx_HAL_Driver/Src/stm32f1xx_hal_dma.o
 .text.HAL_DMA_Init
                0x00000000080013f4       0x6c ./Drivers/STM32F1xx_HAL_Driver/Src/stm32f1xx_hal_dma.o
                0x00000000080013f4                HAL_DMA_Init
 .text.HAL_DMA_Start_IT
                0x0000000008001460       0x74 ./Drivers/STM32F1xx_HAL_Driver/Src/stm32f1xx_hal_dma.o
                0x0000000008001460                HAL_DMA_Start_IT
 .text.HAL_DMA_Abort
                0x00000000080014d4       0x44 ./Drivers/STM32F1xx_HAL_Driver/Src/stm32f1xx_hal_dma.o
                0x00000000080014d4                HAL_DMA_Abort
 .text.HAL_DMA_Abort_IT
                0x0000000008001518       0x98 ./Drivers/STM32F1xx_HAL_Driver/Src/stm32f1xx_hal_dma.o
                0x0000000008001518                HAL_DMA_Abort_IT
 .text.HAL_DMA_IRQHandler
                0x00000000080015b0      0x144 ./Drivers/STM32F1xx_HAL_Driver/Src/stm32f1xx_hal_dma.o
                0x00000000080015b0                HAL_DMA_IRQHandler
 .text.HAL_GPIO_Init
                0x00000000080016f4      0x224 ./Drivers/STM32F1xx_HAL_Driver/Src/stm32f1xx_hal_gpio.o
                0x00000000080016f4                HAL_GPIO_Init
 .text.HAL_GPIO_WritePin
                0x0000000008001918        0xc ./Drivers/STM32F1xx_HAL_Driver/Src/stm32f1xx_hal_gpio.o
                0x0000000008001918                HAL_GPIO_WritePin
 .text.HAL_GPIO_TogglePin
                0x0000000008001924       0x12 ./Drivers/STM32F1xx_HAL_Driver/Src/stm32f1xx_hal_gpio.o
                0x0000000008001924                HAL_GPIO_TogglePin
 *fill*         0x0000000008001936        0x2 
 .text.HAL_GPIO_EXTI_IRQHandler
                0x0000000008001938       0x1c ./Drivers/STM32F1xx_HAL_Driver/Src/stm32f1xx_hal_gpio.o
                0x0000000008001938                HAL_GPIO_EXTI_IRQHandler
 .text.HAL_IWDG_Init
                0x0000000008001954       0x58 ./Drivers/STM32F1xx_HAL_Driver/Src/stm32f1xx_hal_iwdg.o
                0x0000000008001954                HAL_IWDG_Init
 .text.HAL_IWDG_Refresh
                0x00000000080019ac        0xc ./Drivers/STM32F1xx_HAL_Driver/Src/stm32f1xx_hal_iwdg.o
                0x00000000080019ac                HAL_IWDG_Refresh
 .text.RCC_Delay
                0x00000000080019b8       0x2c ./Drivers/STM32F1xx_HAL_Driver/Src/stm32f1xx_hal_rcc.o
 .text.HAL_RCC_OscConfig
                0x00000000080019e4      0x410 ./Drivers/STM32F1xx_HAL_Driver/Src/stm32f1xx_hal_rcc.o
                0x00000000080019e4                HAL_RCC_OscConfig
 .text.HAL_RCC_GetSysClockFreq
                0x0000000008001df4       0x70 ./Drivers/STM32F1xx_HAL_Driver/Src/stm32f1xx_hal_rcc.o
                0x0000000008001df4                HAL_RCC_GetSysClockFreq
 .text.HAL_RCC_ClockConfig
                0x0000000008001e64      0x16c ./Drivers/STM32F1xx_HAL_Driver/Src/stm32f1xx_hal_rcc.o
                0x0000000008001e64                HAL_RCC_ClockConfig
 .text.HAL_RCC_GetHCLKFreq
                0x0000000008001fd0        0xc ./Drivers/STM32F1xx_HAL_Driver/Src/stm32f1xx_hal_rcc.o
                0x0000000008001fd0                HAL_RCC_GetHCLKFreq
 .text.HAL_RCC_GetPCLK1Freq
                0x0000000008001fdc       0x20 ./Drivers/STM32F1xx_HAL_Driver/Src/stm32f1xx_hal_rcc.o
                0x0000000008001fdc                HAL_RCC_GetPCLK1Freq
 .text.HAL_RCC_GetPCLK2Freq
                0x0000000008001ffc       0x20 ./Drivers/STM32F1xx_HAL_Driver/Src/stm32f1xx_hal_rcc.o
                0x0000000008001ffc                HAL_RCC_GetPCLK2Freq
 .text.HAL_SPI_Init
                0x000000000800201c       0xb6 ./Drivers/STM32F1xx_HAL_Driver/Src/stm32f1xx_hal_spi.o
                0x000000000800201c                HAL_SPI_Init
 .text.TIM_TI1_ConfigInputStage
                0x00000000080020d2       0x24 ./Drivers/STM32F1xx_HAL_Driver/Src/stm32f1xx_hal_tim.o
 .text.TIM_TI2_ConfigInputStage
                0x00000000080020f6       0x26 ./Drivers/STM32F1xx_HAL_Driver/Src/stm32f1xx_hal_tim.o
 .text.TIM_ITRx_SetConfig
                0x000000000800211c       0x10 ./Drivers/STM32F1xx_HAL_Driver/Src/stm32f1xx_hal_tim.o
 .text.TIM_Base_SetConfig
                0x000000000800212c       0x74 ./Drivers/STM32F1xx_HAL_Driver/Src/stm32f1xx_hal_tim.o
                0x000000000800212c                TIM_Base_SetConfig
 .text.HAL_TIM_Base_Init
                0x00000000080021a0       0x58 ./Drivers/STM32F1xx_HAL_Driver/Src/stm32f1xx_hal_tim.o
                0x00000000080021a0                HAL_TIM_Base_Init
 .text.TIM_ETR_SetConfig
                0x00000000080021f8       0x18 ./Drivers/STM32F1xx_HAL_Driver/Src/stm32f1xx_hal_tim.o
                0x00000000080021f8                TIM_ETR_SetConfig
 .text.HAL_TIM_ConfigClockSource
                0x0000000008002210       0xda ./Drivers/STM32F1xx_HAL_Driver/Src/stm32f1xx_hal_tim.o
                0x0000000008002210                HAL_TIM_ConfigClockSource
 *fill*         0x00000000080022ea        0x2 
 .text.HAL_TIMEx_MasterConfigSynchronization
                0x00000000080022ec       0x6c ./Drivers/STM32F1xx_HAL_Driver/Src/stm32f1xx_hal_tim_ex.o
                0x00000000080022ec                HAL_TIMEx_MasterConfigSynchronization
 .text.UART_EndTxTransfer
                0x0000000008002358       0x12 ./Drivers/STM32F1xx_HAL_Driver/Src/stm32f1xx_hal_uart.o
 .text.UART_EndRxTransfer
                0x000000000800236a       0x32 ./Drivers/STM32F1xx_HAL_Driver/Src/stm32f1xx_hal_uart.o
 .text.UART_Transmit_IT
                0x000000000800239c       0x60 ./Drivers/STM32F1xx_HAL_Driver/Src/stm32f1xx_hal_uart.o
 .text.UART_SetConfig
                0x00000000080023fc       0x94 ./Drivers/STM32F1xx_HAL_Driver/Src/stm32f1xx_hal_uart.o
 .text.UART_WaitOnFlagUntilTimeout
                0x0000000008002490       0x6c ./Drivers/STM32F1xx_HAL_Driver/Src/stm32f1xx_hal_uart.o
 .text.HAL_UART_Init
                0x00000000080024fc       0x5e ./Drivers/STM32F1xx_HAL_Driver/Src/stm32f1xx_hal_uart.o
                0x00000000080024fc                HAL_UART_Init
 .text.HAL_UART_Transmit
                0x000000000800255a       0xd8 ./Drivers/STM32F1xx_HAL_Driver/Src/stm32f1xx_hal_uart.o
                0x000000000800255a                HAL_UART_Transmit
 .text.HAL_UART_TxCpltCallback
                0x0000000008002632        0x2 ./Drivers/STM32F1xx_HAL_Driver/Src/stm32f1xx_hal_uart.o
                0x0000000008002632                HAL_UART_TxCpltCallback
 .text.UART_EndTransmit_IT
                0x0000000008002634       0x1a ./Drivers/STM32F1xx_HAL_Driver/Src/stm32f1xx_hal_uart.o
 .text.HAL_UART_RxCpltCallback
                0x000000000800264e        0x2 ./Drivers/STM32F1xx_HAL_Driver/Src/stm32f1xx_hal_uart.o
                0x000000000800264e                HAL_UART_RxCpltCallback
 .text.HAL_UART_RxHalfCpltCallback
                0x0000000008002650        0x2 ./Drivers/STM32F1xx_HAL_Driver/Src/stm32f1xx_hal_uart.o
                0x0000000008002650                HAL_UART_RxHalfCpltCallback
 .text.HAL_UART_ErrorCallback
                0x0000000008002652        0x2 ./Drivers/STM32F1xx_HAL_Driver/Src/stm32f1xx_hal_uart.o
                0x0000000008002652                HAL_UART_ErrorCallback
 .text.UART_DMAError
                0x0000000008002654       0x58 ./Drivers/STM32F1xx_HAL_Driver/Src/stm32f1xx_hal_uart.o
 .text.UART_DMAAbortOnError
                0x00000000080026ac       0x10 ./Drivers/STM32F1xx_HAL_Driver/Src/stm32f1xx_hal_uart.o
 .text.UART_Receive_IT
                0x00000000080026bc       0xd4 ./Drivers/STM32F1xx_HAL_Driver/Src/stm32f1xx_hal_uart.o
 .text.HAL_UART_IRQHandler
                0x0000000008002790      0x204 ./Drivers/STM32F1xx_HAL_Driver/Src/stm32f1xx_hal_uart.o
                0x0000000008002790                HAL_UART_IRQHandler
 .text.UART_DMARxHalfCplt
                0x0000000008002994       0x1a ./Drivers/STM32F1xx_HAL_Driver/Src/stm32f1xx_hal_uart.o
 .text.UART_DMAReceiveCplt
                0x00000000080029ae       0x5e ./Drivers/STM32F1xx_HAL_Driver/Src/stm32f1xx_hal_uart.o
 .text.UART_Start_Receive_DMA
                0x0000000008002a0c       0x78 ./Drivers/STM32F1xx_HAL_Driver/Src/stm32f1xx_hal_uart.o
                0x0000000008002a0c                UART_Start_Receive_DMA
 .text.HAL_UARTEx_ReceiveToIdle_DMA
                0x0000000008002a84       0x60 ./Drivers/STM32F1xx_HAL_Driver/Src/stm32f1xx_hal_uart.o
                0x0000000008002a84                HAL_UARTEx_ReceiveToIdle_DMA
 .text.HAL_UARTEx_RxEventCallback
                0x0000000008002ae4       0x5c ./Src/DMA_USART.o
                0x0000000008002ae4                HAL_UARTEx_RxEventCallback
 .text.USART_Init
                0x0000000008002b40       0x28 ./Src/DMA_USART.o
                0x0000000008002b40                USART_Init
 .text.ECU_erro_bin_to_int
                0x0000000008002b68       0x28 ./Src/Failure.o
                0x0000000008002b68                ECU_erro_bin_to_int
 .text.BMS_erro_bin_to_int
                0x0000000008002b90       0x28 ./Src/Failure.o
                0x0000000008002b90                BMS_erro_bin_to_int
 .text.INVERSOR_flag
                0x0000000008002bb8       0x2c ./Src/Failure.o
                0x0000000008002bb8                INVERSOR_flag
 .text.FAILURE_IT
                0x0000000008002be4      0x498 ./Src/Failure.o
                0x0000000008002be4                FAILURE_IT
 .text.interfaceInit
                0x000000000800307c       0x16 ./Src/Interface_Master.o
                0x000000000800307c                interfaceInit
 *fill*         0x0000000008003092        0x2 
 .text.canMessageReceived
                0x0000000008003094       0x24 ./Src/Interface_Master.o
                0x0000000008003094                canMessageReceived
 .text.blinkLed3
                0x00000000080030b8       0x10 ./Src/Interface_Master.o
                0x00000000080030b8                blinkLed3
 .text.timerAtualization
                0x00000000080030c8       0x14 ./Src/Interface_Master.o
                0x00000000080030c8                timerAtualization
 .text.timer_wait_ms
                0x00000000080030dc       0x18 ./Src/Interface_Master.o
                0x00000000080030dc                timer_wait_ms
 .text.timer_restart
                0x00000000080030f4        0xc ./Src/Interface_Master.o
                0x00000000080030f4                timer_restart
 .text.MX_CAN_Init
                0x0000000008003100       0x9c ./Src/can.o
                0x0000000008003100                MX_CAN_Init
 .text.HAL_CAN_MspInit
                0x000000000800319c       0xa8 ./Src/can.o
                0x000000000800319c                HAL_CAN_MspInit
 .text.MX_DMA_Init
                0x0000000008003244       0x54 ./Src/dma.o
                0x0000000008003244                MX_DMA_Init
 .text.MX_GPIO_Init
                0x0000000008003298       0xec ./Src/gpio.o
                0x0000000008003298                MX_GPIO_Init
 .text.MX_IWDG_Init
                0x0000000008003384       0x28 ./Src/iwdg.o
                0x0000000008003384                MX_IWDG_Init
 *fill*         0x00000000080033ac        0x4 
 .text.RPM_To_KMH_speed
                0x00000000080033b0       0x64 ./Src/lcd_dash.o
                0x00000000080033b0                RPM_To_KMH_speed
 .text.USART3_Message_Received
                0x0000000008003414       0x44 ./Src/lcd_dash.o
                0x0000000008003414                USART3_Message_Received
 .text.NEXTION_BusOff_Verify
                0x0000000008003458       0x24 ./Src/lcd_dash.o
                0x0000000008003458                NEXTION_BusOff_Verify
 .text.NEXTION_Init
                0x000000000800347c       0x8c ./Src/lcd_dash.o
                0x000000000800347c                NEXTION_Init
 .text.AIR_IT   0x0000000008003508       0x54 ./Src/lcd_dash.o
                0x0000000008003508                AIR_IT
 .text.PAGE_IT  0x000000000800355c       0x64 ./Src/lcd_dash.o
                0x000000000800355c                PAGE_IT
 .text.MODO_IT  0x00000000080035c0       0xfc ./Src/lcd_dash.o
                0x00000000080035c0                MODO_IT
 .text.NEXTION  0x00000000080036bc      0x158 ./Src/lcd_dash.o
                0x00000000080036bc                NEXTION
 .text.HAL_GPIO_EXTI_Callback
                0x0000000008003814       0x38 ./Src/lcd_dash.o
                0x0000000008003814                HAL_GPIO_EXTI_Callback
 .text.MX_NVIC_Init
                0x000000000800384c       0x14 ./Src/main.o
 .text.SystemClock_Config
                0x0000000008003860       0x58 ./Src/main.o
                0x0000000008003860                SystemClock_Config
 .text.main     0x00000000080038b8       0x40 ./Src/main.o
                0x00000000080038b8                main
 .text.Error_Handler
                0x00000000080038f8        0x2 ./Src/main.o
                0x00000000080038f8                Error_Handler
 *fill*         0x00000000080038fa        0x2 
 .text.sendCommand
                0x00000000080038fc       0x2c ./Src/nextion.o
                0x00000000080038fc                sendCommand
 .text.recvRetCommandFinished
                0x0000000008003928        0xa ./Src/nextion.o
                0x0000000008003928                recvRetCommandFinished
 *fill*         0x0000000008003932        0x2 
 .text.nexInit  0x0000000008003934       0x1c ./Src/nextion.o
                0x0000000008003934                nexInit
 .text.NexPageShow
                0x0000000008003950       0x2c ./Src/nextion.o
                0x0000000008003950                NexPageShow
 .text.NexTextSetText
                0x000000000800397c       0x5c ./Src/nextion.o
                0x000000000800397c                NexTextSetText
 .text.NexNumberSetValue
                0x00000000080039d8       0x30 ./Src/nextion.o
                0x00000000080039d8                NexNumberSetValue
 .text.NexXfloatSetValue
                0x0000000008003a08       0x30 ./Src/nextion.o
                0x0000000008003a08                NexXfloatSetValue
 .text.NexPictureSetPic
                0x0000000008003a38       0x30 ./Src/nextion.o
                0x0000000008003a38                NexPictureSetPic
 .text.NexVariableSetValue
                0x0000000008003a68       0x30 ./Src/nextion.o
                0x0000000008003a68                NexVariableSetValue
 .text.MX_SPI1_Init
                0x0000000008003a98       0x44 ./Src/spi.o
                0x0000000008003a98                MX_SPI1_Init
 .text.HAL_SPI_MspInit
                0x0000000008003adc       0x74 ./Src/spi.o
                0x0000000008003adc                HAL_SPI_MspInit
 .text.HAL_MspInit
                0x0000000008003b50       0x44 ./Src/stm32f1xx_hal_msp.o
                0x0000000008003b50                HAL_MspInit
 .text.NMI_Handler
                0x0000000008003b94        0x2 ./Src/stm32f1xx_it.o
                0x0000000008003b94                NMI_Handler
 .text.HardFault_Handler
                0x0000000008003b96        0x2 ./Src/stm32f1xx_it.o
                0x0000000008003b96                HardFault_Handler
 .text.MemManage_Handler
                0x0000000008003b98        0x2 ./Src/stm32f1xx_it.o
                0x0000000008003b98                MemManage_Handler
 .text.BusFault_Handler
                0x0000000008003b9a        0x2 ./Src/stm32f1xx_it.o
                0x0000000008003b9a                BusFault_Handler
 .text.UsageFault_Handler
                0x0000000008003b9c        0x2 ./Src/stm32f1xx_it.o
                0x0000000008003b9c                UsageFault_Handler
 .text.SVC_Handler
                0x0000000008003b9e        0x2 ./Src/stm32f1xx_it.o
                0x0000000008003b9e                SVC_Handler
 .text.DebugMon_Handler
                0x0000000008003ba0        0x2 ./Src/stm32f1xx_it.o
                0x0000000008003ba0                DebugMon_Handler
 .text.PendSV_Handler
                0x0000000008003ba2        0x2 ./Src/stm32f1xx_it.o
                0x0000000008003ba2                PendSV_Handler
 .text.SysTick_Handler
                0x0000000008003ba4        0x8 ./Src/stm32f1xx_it.o
                0x0000000008003ba4                SysTick_Handler
 .text.DMA1_Channel2_IRQHandler
                0x0000000008003bac       0x10 ./Src/stm32f1xx_it.o
                0x0000000008003bac                DMA1_Channel2_IRQHandler
 .text.DMA1_Channel3_IRQHandler
                0x0000000008003bbc       0x10 ./Src/stm32f1xx_it.o
                0x0000000008003bbc                DMA1_Channel3_IRQHandler
 .text.DMA1_Channel6_IRQHandler
                0x0000000008003bcc       0x10 ./Src/stm32f1xx_it.o
                0x0000000008003bcc                DMA1_Channel6_IRQHandler
 .text.USB_LP_CAN1_RX0_IRQHandler
                0x0000000008003bdc       0x7c ./Src/stm32f1xx_it.o
                0x0000000008003bdc                USB_LP_CAN1_RX0_IRQHandler
 .text.CAN1_RX1_IRQHandler
                0x0000000008003c58       0x10 ./Src/stm32f1xx_it.o
                0x0000000008003c58                CAN1_RX1_IRQHandler
 .text.EXTI9_5_IRQHandler
                0x0000000008003c68        0xa ./Src/stm32f1xx_it.o
                0x0000000008003c68                EXTI9_5_IRQHandler
 *fill*         0x0000000008003c72        0x2 
 .text.USART2_IRQHandler
                0x0000000008003c74       0x14 ./Src/stm32f1xx_it.o
                0x0000000008003c74                USART2_IRQHandler
 .text.USART3_IRQHandler
                0x0000000008003c88       0x10 ./Src/stm32f1xx_it.o
                0x0000000008003c88                USART3_IRQHandler
 .text.SystemInit
                0x0000000008003c98       0x4c ./Src/system_stm32f1xx.o
                0x0000000008003c98                SystemInit
 .text.compareString
                0x0000000008003ce4       0x20 ./Src/telemetry.o
                0x0000000008003ce4                compareString
 .text.uart2MessageReceived
                0x0000000008003d04       0x78 ./Src/telemetry.o
                0x0000000008003d04                uart2MessageReceived
 .text.xbeePACKS_1
                0x0000000008003d7c       0x34 ./Src/telemetry.o
                0x0000000008003d7c                xbeePACKS_1
 .text.xbeePACKS_2
                0x0000000008003db0       0x34 ./Src/telemetry.o
                0x0000000008003db0                xbeePACKS_2
 .text.xbeePACKS_3
                0x0000000008003de4       0x34 ./Src/telemetry.o
                0x0000000008003de4                xbeePACKS_3
 .text.xbeePACKS_4
                0x0000000008003e18       0x34 ./Src/telemetry.o
                0x0000000008003e18                xbeePACKS_4
 .text.xbeeGERAL
                0x0000000008003e4c       0x98 ./Src/telemetry.o
                0x0000000008003e4c                xbeeGERAL
 .text.xbeeCONTROLE
                0x0000000008003ee4       0x7c ./Src/telemetry.o
                0x0000000008003ee4                xbeeCONTROLE
 .text.TELEMETRY
                0x0000000008003f60       0xa8 ./Src/telemetry.o
                0x0000000008003f60                TELEMETRY
 .text.MX_TIM3_Init
                0x0000000008004008       0x6c ./Src/tim.o
                0x0000000008004008                MX_TIM3_Init
 .text.HAL_TIM_Base_MspInit
                0x0000000008004074       0x2c ./Src/tim.o
                0x0000000008004074                HAL_TIM_Base_MspInit
 .text.MX_USART2_UART_Init
                0x00000000080040a0       0x34 ./Src/usart.o
                0x00000000080040a0                MX_USART2_UART_Init
 .text.MX_USART3_UART_Init
                0x00000000080040d4       0x38 ./Src/usart.o
                0x00000000080040d4                MX_USART3_UART_Init
 .text.HAL_UART_MspInit
                0x000000000800410c      0x1d0 ./Src/usart.o
                0x000000000800410c                HAL_UART_MspInit
 .text.xbeeApiModeSend
                0x00000000080042dc      0x178 ./Src/xbee.o
                0x00000000080042dc                xbeeApiModeSend
 .text.xbeeSend
                0x0000000008004454       0xf0 ./Src/xbee.o
                0x0000000008004454                xbeeSend
 .text.Reset_Handler
                0x0000000008004544       0x48 ./startup/startup_stm32f103xb.o
                0x0000000008004544                Reset_Handler
 .text.Default_Handler
                0x000000000800458c        0x2 ./startup/startup_stm32f103xb.o
                0x000000000800458c                RTC_Alarm_IRQHandler
                0x000000000800458c                EXTI2_IRQHandler
                0x000000000800458c                TIM1_CC_IRQHandler
                0x000000000800458c                PVD_IRQHandler
                0x000000000800458c                EXTI3_IRQHandler
                0x000000000800458c                EXTI0_IRQHandler
                0x000000000800458c                I2C2_EV_IRQHandler
                0x000000000800458c                ADC1_2_IRQHandler
                0x000000000800458c                SPI1_IRQHandler
                0x000000000800458c                TAMPER_IRQHandler
                0x000000000800458c                DMA1_Channel4_IRQHandler
                0x000000000800458c                RTC_IRQHandler
                0x000000000800458c                DMA1_Channel7_IRQHandler
                0x000000000800458c                TIM4_IRQHandler
                0x000000000800458c                I2C1_EV_IRQHandler
                0x000000000800458c                TIM3_IRQHandler
                0x000000000800458c                RCC_IRQHandler
                0x000000000800458c                TIM1_TRG_COM_IRQHandler
                0x000000000800458c                DMA1_Channel1_IRQHandler
                0x000000000800458c                Default_Handler
                0x000000000800458c                EXTI15_10_IRQHandler
                0x000000000800458c                SPI2_IRQHandler
                0x000000000800458c                DMA1_Channel5_IRQHandler
                0x000000000800458c                EXTI4_IRQHandler
                0x000000000800458c                USB_HP_CAN1_TX_IRQHandler
                0x000000000800458c                TIM1_UP_IRQHandler
                0x000000000800458c                WWDG_IRQHandler
                0x000000000800458c                TIM2_IRQHandler
                0x000000000800458c                TIM1_BRK_IRQHandler
                0x000000000800458c                EXTI1_IRQHandler
                0x000000000800458c                I2C2_ER_IRQHandler
                0x000000000800458c                CAN1_SCE_IRQHandler
                0x000000000800458c                FLASH_IRQHandler
                0x000000000800458c                USART1_IRQHandler
                0x000000000800458c                I2C1_ER_IRQHandler
                0x000000000800458c                USBWakeUp_IRQHandler
 *fill*         0x000000000800458e        0x2 
 .text.__libc_init_array
                0x0000000008004590       0x48 c:/st/stm32cubeide_1.9.0/stm32cubeide/plugins/com.st.stm32cube.ide.mcu.externaltools.gnu-tools-for-stm32.10.3-2021.10.win32_1.0.0.202111181127/tools/bin/../lib/gcc/arm-none-eabi/10.3.1/../../../../arm-none-eabi/lib/thumb/v7-m/nofp\libc_nano.a(lib_a-init.o)
                0x0000000008004590                __libc_init_array
 .text.memset   0x00000000080045d8       0x10 c:/st/stm32cubeide_1.9.0/stm32cubeide/plugins/com.st.stm32cube.ide.mcu.externaltools.gnu-tools-for-stm32.10.3-2021.10.win32_1.0.0.202111181127/tools/bin/../lib/gcc/arm-none-eabi/10.3.1/../../../../arm-none-eabi/lib/thumb/v7-m/nofp\libc_nano.a(lib_a-memset.o)
                0x00000000080045d8                memset
 .text.sprintf  0x00000000080045e8       0x40 c:/st/stm32cubeide_1.9.0/stm32cubeide/plugins/com.st.stm32cube.ide.mcu.externaltools.gnu-tools-for-stm32.10.3-2021.10.win32_1.0.0.202111181127/tools/bin/../lib/gcc/arm-none-eabi/10.3.1/../../../../arm-none-eabi/lib/thumb/v7-m/nofp\libc_nano.a(lib_a-sprintf.o)
                0x00000000080045e8                siprintf
                0x00000000080045e8                sprintf
 .text.__ssputs_r
                0x0000000008004628       0xb6 c:/st/stm32cubeide_1.9.0/stm32cubeide/plugins/com.st.stm32cube.ide.mcu.externaltools.gnu-tools-for-stm32.10.3-2021.10.win32_1.0.0.202111181127/tools/bin/../lib/gcc/arm-none-eabi/10.3.1/../../../../arm-none-eabi/lib/thumb/v7-m/nofp\libc_nano.a(lib_a-nano-svfprintf.o)
                0x0000000008004628                __ssputs_r
 *fill*         0x00000000080046de        0x2 
 .text._svfprintf_r
                0x00000000080046e0      0x200 c:/st/stm32cubeide_1.9.0/stm32cubeide/plugins/com.st.stm32cube.ide.mcu.externaltools.gnu-tools-for-stm32.10.3-2021.10.win32_1.0.0.202111181127/tools/bin/../lib/gcc/arm-none-eabi/10.3.1/../../../../arm-none-eabi/lib/thumb/v7-m/nofp\libc_nano.a(lib_a-nano-svfprintf.o)
                0x00000000080046e0                _svfiprintf_r
                0x00000000080046e0                _svfprintf_r
 .text._printf_common
                0x00000000080048e0       0xde c:/st/stm32cubeide_1.9.0/stm32cubeide/plugins/com.st.stm32cube.ide.mcu.externaltools.gnu-tools-for-stm32.10.3-2021.10.win32_1.0.0.202111181127/tools/bin/../lib/gcc/arm-none-eabi/10.3.1/../../../../arm-none-eabi/lib/thumb/v7-m/nofp\libc_nano.a(lib_a-nano-vfprintf_i.o)
                0x00000000080048e0                _printf_common
 *fill*         0x00000000080049be        0x2 
 .text._printf_i
                0x00000000080049c0      0x24c c:/st/stm32cubeide_1.9.0/stm32cubeide/plugins/com.st.stm32cube.ide.mcu.externaltools.gnu-tools-for-stm32.10.3-2021.10.win32_1.0.0.202111181127/tools/bin/../lib/gcc/arm-none-eabi/10.3.1/../../../../arm-none-eabi/lib/thumb/v7-m/nofp\libc_nano.a(lib_a-nano-vfprintf_i.o)
                0x00000000080049c0                _printf_i
 .text.memchr   0x0000000008004c0c       0x1c c:/st/stm32cubeide_1.9.0/stm32cubeide/plugins/com.st.stm32cube.ide.mcu.externaltools.gnu-tools-for-stm32.10.3-2021.10.win32_1.0.0.202111181127/tools/bin/../lib/gcc/arm-none-eabi/10.3.1/../../../../arm-none-eabi/lib/thumb/v7-m/nofp\libc_nano.a(lib_a-memchr-stub.o)
                0x0000000008004c0c                memchr
 .text.memcpy   0x0000000008004c28       0x1c c:/st/stm32cubeide_1.9.0/stm32cubeide/plugins/com.st.stm32cube.ide.mcu.externaltools.gnu-tools-for-stm32.10.3-2021.10.win32_1.0.0.202111181127/tools/bin/../lib/gcc/arm-none-eabi/10.3.1/../../../../arm-none-eabi/lib/thumb/v7-m/nofp\libc_nano.a(lib_a-memcpy-stub.o)
                0x0000000008004c28                memcpy
 .text.memmove  0x0000000008004c44       0x34 c:/st/stm32cubeide_1.9.0/stm32cubeide/plugins/com.st.stm32cube.ide.mcu.externaltools.gnu-tools-for-stm32.10.3-2021.10.win32_1.0.0.202111181127/tools/bin/../lib/gcc/arm-none-eabi/10.3.1/../../../../arm-none-eabi/lib/thumb/v7-m/nofp\libc_nano.a(lib_a-memmove.o)
                0x0000000008004c44                memmove
 .text._free_r  0x0000000008004c78       0x90 c:/st/stm32cubeide_1.9.0/stm32cubeide/plugins/com.st.stm32cube.ide.mcu.externaltools.gnu-tools-for-stm32.10.3-2021.10.win32_1.0.0.202111181127/tools/bin/../lib/gcc/arm-none-eabi/10.3.1/../../../../arm-none-eabi/lib/thumb/v7-m/nofp\libc_nano.a(lib_a-nano-freer.o)
                0x0000000008004c78                _free_r
 .text.sbrk_aligned
                0x0000000008004d08       0x40 c:/st/stm32cubeide_1.9.0/stm32cubeide/plugins/com.st.stm32cube.ide.mcu.externaltools.gnu-tools-for-stm32.10.3-2021.10.win32_1.0.0.202111181127/tools/bin/../lib/gcc/arm-none-eabi/10.3.1/../../../../arm-none-eabi/lib/thumb/v7-m/nofp\libc_nano.a(lib_a-nano-mallocr.o)
 .text._malloc_r
                0x0000000008004d48       0xe8 c:/st/stm32cubeide_1.9.0/stm32cubeide/plugins/com.st.stm32cube.ide.mcu.externaltools.gnu-tools-for-stm32.10.3-2021.10.win32_1.0.0.202111181127/tools/bin/../lib/gcc/arm-none-eabi/10.3.1/../../../../arm-none-eabi/lib/thumb/v7-m/nofp\libc_nano.a(lib_a-nano-mallocr.o)
                0x0000000008004d48                _malloc_r
 .text._realloc_r
                0x0000000008004e30       0x5e c:/st/stm32cubeide_1.9.0/stm32cubeide/plugins/com.st.stm32cube.ide.mcu.externaltools.gnu-tools-for-stm32.10.3-2021.10.win32_1.0.0.202111181127/tools/bin/../lib/gcc/arm-none-eabi/10.3.1/../../../../arm-none-eabi/lib/thumb/v7-m/nofp\libc_nano.a(lib_a-nano-reallocr.o)
                0x0000000008004e30                _realloc_r
 *fill*         0x0000000008004e8e        0x2 
 .text._sbrk_r  0x0000000008004e90       0x20 c:/st/stm32cubeide_1.9.0/stm32cubeide/plugins/com.st.stm32cube.ide.mcu.externaltools.gnu-tools-for-stm32.10.3-2021.10.win32_1.0.0.202111181127/tools/bin/../lib/gcc/arm-none-eabi/10.3.1/../../../../arm-none-eabi/lib/thumb/v7-m/nofp\libc_nano.a(lib_a-sbrkr.o)
                0x0000000008004e90                _sbrk_r
 .text.__malloc_lock
                0x0000000008004eb0        0xc c:/st/stm32cubeide_1.9.0/stm32cubeide/plugins/com.st.stm32cube.ide.mcu.externaltools.gnu-tools-for-stm32.10.3-2021.10.win32_1.0.0.202111181127/tools/bin/../lib/gcc/arm-none-eabi/10.3.1/../../../../arm-none-eabi/lib/thumb/v7-m/nofp\libc_nano.a(lib_a-mlock.o)
                0x0000000008004eb0                __malloc_lock
 .text.__malloc_unlock
                0x0000000008004ebc        0xc c:/st/stm32cubeide_1.9.0/stm32cubeide/plugins/com.st.stm32cube.ide.mcu.externaltools.gnu-tools-for-stm32.10.3-2021.10.win32_1.0.0.202111181127/tools/bin/../lib/gcc/arm-none-eabi/10.3.1/../../../../arm-none-eabi/lib/thumb/v7-m/nofp\libc_nano.a(lib_a-mlock.o)
                0x0000000008004ebc                __malloc_unlock
 .text._malloc_usable_size_r
                0x0000000008004ec8       0x10 c:/st/stm32cubeide_1.9.0/stm32cubeide/plugins/com.st.stm32cube.ide.mcu.externaltools.gnu-tools-for-stm32.10.3-2021.10.win32_1.0.0.202111181127/tools/bin/../lib/gcc/arm-none-eabi/10.3.1/../../../../arm-none-eabi/lib/thumb/v7-m/nofp\libc_nano.a(lib_a-nano-msizer.o)
                0x0000000008004ec8                _malloc_usable_size_r
 .text.__retarget_lock_acquire_recursive
                0x0000000008004ed8        0x2 c:/st/stm32cubeide_1.9.0/stm32cubeide/plugins/com.st.stm32cube.ide.mcu.externaltools.gnu-tools-for-stm32.10.3-2021.10.win32_1.0.0.202111181127/tools/bin/../lib/gcc/arm-none-eabi/10.3.1/../../../../arm-none-eabi/lib/thumb/v7-m/nofp\libc_nano.a(lib_a-lock.o)
                0x0000000008004ed8                __retarget_lock_acquire_recursive
 .text.__retarget_lock_release_recursive
                0x0000000008004eda        0x2 c:/st/stm32cubeide_1.9.0/stm32cubeide/plugins/com.st.stm32cube.ide.mcu.externaltools.gnu-tools-for-stm32.10.3-2021.10.win32_1.0.0.202111181127/tools/bin/../lib/gcc/arm-none-eabi/10.3.1/../../../../arm-none-eabi/lib/thumb/v7-m/nofp\libc_nano.a(lib_a-lock.o)
                0x0000000008004eda                __retarget_lock_release_recursive
 .text._sbrk    0x0000000008004edc       0x1c c:/st/stm32cubeide_1.9.0/stm32cubeide/plugins/com.st.stm32cube.ide.mcu.externaltools.gnu-tools-for-stm32.10.3-2021.10.win32_1.0.0.202111181127/tools/bin/../lib/gcc/arm-none-eabi/10.3.1/../../../../arm-none-eabi/lib/thumb/v7-m/nofp\libnosys.a(sbrk.o)
                0x0000000008004edc                _sbrk
 *(.glue_7)
 .glue_7        0x0000000008004ef8        0x0 linker stubs
 *(.glue_7t)
 .glue_7t       0x0000000008004ef8        0x0 linker stubs
 *(.eh_frame)
 .eh_frame      0x0000000008004ef8        0x0 c:/st/stm32cubeide_1.9.0/stm32cubeide/plugins/com.st.stm32cube.ide.mcu.externaltools.gnu-tools-for-stm32.10.3-2021.10.win32_1.0.0.202111181127/tools/bin/../lib/gcc/arm-none-eabi/10.3.1/thumb/v7-m/nofp/crtbegin.o
 *(.init)
 .init          0x0000000008004ef8        0x4 c:/st/stm32cubeide_1.9.0/stm32cubeide/plugins/com.st.stm32cube.ide.mcu.externaltools.gnu-tools-for-stm32.10.3-2021.10.win32_1.0.0.202111181127/tools/bin/../lib/gcc/arm-none-eabi/10.3.1/thumb/v7-m/nofp/crti.o
                0x0000000008004ef8                _init
 .init          0x0000000008004efc        0x8 c:/st/stm32cubeide_1.9.0/stm32cubeide/plugins/com.st.stm32cube.ide.mcu.externaltools.gnu-tools-for-stm32.10.3-2021.10.win32_1.0.0.202111181127/tools/bin/../lib/gcc/arm-none-eabi/10.3.1/thumb/v7-m/nofp/crtn.o
 *(.fini)
 .fini          0x0000000008004f04        0x4 c:/st/stm32cubeide_1.9.0/stm32cubeide/plugins/com.st.stm32cube.ide.mcu.externaltools.gnu-tools-for-stm32.10.3-2021.10.win32_1.0.0.202111181127/tools/bin/../lib/gcc/arm-none-eabi/10.3.1/thumb/v7-m/nofp/crti.o
                0x0000000008004f04                _fini
 .fini          0x0000000008004f08        0x8 c:/st/stm32cubeide_1.9.0/stm32cubeide/plugins/com.st.stm32cube.ide.mcu.externaltools.gnu-tools-for-stm32.10.3-2021.10.win32_1.0.0.202111181127/tools/bin/../lib/gcc/arm-none-eabi/10.3.1/thumb/v7-m/nofp/crtn.o
                0x0000000008004f10                . = ALIGN (0x4)
                0x0000000008004f10                _etext = .

.vfp11_veneer   0x0000000008004f10        0x0
 .vfp11_veneer  0x0000000008004f10        0x0 linker stubs

.v4_bx          0x0000000008004f10        0x0
 .v4_bx         0x0000000008004f10        0x0 linker stubs

.iplt           0x0000000008004f10        0x0
 .iplt          0x0000000008004f10        0x0 c:/st/stm32cubeide_1.9.0/stm32cubeide/plugins/com.st.stm32cube.ide.mcu.externaltools.gnu-tools-for-stm32.10.3-2021.10.win32_1.0.0.202111181127/tools/bin/../lib/gcc/arm-none-eabi/10.3.1/thumb/v7-m/nofp/crtbegin.o

.rodata         0x0000000008004f10      0x254
                0x0000000008004f10                . = ALIGN (0x4)
 *(.rodata)
 .rodata        0x0000000008004f10       0x18 ./Src/system_stm32f1xx.o
                0x0000000008004f10                AHBPrescTable
                0x0000000008004f20                APBPrescTable
 .rodata        0x0000000008004f28        0xf ./Src/xbee.o
 *(.rodata*)
 *fill*         0x0000000008004f37        0x1 
 .rodata.str1.4
                0x0000000008004f38       0x11 ./Drivers/STM32F1xx_HAL_Driver/Src/stm32f1xx_hal_rcc.o
 *fill*         0x0000000008004f49        0x3 
 .rodata.str1.4
                0x0000000008004f4c       0x6c ./Src/lcd_dash.o
 .rodata.str1.4
                0x0000000008004fb8      0x14e ./Src/nextion.o
                                        0x152 (size before relaxing)
 *fill*         0x0000000008005106        0x2 
 .rodata.str1.4
                0x0000000008005108        0x5 ./Src/telemetry.o
 *fill*         0x000000000800510d        0x3 
 .rodata.str1.4
                0x0000000008005110       0x20 ./Src/xbee.o
 .rodata._svfprintf_r.str1.1
                0x0000000008005130       0x11 c:/st/stm32cubeide_1.9.0/stm32cubeide/plugins/com.st.stm32cube.ide.mcu.externaltools.gnu-tools-for-stm32.10.3-2021.10.win32_1.0.0.202111181127/tools/bin/../lib/gcc/arm-none-eabi/10.3.1/../../../../arm-none-eabi/lib/thumb/v7-m/nofp\libc_nano.a(lib_a-nano-svfprintf.o)
 .rodata._printf_i.str1.1
                0x0000000008005141       0x22 c:/st/stm32cubeide_1.9.0/stm32cubeide/plugins/com.st.stm32cube.ide.mcu.externaltools.gnu-tools-for-stm32.10.3-2021.10.win32_1.0.0.202111181127/tools/bin/../lib/gcc/arm-none-eabi/10.3.1/../../../../arm-none-eabi/lib/thumb/v7-m/nofp\libc_nano.a(lib_a-nano-vfprintf_i.o)
                0x0000000008005164                . = ALIGN (0x4)
 *fill*         0x0000000008005163        0x1 

.rel.dyn        0x0000000008005164        0x0
 .rel.iplt      0x0000000008005164        0x0 c:/st/stm32cubeide_1.9.0/stm32cubeide/plugins/com.st.stm32cube.ide.mcu.externaltools.gnu-tools-for-stm32.10.3-2021.10.win32_1.0.0.202111181127/tools/bin/../lib/gcc/arm-none-eabi/10.3.1/thumb/v7-m/nofp/crtbegin.o

.ARM.extab
 *(.ARM.extab* .gnu.linkonce.armextab.*)

.ARM            0x0000000008005164        0x0
                0x0000000008005164                __exidx_start = .
 *(.ARM.exidx*)
                0x0000000008005164                __exidx_end = .

.preinit_array  0x0000000008005164        0x0
                0x0000000008005164                PROVIDE (__preinit_array_start = .)
 *(.preinit_array*)
                0x0000000008005164                PROVIDE (__preinit_array_end = .)

.init_array     0x0000000008005164        0x4
                0x0000000008005164                PROVIDE (__init_array_start = .)
 *(SORT_BY_NAME(.init_array.*))
 *(.init_array*)
 .init_array    0x0000000008005164        0x4 c:/st/stm32cubeide_1.9.0/stm32cubeide/plugins/com.st.stm32cube.ide.mcu.externaltools.gnu-tools-for-stm32.10.3-2021.10.win32_1.0.0.202111181127/tools/bin/../lib/gcc/arm-none-eabi/10.3.1/thumb/v7-m/nofp/crtbegin.o
                0x0000000008005168                PROVIDE (__init_array_end = .)

.fini_array     0x0000000008005168        0x4
                [!provide]                        PROVIDE (__fini_array_start = .)
 *(SORT_BY_NAME(.fini_array.*))
 *(.fini_array*)
 .fini_array    0x0000000008005168        0x4 c:/st/stm32cubeide_1.9.0/stm32cubeide/plugins/com.st.stm32cube.ide.mcu.externaltools.gnu-tools-for-stm32.10.3-2021.10.win32_1.0.0.202111181127/tools/bin/../lib/gcc/arm-none-eabi/10.3.1/thumb/v7-m/nofp/crtbegin.o
                [!provide]                        PROVIDE (__fini_array_end = .)
                0x000000000800516c                _sidata = LOADADDR (.data)

.data           0x0000000020000000       0x84 load address 0x000000000800516c
                0x0000000020000000                . = ALIGN (0x4)
                0x0000000020000000                _sdata = .
 *(.data)
 .data          0x0000000020000000        0x8 ./Drivers/STM32F1xx_HAL_Driver/Src/stm32f1xx_hal.o
                0x0000000020000000                uwTickFreq
                0x0000000020000004                uwTickPrio
 .data          0x0000000020000008        0x9 ./Src/lcd_dash.o
                0x0000000020000008                previus_page
                0x000000002000000c                BRAKE
 *fill*         0x0000000020000011        0x3 
 .data          0x0000000020000014        0x3 ./Src/nextion.o
                0x0000000020000014                ENDTERMS
 *fill*         0x0000000020000017        0x1 
 .data          0x0000000020000018        0x4 ./Src/system_stm32f1xx.o
                0x0000000020000018                SystemCoreClock
 .data          0x000000002000001c        0x1 ./Src/telemetry.o
                0x000000002000001c                PACK
 *(.data*)
 *fill*         0x000000002000001d        0x3 
 .data._impure_ptr
                0x0000000020000020        0x4 c:/st/stm32cubeide_1.9.0/stm32cubeide/plugins/com.st.stm32cube.ide.mcu.externaltools.gnu-tools-for-stm32.10.3-2021.10.win32_1.0.0.202111181127/tools/bin/../lib/gcc/arm-none-eabi/10.3.1/../../../../arm-none-eabi/lib/thumb/v7-m/nofp\libc_nano.a(lib_a-impure.o)
                0x0000000020000020                _impure_ptr
 .data.impure_data
                0x0000000020000024       0x60 c:/st/stm32cubeide_1.9.0/stm32cubeide/plugins/com.st.stm32cube.ide.mcu.externaltools.gnu-tools-for-stm32.10.3-2021.10.win32_1.0.0.202111181127/tools/bin/../lib/gcc/arm-none-eabi/10.3.1/../../../../arm-none-eabi/lib/thumb/v7-m/nofp\libc_nano.a(lib_a-impure.o)
                0x0000000020000084                . = ALIGN (0x4)
                0x0000000020000084                _edata = .

.igot.plt       0x0000000020000084        0x0 load address 0x00000000080051f0
 .igot.plt      0x0000000020000084        0x0 c:/st/stm32cubeide_1.9.0/stm32cubeide/plugins/com.st.stm32cube.ide.mcu.externaltools.gnu-tools-for-stm32.10.3-2021.10.win32_1.0.0.202111181127/tools/bin/../lib/gcc/arm-none-eabi/10.3.1/thumb/v7-m/nofp/crtbegin.o
                0x0000000020000084                . = ALIGN (0x4)

.bss            0x0000000020000084     0x1058 load address 0x00000000080051f0
                0x0000000020000084                _sbss = .
                0x0000000020000084                __bss_start__ = _sbss
 *(.bss)
 .bss           0x0000000020000084       0x1c c:/st/stm32cubeide_1.9.0/stm32cubeide/plugins/com.st.stm32cube.ide.mcu.externaltools.gnu-tools-for-stm32.10.3-2021.10.win32_1.0.0.202111181127/tools/bin/../lib/gcc/arm-none-eabi/10.3.1/thumb/v7-m/nofp/crtbegin.o
 .bss           0x00000000200000a0        0x4 ./Drivers/STM32F1xx_HAL_Driver/Src/stm32f1xx_hal.o
                0x00000000200000a0                uwTick
 .bss           0x00000000200000a4      0x100 ./Src/DMA_USART.o
                0x00000000200000a4                DMA_RX_Buffer_3
                0x0000000020000124                DMA_RX_Buffer_2
 .bss           0x00000000200001a4       0x11 ./Src/Failure.o
                0x00000000200001a4                ERRO_CONTROLE
                0x00000000200001a6                ERRO_INVERSOR
                0x00000000200001a8                ERRO_SEGURANCA
                0x00000000200001aa                actual_erro
                0x00000000200001ac                ERRO
                0x00000000200001b0                flagsTimeout
                0x00000000200001b4                FLAG_POP_UP
 *fill*         0x00000000200001b5        0x3 
 .bss           0x00000000200001b8      0xbc8 ./Src/Interface_Master.o
                0x00000000200001b8                can_vector
                0x0000000020000cf8                actualTimer
                0x0000000020000cfc                vet_aux
                0x0000000020000d7c                auxiliar
 .bss           0x0000000020000d80       0x98 ./Src/can.o
                0x0000000020000d80                hcan
                0x0000000020000da8                sFilterConfig
                0x0000000020000dd0                TxHeader
                0x0000000020000de8                TxMailbox
                0x0000000020000dec                RxData
                0x0000000020000df4                TxData
                0x0000000020000dfc                RxHeader
 .bss           0x0000000020000e18        0xc ./Src/iwdg.o
                0x0000000020000e18                hiwdg
 .bss           0x0000000020000e24       0x58 ./Src/lcd_dash.o
                0x0000000020000e24                NEXTION_UART_BUFFER
                0x0000000020000e44                timer_actual_nextion
                0x0000000020000e48                pageMessageReceived
                0x0000000020000e49                actual_page
                0x0000000020000e4a                CAN_STATE
                0x0000000020000e4c                pageTimeout
                0x0000000020000e50                PAGE
                0x0000000020000e54                AIR
                0x0000000020000e60                MODO
                0x0000000020000e6b                previus_MODO_FLAG
                0x0000000020000e6c                modoTimeout
                0x0000000020000e70                updateTimer
                0x0000000020000e74                botao
                0x0000000020000e75                last_state
                0x0000000020000e76                PAGE_ERRO
                0x0000000020000e78                botaoTimeout
 .bss           0x0000000020000e7c       0x58 ./Src/spi.o
                0x0000000020000e7c                hspi1
 .bss           0x0000000020000ed4        0x4 ./Src/stm32f1xx_it.o
                0x0000000020000ed4                timer_actual
 .bss           0x0000000020000ed8       0x49 ./Src/telemetry.o
                0x0000000020000ed8                XBEE_UART_BUFFER
                0x0000000020000f18                api_length
                0x0000000020000f1a                FLAG_MSG
                0x0000000020000f1b                INFORMACAO
                0x0000000020000f1c                informacaoTimeout
                0x0000000020000f20                _real_clock_received
 *fill*         0x0000000020000f21        0x3 
 .bss           0x0000000020000f24       0x48 ./Src/tim.o
                0x0000000020000f24                htim3
 .bss           0x0000000020000f6c      0x154 ./Src/usart.o
                0x0000000020000f6c                huart2
                0x0000000020000fb0                huart3
                0x0000000020000ff4                hdma_usart2_rx
                0x0000000020001038                hdma_usart3_rx
                0x000000002000107c                hdma_usart3_tx
 .bss           0x00000000200010c0        0x5 ./Src/xbee.o
                0x00000000200010c0                timer_actual_uart
                0x00000000200010c4                mode
 *(.bss*)
 *fill*         0x00000000200010c5        0x3 
 .bss.__malloc_free_list
                0x00000000200010c8        0x4 c:/st/stm32cubeide_1.9.0/stm32cubeide/plugins/com.st.stm32cube.ide.mcu.externaltools.gnu-tools-for-stm32.10.3-2021.10.win32_1.0.0.202111181127/tools/bin/../lib/gcc/arm-none-eabi/10.3.1/../../../../arm-none-eabi/lib/thumb/v7-m/nofp\libc_nano.a(lib_a-nano-mallocr.o)
                0x00000000200010c8                __malloc_free_list
 .bss.__malloc_sbrk_start
                0x00000000200010cc        0x4 c:/st/stm32cubeide_1.9.0/stm32cubeide/plugins/com.st.stm32cube.ide.mcu.externaltools.gnu-tools-for-stm32.10.3-2021.10.win32_1.0.0.202111181127/tools/bin/../lib/gcc/arm-none-eabi/10.3.1/../../../../arm-none-eabi/lib/thumb/v7-m/nofp\libc_nano.a(lib_a-nano-mallocr.o)
                0x00000000200010cc                __malloc_sbrk_start
 .bss.errno     0x00000000200010d0        0x4 c:/st/stm32cubeide_1.9.0/stm32cubeide/plugins/com.st.stm32cube.ide.mcu.externaltools.gnu-tools-for-stm32.10.3-2021.10.win32_1.0.0.202111181127/tools/bin/../lib/gcc/arm-none-eabi/10.3.1/../../../../arm-none-eabi/lib/thumb/v7-m/nofp\libc_nano.a(lib_a-reent.o)
                0x00000000200010d0                errno
 .bss.__lock___malloc_recursive_mutex
                0x00000000200010d4        0x1 c:/st/stm32cubeide_1.9.0/stm32cubeide/plugins/com.st.stm32cube.ide.mcu.externaltools.gnu-tools-for-stm32.10.3-2021.10.win32_1.0.0.202111181127/tools/bin/../lib/gcc/arm-none-eabi/10.3.1/../../../../arm-none-eabi/lib/thumb/v7-m/nofp\libc_nano.a(lib_a-lock.o)
                0x00000000200010d4                __lock___malloc_recursive_mutex
 *fill*         0x00000000200010d5        0x3 
 .bss.heap_end.0
                0x00000000200010d8        0x4 c:/st/stm32cubeide_1.9.0/stm32cubeide/plugins/com.st.stm32cube.ide.mcu.externaltools.gnu-tools-for-stm32.10.3-2021.10.win32_1.0.0.202111181127/tools/bin/../lib/gcc/arm-none-eabi/10.3.1/../../../../arm-none-eabi/lib/thumb/v7-m/nofp\libnosys.a(sbrk.o)
 *(COMMON)
                0x00000000200010dc                . = ALIGN (0x4)
                0x00000000200010dc                _ebss = .
                0x00000000200010dc                __bss_end__ = _ebss

._user_heap_stack
                0x00000000200010dc      0x604 load address 0x00000000080051f0
                0x00000000200010e0                . = ALIGN (0x8)
 *fill*         0x00000000200010dc        0x4 
                0x00000000200010e0                PROVIDE (end = .)
                [!provide]                        PROVIDE (_end = .)
                0x00000000200012e0                . = (. + _Min_Heap_Size)
 *fill*         0x00000000200010e0      0x200 
                0x00000000200016e0                . = (. + _Min_Stack_Size)
 *fill*         0x00000000200012e0      0x400 
                0x00000000200016e0                . = ALIGN (0x8)

/DISCARD/
 libc.a(*)
 libm.a(*)
 libgcc.a(*)

.ARM.attributes
                0x0000000000000000       0x29
 *(.ARM.attributes)
 .ARM.attributes
                0x0000000000000000       0x1d c:/st/stm32cubeide_1.9.0/stm32cubeide/plugins/com.st.stm32cube.ide.mcu.externaltools.gnu-tools-for-stm32.10.3-2021.10.win32_1.0.0.202111181127/tools/bin/../lib/gcc/arm-none-eabi/10.3.1/thumb/v7-m/nofp/crti.o
 .ARM.attributes
                0x000000000000001d       0x2d c:/st/stm32cubeide_1.9.0/stm32cubeide/plugins/com.st.stm32cube.ide.mcu.externaltools.gnu-tools-for-stm32.10.3-2021.10.win32_1.0.0.202111181127/tools/bin/../lib/gcc/arm-none-eabi/10.3.1/thumb/v7-m/nofp/crtbegin.o
 .ARM.attributes
                0x000000000000004a       0x2d ./Drivers/STM32F1xx_HAL_Driver/Src/stm32f1xx_hal.o
 .ARM.attributes
                0x0000000000000077       0x2d ./Drivers/STM32F1xx_HAL_Driver/Src/stm32f1xx_hal_can.o
 .ARM.attributes
                0x00000000000000a4       0x2d ./Drivers/STM32F1xx_HAL_Driver/Src/stm32f1xx_hal_cortex.o
 .ARM.attributes
                0x00000000000000d1       0x2d ./Drivers/STM32F1xx_HAL_Driver/Src/stm32f1xx_hal_dma.o
 .ARM.attributes
                0x00000000000000fe       0x2d ./Drivers/STM32F1xx_HAL_Driver/Src/stm32f1xx_hal_gpio.o
 .ARM.attributes
                0x000000000000012b       0x2d ./Drivers/STM32F1xx_HAL_Driver/Src/stm32f1xx_hal_iwdg.o
 .ARM.attributes
                0x0000000000000158       0x2d ./Drivers/STM32F1xx_HAL_Driver/Src/stm32f1xx_hal_rcc.o
 .ARM.attributes
                0x0000000000000185       0x2d ./Drivers/STM32F1xx_HAL_Driver/Src/stm32f1xx_hal_spi.o
 .ARM.attributes
                0x00000000000001b2       0x2d ./Drivers/STM32F1xx_HAL_Driver/Src/stm32f1xx_hal_tim.o
 .ARM.attributes
                0x00000000000001df       0x2d ./Drivers/STM32F1xx_HAL_Driver/Src/stm32f1xx_hal_tim_ex.o
 .ARM.attributes
                0x000000000000020c       0x2d ./Drivers/STM32F1xx_HAL_Driver/Src/stm32f1xx_hal_uart.o
 .ARM.attributes
                0x0000000000000239       0x2d ./Src/DMA_USART.o
 .ARM.attributes
                0x0000000000000266       0x2d ./Src/Failure.o
 .ARM.attributes
                0x0000000000000293       0x2d ./Src/Interface_Master.o
 .ARM.attributes
                0x00000000000002c0       0x2d ./Src/can.o
 .ARM.attributes
                0x00000000000002ed       0x2d ./Src/dma.o
 .ARM.attributes
                0x000000000000031a       0x2d ./Src/gpio.o
 .ARM.attributes
                0x0000000000000347       0x2d ./Src/iwdg.o
 .ARM.attributes
                0x0000000000000374       0x2d ./Src/lcd_dash.o
 .ARM.attributes
                0x00000000000003a1       0x2d ./Src/main.o
 .ARM.attributes
                0x00000000000003ce       0x2d ./Src/nextion.o
 .ARM.attributes
                0x00000000000003fb       0x2d ./Src/spi.o
 .ARM.attributes
                0x0000000000000428       0x2d ./Src/stm32f1xx_hal_msp.o
 .ARM.attributes
                0x0000000000000455       0x2d ./Src/stm32f1xx_it.o
 .ARM.attributes
                0x0000000000000482       0x2d ./Src/system_stm32f1xx.o
 .ARM.attributes
                0x00000000000004af       0x2d ./Src/telemetry.o
 .ARM.attributes
                0x00000000000004dc       0x2d ./Src/tim.o
 .ARM.attributes
                0x0000000000000509       0x2d ./Src/usart.o
 .ARM.attributes
                0x0000000000000536       0x2d ./Src/xbee.o
 .ARM.attributes
                0x0000000000000563       0x21 ./startup/startup_stm32f103xb.o
 .ARM.attributes
                0x0000000000000584       0x2d c:/st/stm32cubeide_1.9.0/stm32cubeide/plugins/com.st.stm32cube.ide.mcu.externaltools.gnu-tools-for-stm32.10.3-2021.10.win32_1.0.0.202111181127/tools/bin/../lib/gcc/arm-none-eabi/10.3.1/../../../../arm-none-eabi/lib/thumb/v7-m/nofp\libc_nano.a(lib_a-impure.o)
 .ARM.attributes
                0x00000000000005b1       0x2d c:/st/stm32cubeide_1.9.0/stm32cubeide/plugins/com.st.stm32cube.ide.mcu.externaltools.gnu-tools-for-stm32.10.3-2021.10.win32_1.0.0.202111181127/tools/bin/../lib/gcc/arm-none-eabi/10.3.1/../../../../arm-none-eabi/lib/thumb/v7-m/nofp\libc_nano.a(lib_a-init.o)
 .ARM.attributes
                0x00000000000005de       0x2d c:/st/stm32cubeide_1.9.0/stm32cubeide/plugins/com.st.stm32cube.ide.mcu.externaltools.gnu-tools-for-stm32.10.3-2021.10.win32_1.0.0.202111181127/tools/bin/../lib/gcc/arm-none-eabi/10.3.1/../../../../arm-none-eabi/lib/thumb/v7-m/nofp\libc_nano.a(lib_a-memset.o)
 .ARM.attributes
                0x000000000000060b       0x2d c:/st/stm32cubeide_1.9.0/stm32cubeide/plugins/com.st.stm32cube.ide.mcu.externaltools.gnu-tools-for-stm32.10.3-2021.10.win32_1.0.0.202111181127/tools/bin/../lib/gcc/arm-none-eabi/10.3.1/../../../../arm-none-eabi/lib/thumb/v7-m/nofp\libc_nano.a(lib_a-sprintf.o)
 .ARM.attributes
                0x0000000000000638       0x17 c:/st/stm32cubeide_1.9.0/stm32cubeide/plugins/com.st.stm32cube.ide.mcu.externaltools.gnu-tools-for-stm32.10.3-2021.10.win32_1.0.0.202111181127/tools/bin/../lib/gcc/arm-none-eabi/10.3.1/../../../../arm-none-eabi/lib/thumb/v7-m/nofp\libc_nano.a(lib_a-strlen.o)
 .ARM.attributes
                0x000000000000064f       0x2d c:/st/stm32cubeide_1.9.0/stm32cubeide/plugins/com.st.stm32cube.ide.mcu.externaltools.gnu-tools-for-stm32.10.3-2021.10.win32_1.0.0.202111181127/tools/bin/../lib/gcc/arm-none-eabi/10.3.1/../../../../arm-none-eabi/lib/thumb/v7-m/nofp\libc_nano.a(lib_a-nano-svfprintf.o)
 .ARM.attributes
                0x000000000000067c       0x2d c:/st/stm32cubeide_1.9.0/stm32cubeide/plugins/com.st.stm32cube.ide.mcu.externaltools.gnu-tools-for-stm32.10.3-2021.10.win32_1.0.0.202111181127/tools/bin/../lib/gcc/arm-none-eabi/10.3.1/../../../../arm-none-eabi/lib/thumb/v7-m/nofp\libc_nano.a(lib_a-nano-vfprintf_i.o)
 .ARM.attributes
                0x00000000000006a9       0x2d c:/st/stm32cubeide_1.9.0/stm32cubeide/plugins/com.st.stm32cube.ide.mcu.externaltools.gnu-tools-for-stm32.10.3-2021.10.win32_1.0.0.202111181127/tools/bin/../lib/gcc/arm-none-eabi/10.3.1/../../../../arm-none-eabi/lib/thumb/v7-m/nofp\libc_nano.a(lib_a-memchr-stub.o)
 .ARM.attributes
                0x00000000000006d6       0x2d c:/st/stm32cubeide_1.9.0/stm32cubeide/plugins/com.st.stm32cube.ide.mcu.externaltools.gnu-tools-for-stm32.10.3-2021.10.win32_1.0.0.202111181127/tools/bin/../lib/gcc/arm-none-eabi/10.3.1/../../../../arm-none-eabi/lib/thumb/v7-m/nofp\libc_nano.a(lib_a-memcpy-stub.o)
 .ARM.attributes
                0x0000000000000703       0x2d c:/st/stm32cubeide_1.9.0/stm32cubeide/plugins/com.st.stm32cube.ide.mcu.externaltools.gnu-tools-for-stm32.10.3-2021.10.win32_1.0.0.202111181127/tools/bin/../lib/gcc/arm-none-eabi/10.3.1/../../../../arm-none-eabi/lib/thumb/v7-m/nofp\libc_nano.a(lib_a-memmove.o)
 .ARM.attributes
                0x0000000000000730       0x2d c:/st/stm32cubeide_1.9.0/stm32cubeide/plugins/com.st.stm32cube.ide.mcu.externaltools.gnu-tools-for-stm32.10.3-2021.10.win32_1.0.0.202111181127/tools/bin/../lib/gcc/arm-none-eabi/10.3.1/../../../../arm-none-eabi/lib/thumb/v7-m/nofp\libc_nano.a(lib_a-nano-freer.o)
 .ARM.attributes
                0x000000000000075d       0x2d c:/st/stm32cubeide_1.9.0/stm32cubeide/plugins/com.st.stm32cube.ide.mcu.externaltools.gnu-tools-for-stm32.10.3-2021.10.win32_1.0.0.202111181127/tools/bin/../lib/gcc/arm-none-eabi/10.3.1/../../../../arm-none-eabi/lib/thumb/v7-m/nofp\libc_nano.a(lib_a-nano-mallocr.o)
 .ARM.attributes
                0x000000000000078a       0x2d c:/st/stm32cubeide_1.9.0/stm32cubeide/plugins/com.st.stm32cube.ide.mcu.externaltools.gnu-tools-for-stm32.10.3-2021.10.win32_1.0.0.202111181127/tools/bin/../lib/gcc/arm-none-eabi/10.3.1/../../../../arm-none-eabi/lib/thumb/v7-m/nofp\libc_nano.a(lib_a-nano-reallocr.o)
 .ARM.attributes
                0x00000000000007b7       0x2d c:/st/stm32cubeide_1.9.0/stm32cubeide/plugins/com.st.stm32cube.ide.mcu.externaltools.gnu-tools-for-stm32.10.3-2021.10.win32_1.0.0.202111181127/tools/bin/../lib/gcc/arm-none-eabi/10.3.1/../../../../arm-none-eabi/lib/thumb/v7-m/nofp\libc_nano.a(lib_a-sbrkr.o)
 .ARM.attributes
                0x00000000000007e4       0x2d c:/st/stm32cubeide_1.9.0/stm32cubeide/plugins/com.st.stm32cube.ide.mcu.externaltools.gnu-tools-for-stm32.10.3-2021.10.win32_1.0.0.202111181127/tools/bin/../lib/gcc/arm-none-eabi/10.3.1/../../../../arm-none-eabi/lib/thumb/v7-m/nofp\libc_nano.a(lib_a-mlock.o)
 .ARM.attributes
                0x0000000000000811       0x2d c:/st/stm32cubeide_1.9.0/stm32cubeide/plugins/com.st.stm32cube.ide.mcu.externaltools.gnu-tools-for-stm32.10.3-2021.10.win32_1.0.0.202111181127/tools/bin/../lib/gcc/arm-none-eabi/10.3.1/../../../../arm-none-eabi/lib/thumb/v7-m/nofp\libc_nano.a(lib_a-nano-msizer.o)
 .ARM.attributes
                0x000000000000083e       0x2d c:/st/stm32cubeide_1.9.0/stm32cubeide/plugins/com.st.stm32cube.ide.mcu.externaltools.gnu-tools-for-stm32.10.3-2021.10.win32_1.0.0.202111181127/tools/bin/../lib/gcc/arm-none-eabi/10.3.1/../../../../arm-none-eabi/lib/thumb/v7-m/nofp\libc_nano.a(lib_a-reent.o)
 .ARM.attributes
                0x000000000000086b       0x2d c:/st/stm32cubeide_1.9.0/stm32cubeide/plugins/com.st.stm32cube.ide.mcu.externaltools.gnu-tools-for-stm32.10.3-2021.10.win32_1.0.0.202111181127/tools/bin/../lib/gcc/arm-none-eabi/10.3.1/../../../../arm-none-eabi/lib/thumb/v7-m/nofp\libc_nano.a(lib_a-lock.o)
 .ARM.attributes
                0x0000000000000898       0x1d c:/st/stm32cubeide_1.9.0/stm32cubeide/plugins/com.st.stm32cube.ide.mcu.externaltools.gnu-tools-for-stm32.10.3-2021.10.win32_1.0.0.202111181127/tools/bin/../lib/gcc/arm-none-eabi/10.3.1/thumb/v7-m/nofp\libgcc.a(_arm_mulsf3.o)
 .ARM.attributes
                0x00000000000008b5       0x1d c:/st/stm32cubeide_1.9.0/stm32cubeide/plugins/com.st.stm32cube.ide.mcu.externaltools.gnu-tools-for-stm32.10.3-2021.10.win32_1.0.0.202111181127/tools/bin/../lib/gcc/arm-none-eabi/10.3.1/thumb/v7-m/nofp\libgcc.a(_arm_addsubdf3.o)
 .ARM.attributes
                0x00000000000008d2       0x1d c:/st/stm32cubeide_1.9.0/stm32cubeide/plugins/com.st.stm32cube.ide.mcu.externaltools.gnu-tools-for-stm32.10.3-2021.10.win32_1.0.0.202111181127/tools/bin/../lib/gcc/arm-none-eabi/10.3.1/thumb/v7-m/nofp\libgcc.a(_arm_muldivdf3.o)
 .ARM.attributes
                0x00000000000008ef       0x1d c:/st/stm32cubeide_1.9.0/stm32cubeide/plugins/com.st.stm32cube.ide.mcu.externaltools.gnu-tools-for-stm32.10.3-2021.10.win32_1.0.0.202111181127/tools/bin/../lib/gcc/arm-none-eabi/10.3.1/thumb/v7-m/nofp\libgcc.a(_arm_fixunsdfsi.o)
 .ARM.attributes
                0x000000000000090c       0x1d c:/st/stm32cubeide_1.9.0/stm32cubeide/plugins/com.st.stm32cube.ide.mcu.externaltools.gnu-tools-for-stm32.10.3-2021.10.win32_1.0.0.202111181127/tools/bin/../lib/gcc/arm-none-eabi/10.3.1/thumb/v7-m/nofp\libgcc.a(_arm_truncdfsf2.o)
 .ARM.attributes
                0x0000000000000929       0x2d c:/st/stm32cubeide_1.9.0/stm32cubeide/plugins/com.st.stm32cube.ide.mcu.externaltools.gnu-tools-for-stm32.10.3-2021.10.win32_1.0.0.202111181127/tools/bin/../lib/gcc/arm-none-eabi/10.3.1/../../../../arm-none-eabi/lib/thumb/v7-m/nofp\libnosys.a(sbrk.o)
 .ARM.attributes
                0x0000000000000956       0x1d c:/st/stm32cubeide_1.9.0/stm32cubeide/plugins/com.st.stm32cube.ide.mcu.externaltools.gnu-tools-for-stm32.10.3-2021.10.win32_1.0.0.202111181127/tools/bin/../lib/gcc/arm-none-eabi/10.3.1/thumb/v7-m/nofp/crtn.o
OUTPUT(Interface_Master.elf elf32-littlearm)
LOAD linker stubs
LOAD c:/st/stm32cubeide_1.9.0/stm32cubeide/plugins/com.st.stm32cube.ide.mcu.externaltools.gnu-tools-for-stm32.10.3-2021.10.win32_1.0.0.202111181127/tools/bin/../lib/gcc/arm-none-eabi/10.3.1/../../../../arm-none-eabi/lib/thumb/v7-m/nofp\libc.a
LOAD c:/st/stm32cubeide_1.9.0/stm32cubeide/plugins/com.st.stm32cube.ide.mcu.externaltools.gnu-tools-for-stm32.10.3-2021.10.win32_1.0.0.202111181127/tools/bin/../lib/gcc/arm-none-eabi/10.3.1/../../../../arm-none-eabi/lib/thumb/v7-m/nofp\libm.a
LOAD c:/st/stm32cubeide_1.9.0/stm32cubeide/plugins/com.st.stm32cube.ide.mcu.externaltools.gnu-tools-for-stm32.10.3-2021.10.win32_1.0.0.202111181127/tools/bin/../lib/gcc/arm-none-eabi/10.3.1/thumb/v7-m/nofp\libgcc.a

.debug_info     0x0000000000000000    0x170f5
 .debug_info    0x0000000000000000      0x7d4 ./Drivers/STM32F1xx_HAL_Driver/Src/stm32f1xx_hal.o
 .debug_info    0x00000000000007d4     0x125e ./Drivers/STM32F1xx_HAL_Driver/Src/stm32f1xx_hal_can.o
 .debug_info    0x0000000000001a32      0xd8e ./Drivers/STM32F1xx_HAL_Driver/Src/stm32f1xx_hal_cortex.o
 .debug_info    0x00000000000027c0      0x846 ./Drivers/STM32F1xx_HAL_Driver/Src/stm32f1xx_hal_dma.o
 .debug_info    0x0000000000003006      0x673 ./Drivers/STM32F1xx_HAL_Driver/Src/stm32f1xx_hal_gpio.o
 .debug_info    0x0000000000003679      0x20d ./Drivers/STM32F1xx_HAL_Driver/Src/stm32f1xx_hal_iwdg.o
 .debug_info    0x0000000000003886      0xa57 ./Drivers/STM32F1xx_HAL_Driver/Src/stm32f1xx_hal_rcc.o
 .debug_info    0x00000000000042dd     0x1d9d ./Drivers/STM32F1xx_HAL_Driver/Src/stm32f1xx_hal_spi.o
 .debug_info    0x000000000000607a     0x3b53 ./Drivers/STM32F1xx_HAL_Driver/Src/stm32f1xx_hal_tim.o
 .debug_info    0x0000000000009bcd     0x1aaf ./Drivers/STM32F1xx_HAL_Driver/Src/stm32f1xx_hal_tim_ex.o
 .debug_info    0x000000000000b67c     0x1cc2 ./Drivers/STM32F1xx_HAL_Driver/Src/stm32f1xx_hal_uart.o
 .debug_info    0x000000000000d33e      0x793 ./Src/DMA_USART.o
 .debug_info    0x000000000000dad1      0x3d5 ./Src/Failure.o
 .debug_info    0x000000000000dea6      0xa20 ./Src/Interface_Master.o
 .debug_info    0x000000000000e8c6      0xd20 ./Src/can.o
 .debug_info    0x000000000000f5e6      0x376 ./Src/dma.o
 .debug_info    0x000000000000f95c      0x3d2 ./Src/gpio.o
 .debug_info    0x000000000000fd2e      0x1eb ./Src/iwdg.o
 .debug_info    0x000000000000ff19      0xced ./Src/lcd_dash.o
 .debug_info    0x0000000000010c06      0x5b8 ./Src/main.o
 .debug_info    0x00000000000111be     0x1a1a ./Src/nextion.o
 .debug_info    0x0000000000012bd8      0x8a2 ./Src/spi.o
 .debug_info    0x000000000001347a      0x215 ./Src/stm32f1xx_hal_msp.o
 .debug_info    0x000000000001368f      0xeac ./Src/stm32f1xx_it.o
 .debug_info    0x000000000001453b      0x40b ./Src/system_stm32f1xx.o
 .debug_info    0x0000000000014946      0x71c ./Src/telemetry.o
 .debug_info    0x0000000000015062      0x8da ./Src/tim.o
 .debug_info    0x000000000001593c      0xc3f ./Src/usart.o
 .debug_info    0x000000000001657b      0xb58 ./Src/xbee.o
 .debug_info    0x00000000000170d3       0x22 ./startup/startup_stm32f103xb.o

.debug_abbrev   0x0000000000000000     0x3d5a
 .debug_abbrev  0x0000000000000000      0x233 ./Drivers/STM32F1xx_HAL_Driver/Src/stm32f1xx_hal.o
 .debug_abbrev  0x0000000000000233      0x259 ./Drivers/STM32F1xx_HAL_Driver/Src/stm32f1xx_hal_can.o
 .debug_abbrev  0x000000000000048c      0x344 ./Drivers/STM32F1xx_HAL_Driver/Src/stm32f1xx_hal_cortex.o
 .debug_abbrev  0x00000000000007d0      0x244 ./Drivers/STM32F1xx_HAL_Driver/Src/stm32f1xx_hal_dma.o
 .debug_abbrev  0x0000000000000a14      0x1e9 ./Drivers/STM32F1xx_HAL_Driver/Src/stm32f1xx_hal_gpio.o
 .debug_abbrev  0x0000000000000bfd      0x139 ./Drivers/STM32F1xx_HAL_Driver/Src/stm32f1xx_hal_iwdg.o
 .debug_abbrev  0x0000000000000d36      0x29d ./Drivers/STM32F1xx_HAL_Driver/Src/stm32f1xx_hal_rcc.o
 .debug_abbrev  0x0000000000000fd3      0x273 ./Drivers/STM32F1xx_HAL_Driver/Src/stm32f1xx_hal_spi.o
 .debug_abbrev  0x0000000000001246      0x263 ./Drivers/STM32F1xx_HAL_Driver/Src/stm32f1xx_hal_tim.o
 .debug_abbrev  0x00000000000014a9      0x25d ./Drivers/STM32F1xx_HAL_Driver/Src/stm32f1xx_hal_tim_ex.o
 .debug_abbrev  0x0000000000001706      0x28c ./Drivers/STM32F1xx_HAL_Driver/Src/stm32f1xx_hal_uart.o
 .debug_abbrev  0x0000000000001992      0x205 ./Src/DMA_USART.o
 .debug_abbrev  0x0000000000001b97      0x19c ./Src/Failure.o
 .debug_abbrev  0x0000000000001d33      0x2fc ./Src/Interface_Master.o
 .debug_abbrev  0x000000000000202f      0x280 ./Src/can.o
 .debug_abbrev  0x00000000000022af      0x11e ./Src/dma.o
 .debug_abbrev  0x00000000000023cd      0x14f ./Src/gpio.o
 .debug_abbrev  0x000000000000251c      0x148 ./Src/iwdg.o
 .debug_abbrev  0x0000000000002664      0x2b4 ./Src/lcd_dash.o
 .debug_abbrev  0x0000000000002918      0x1d7 ./Src/main.o
 .debug_abbrev  0x0000000000002aef      0x2e6 ./Src/nextion.o
 .debug_abbrev  0x0000000000002dd5      0x1f7 ./Src/spi.o
 .debug_abbrev  0x0000000000002fcc       0xe8 ./Src/stm32f1xx_hal_msp.o
 .debug_abbrev  0x00000000000030b4      0x28f ./Src/stm32f1xx_it.o
 .debug_abbrev  0x0000000000003343      0x141 ./Src/system_stm32f1xx.o
 .debug_abbrev  0x0000000000003484      0x1f3 ./Src/telemetry.o
 .debug_abbrev  0x0000000000003677      0x1fd ./Src/tim.o
 .debug_abbrev  0x0000000000003874      0x228 ./Src/usart.o
 .debug_abbrev  0x0000000000003a9c      0x2ac ./Src/xbee.o
 .debug_abbrev  0x0000000000003d48       0x12 ./startup/startup_stm32f103xb.o

.debug_loc      0x0000000000000000     0xdc27
 .debug_loc     0x0000000000000000      0x141 ./Drivers/STM32F1xx_HAL_Driver/Src/stm32f1xx_hal.o
 .debug_loc     0x0000000000000141      0xdb6 ./Drivers/STM32F1xx_HAL_Driver/Src/stm32f1xx_hal_can.o
 .debug_loc     0x0000000000000ef7      0x71f ./Drivers/STM32F1xx_HAL_Driver/Src/stm32f1xx_hal_cortex.o
 .debug_loc     0x0000000000001616      0x7d1 ./Drivers/STM32F1xx_HAL_Driver/Src/stm32f1xx_hal_dma.o
 .debug_loc     0x0000000000001de7      0x47d ./Drivers/STM32F1xx_HAL_Driver/Src/stm32f1xx_hal_gpio.o
 .debug_loc     0x0000000000002264       0x86 ./Drivers/STM32F1xx_HAL_Driver/Src/stm32f1xx_hal_iwdg.o
 .debug_loc     0x00000000000022ea      0x63e ./Drivers/STM32F1xx_HAL_Driver/Src/stm32f1xx_hal_rcc.o
 .debug_loc     0x0000000000002928     0x1d4e ./Drivers/STM32F1xx_HAL_Driver/Src/stm32f1xx_hal_spi.o
 .debug_loc     0x0000000000004676     0x47a8 ./Drivers/STM32F1xx_HAL_Driver/Src/stm32f1xx_hal_tim.o
 .debug_loc     0x0000000000008e1e     0x1ade ./Drivers/STM32F1xx_HAL_Driver/Src/stm32f1xx_hal_tim_ex.o
 .debug_loc     0x000000000000a8fc     0x2037 ./Drivers/STM32F1xx_HAL_Driver/Src/stm32f1xx_hal_uart.o
 .debug_loc     0x000000000000c933       0x47 ./Src/DMA_USART.o
 .debug_loc     0x000000000000c97a       0xc0 ./Src/Failure.o
 .debug_loc     0x000000000000ca3a       0xe5 ./Src/Interface_Master.o
 .debug_loc     0x000000000000cb1f       0xb9 ./Src/can.o
 .debug_loc     0x000000000000cbd8       0x22 ./Src/lcd_dash.o
 .debug_loc     0x000000000000cbfa      0xb9d ./Src/nextion.o
 .debug_loc     0x000000000000d797       0x84 ./Src/spi.o
 .debug_loc     0x000000000000d81b       0x15 ./Src/stm32f1xx_hal_msp.o
 .debug_loc     0x000000000000d830       0xff ./Src/system_stm32f1xx.o
 .debug_loc     0x000000000000d92f      0x137 ./Src/telemetry.o
 .debug_loc     0x000000000000da66       0xac ./Src/usart.o
 .debug_loc     0x000000000000db12      0x115 ./Src/xbee.o

.debug_aranges  0x0000000000000000     0x1268
 .debug_aranges
                0x0000000000000000       0xe0 ./Drivers/STM32F1xx_HAL_Driver/Src/stm32f1xx_hal.o
 .debug_aranges
                0x00000000000000e0      0x138 ./Drivers/STM32F1xx_HAL_Driver/Src/stm32f1xx_hal_can.o
 .debug_aranges
                0x0000000000000218       0x90 ./Drivers/STM32F1xx_HAL_Driver/Src/stm32f1xx_hal_cortex.o
 .debug_aranges
                0x00000000000002a8       0x80 ./Drivers/STM32F1xx_HAL_Driver/Src/stm32f1xx_hal_dma.o
 .debug_aranges
                0x0000000000000328       0x58 ./Drivers/STM32F1xx_HAL_Driver/Src/stm32f1xx_hal_gpio.o
 .debug_aranges
                0x0000000000000380       0x28 ./Drivers/STM32F1xx_HAL_Driver/Src/stm32f1xx_hal_iwdg.o
 .debug_aranges
                0x00000000000003a8       0x90 ./Drivers/STM32F1xx_HAL_Driver/Src/stm32f1xx_hal_rcc.o
 .debug_aranges
                0x0000000000000438      0x1d0 ./Drivers/STM32F1xx_HAL_Driver/Src/stm32f1xx_hal_spi.o
 .debug_aranges
                0x0000000000000608      0x3d0 ./Drivers/STM32F1xx_HAL_Driver/Src/stm32f1xx_hal_tim.o
 .debug_aranges
                0x00000000000009d8      0x168 ./Drivers/STM32F1xx_HAL_Driver/Src/stm32f1xx_hal_tim_ex.o
 .debug_aranges
                0x0000000000000b40      0x200 ./Drivers/STM32F1xx_HAL_Driver/Src/stm32f1xx_hal_uart.o
 .debug_aranges
                0x0000000000000d40       0x28 ./Src/DMA_USART.o
 .debug_aranges
                0x0000000000000d68       0x38 ./Src/Failure.o
 .debug_aranges
                0x0000000000000da0       0x68 ./Src/Interface_Master.o
 .debug_aranges
                0x0000000000000e08       0x30 ./Src/can.o
 .debug_aranges
                0x0000000000000e38       0x20 ./Src/dma.o
 .debug_aranges
                0x0000000000000e58       0x20 ./Src/gpio.o
 .debug_aranges
                0x0000000000000e78       0x20 ./Src/iwdg.o
 .debug_aranges
                0x0000000000000e98       0x60 ./Src/lcd_dash.o
 .debug_aranges
                0x0000000000000ef8       0x38 ./Src/main.o
 .debug_aranges
                0x0000000000000f30      0x108 ./Src/nextion.o
 .debug_aranges
                0x0000000000001038       0x30 ./Src/spi.o
 .debug_aranges
                0x0000000000001068       0x20 ./Src/stm32f1xx_hal_msp.o
 .debug_aranges
                0x0000000000001088       0xa0 ./Src/stm32f1xx_it.o
 .debug_aranges
                0x0000000000001128       0x28 ./Src/system_stm32f1xx.o
 .debug_aranges
                0x0000000000001150       0x60 ./Src/telemetry.o
 .debug_aranges
                0x00000000000011b0       0x30 ./Src/tim.o
 .debug_aranges
                0x00000000000011e0       0x38 ./Src/usart.o
 .debug_aranges
                0x0000000000001218       0x28 ./Src/xbee.o
 .debug_aranges
                0x0000000000001240       0x28 ./startup/startup_stm32f103xb.o

.debug_ranges   0x0000000000000000     0x1128
 .debug_ranges  0x0000000000000000       0xd0 ./Drivers/STM32F1xx_HAL_Driver/Src/stm32f1xx_hal.o
 .debug_ranges  0x00000000000000d0      0x128 ./Drivers/STM32F1xx_HAL_Driver/Src/stm32f1xx_hal_can.o
 .debug_ranges  0x00000000000001f8       0xe0 ./Drivers/STM32F1xx_HAL_Driver/Src/stm32f1xx_hal_cortex.o
 .debug_ranges  0x00000000000002d8       0x70 ./Drivers/STM32F1xx_HAL_Driver/Src/stm32f1xx_hal_dma.o
 .debug_ranges  0x0000000000000348       0x48 ./Drivers/STM32F1xx_HAL_Driver/Src/stm32f1xx_hal_gpio.o
 .debug_ranges  0x0000000000000390       0x18 ./Drivers/STM32F1xx_HAL_Driver/Src/stm32f1xx_hal_iwdg.o
 .debug_ranges  0x00000000000003a8       0xa0 ./Drivers/STM32F1xx_HAL_Driver/Src/stm32f1xx_hal_rcc.o
 .debug_ranges  0x0000000000000448      0x1c0 ./Drivers/STM32F1xx_HAL_Driver/Src/stm32f1xx_hal_spi.o
 .debug_ranges  0x0000000000000608      0x3c0 ./Drivers/STM32F1xx_HAL_Driver/Src/stm32f1xx_hal_tim.o
 .debug_ranges  0x00000000000009c8      0x158 ./Drivers/STM32F1xx_HAL_Driver/Src/stm32f1xx_hal_tim_ex.o
 .debug_ranges  0x0000000000000b20      0x1f0 ./Drivers/STM32F1xx_HAL_Driver/Src/stm32f1xx_hal_uart.o
 .debug_ranges  0x0000000000000d10       0x18 ./Src/DMA_USART.o
 .debug_ranges  0x0000000000000d28       0x28 ./Src/Failure.o
 .debug_ranges  0x0000000000000d50       0x58 ./Src/Interface_Master.o
 .debug_ranges  0x0000000000000da8       0x20 ./Src/can.o
 .debug_ranges  0x0000000000000dc8       0x10 ./Src/dma.o
 .debug_ranges  0x0000000000000dd8       0x10 ./Src/gpio.o
 .debug_ranges  0x0000000000000de8       0x10 ./Src/iwdg.o
 .debug_ranges  0x0000000000000df8       0x50 ./Src/lcd_dash.o
 .debug_ranges  0x0000000000000e48       0x28 ./Src/main.o
 .debug_ranges  0x0000000000000e70       0xf8 ./Src/nextion.o
 .debug_ranges  0x0000000000000f68       0x20 ./Src/spi.o
 .debug_ranges  0x0000000000000f88       0x10 ./Src/stm32f1xx_hal_msp.o
 .debug_ranges  0x0000000000000f98       0x90 ./Src/stm32f1xx_it.o
 .debug_ranges  0x0000000000001028       0x18 ./Src/system_stm32f1xx.o
 .debug_ranges  0x0000000000001040       0x50 ./Src/telemetry.o
 .debug_ranges  0x0000000000001090       0x20 ./Src/tim.o
 .debug_ranges  0x00000000000010b0       0x28 ./Src/usart.o
 .debug_ranges  0x00000000000010d8       0x30 ./Src/xbee.o
 .debug_ranges  0x0000000000001108       0x20 ./startup/startup_stm32f103xb.o

.debug_macro    0x0000000000000000    0x1ab67
 .debug_macro   0x0000000000000000      0x1e5 ./Drivers/STM32F1xx_HAL_Driver/Src/stm32f1xx_hal.o
 .debug_macro   0x00000000000001e5      0xa72 ./Drivers/STM32F1xx_HAL_Driver/Src/stm32f1xx_hal.o
 .debug_macro   0x0000000000000c57      0x233 ./Drivers/STM32F1xx_HAL_Driver/Src/stm32f1xx_hal.o
 .debug_macro   0x0000000000000e8a       0x2e ./Drivers/STM32F1xx_HAL_Driver/Src/stm32f1xx_hal.o
 .debug_macro   0x0000000000000eb8       0x22 ./Drivers/STM32F1xx_HAL_Driver/Src/stm32f1xx_hal.o
 .debug_macro   0x0000000000000eda       0x22 ./Drivers/STM32F1xx_HAL_Driver/Src/stm32f1xx_hal.o
 .debug_macro   0x0000000000000efc       0x8e ./Drivers/STM32F1xx_HAL_Driver/Src/stm32f1xx_hal.o
 .debug_macro   0x0000000000000f8a       0x51 ./Drivers/STM32F1xx_HAL_Driver/Src/stm32f1xx_hal.o
 .debug_macro   0x0000000000000fdb      0x103 ./Drivers/STM32F1xx_HAL_Driver/Src/stm32f1xx_hal.o
 .debug_macro   0x00000000000010de       0x6a ./Drivers/STM32F1xx_HAL_Driver/Src/stm32f1xx_hal.o
 .debug_macro   0x0000000000001148      0x1df ./Drivers/STM32F1xx_HAL_Driver/Src/stm32f1xx_hal.o
 .debug_macro   0x0000000000001327       0x1c ./Drivers/STM32F1xx_HAL_Driver/Src/stm32f1xx_hal.o
 .debug_macro   0x0000000000001343       0x22 ./Drivers/STM32F1xx_HAL_Driver/Src/stm32f1xx_hal.o
 .debug_macro   0x0000000000001365       0xbd ./Drivers/STM32F1xx_HAL_Driver/Src/stm32f1xx_hal.o
 .debug_macro   0x0000000000001422      0xd23 ./Drivers/STM32F1xx_HAL_Driver/Src/stm32f1xx_hal.o
 .debug_macro   0x0000000000002145     0xe09e ./Drivers/STM32F1xx_HAL_Driver/Src/stm32f1xx_hal.o
 .debug_macro   0x00000000000101e3       0x6d ./Drivers/STM32F1xx_HAL_Driver/Src/stm32f1xx_hal.o
 .debug_macro   0x0000000000010250     0x3468 ./Drivers/STM32F1xx_HAL_Driver/Src/stm32f1xx_hal.o
 .debug_macro   0x00000000000136b8      0x174 ./Drivers/STM32F1xx_HAL_Driver/Src/stm32f1xx_hal.o
 .debug_macro   0x000000000001382c       0x50 ./Drivers/STM32F1xx_HAL_Driver/Src/stm32f1xx_hal.o
 .debug_macro   0x000000000001387c      0x5be ./Drivers/STM32F1xx_HAL_Driver/Src/stm32f1xx_hal.o
 .debug_macro   0x0000000000013e3a      0x289 ./Drivers/STM32F1xx_HAL_Driver/Src/stm32f1xx_hal.o
 .debug_macro   0x00000000000140c3      0x1cb ./Drivers/STM32F1xx_HAL_Driver/Src/stm32f1xx_hal.o
 .debug_macro   0x000000000001428e      0x114 ./Drivers/STM32F1xx_HAL_Driver/Src/stm32f1xx_hal.o
 .debug_macro   0x00000000000143a2      0x1b2 ./Drivers/STM32F1xx_HAL_Driver/Src/stm32f1xx_hal.o
 .debug_macro   0x0000000000014554       0x27 ./Drivers/STM32F1xx_HAL_Driver/Src/stm32f1xx_hal.o
 .debug_macro   0x000000000001457b      0x136 ./Drivers/STM32F1xx_HAL_Driver/Src/stm32f1xx_hal.o
 .debug_macro   0x00000000000146b1      0x1bc ./Drivers/STM32F1xx_HAL_Driver/Src/stm32f1xx_hal.o
 .debug_macro   0x000000000001486d       0x34 ./Drivers/STM32F1xx_HAL_Driver/Src/stm32f1xx_hal.o
 .debug_macro   0x00000000000148a1       0x3c ./Drivers/STM32F1xx_HAL_Driver/Src/stm32f1xx_hal.o
 .debug_macro   0x00000000000148dd      0x408 ./Drivers/STM32F1xx_HAL_Driver/Src/stm32f1xx_hal.o
 .debug_macro   0x0000000000014ce5       0x57 ./Drivers/STM32F1xx_HAL_Driver/Src/stm32f1xx_hal.o
 .debug_macro   0x0000000000014d3c       0x88 ./Drivers/STM32F1xx_HAL_Driver/Src/stm32f1xx_hal.o
 .debug_macro   0x0000000000014dc4      0x241 ./Drivers/STM32F1xx_HAL_Driver/Src/stm32f1xx_hal.o
 .debug_macro   0x0000000000015005       0x78 ./Drivers/STM32F1xx_HAL_Driver/Src/stm32f1xx_hal.o
 .debug_macro   0x000000000001507d      0x141 ./Drivers/STM32F1xx_HAL_Driver/Src/stm32f1xx_hal.o
 .debug_macro   0x00000000000151be      0x217 ./Drivers/STM32F1xx_HAL_Driver/Src/stm32f1xx_hal.o
 .debug_macro   0x00000000000153d5      0x8d1 ./Drivers/STM32F1xx_HAL_Driver/Src/stm32f1xx_hal.o
 .debug_macro   0x0000000000015ca6      0x279 ./Drivers/STM32F1xx_HAL_Driver/Src/stm32f1xx_hal.o
 .debug_macro   0x0000000000015f1f       0x83 ./Drivers/STM32F1xx_HAL_Driver/Src/stm32f1xx_hal.o
 .debug_macro   0x0000000000015fa2      0x1c9 ./Drivers/STM32F1xx_HAL_Driver/Src/stm32f1xx_hal_can.o
 .debug_macro   0x000000000001616b      0x1c1 ./Drivers/STM32F1xx_HAL_Driver/Src/stm32f1xx_hal_cortex.o
 .debug_macro   0x000000000001632c      0x1c1 ./Drivers/STM32F1xx_HAL_Driver/Src/stm32f1xx_hal_dma.o
 .debug_macro   0x00000000000164ed      0x22c ./Drivers/STM32F1xx_HAL_Driver/Src/stm32f1xx_hal_gpio.o
 .debug_macro   0x0000000000016719      0x1cd ./Drivers/STM32F1xx_HAL_Driver/Src/stm32f1xx_hal_iwdg.o
 .debug_macro   0x00000000000168e6      0x1d3 ./Drivers/STM32F1xx_HAL_Driver/Src/stm32f1xx_hal_rcc.o
 .debug_macro   0x0000000000016ab9      0x1c9 ./Drivers/STM32F1xx_HAL_Driver/Src/stm32f1xx_hal_spi.o
 .debug_macro   0x0000000000016c82      0x1c2 ./Drivers/STM32F1xx_HAL_Driver/Src/stm32f1xx_hal_tim.o
 .debug_macro   0x0000000000016e44      0x1c1 ./Drivers/STM32F1xx_HAL_Driver/Src/stm32f1xx_hal_tim_ex.o
 .debug_macro   0x0000000000017005      0x1c2 ./Drivers/STM32F1xx_HAL_Driver/Src/stm32f1xx_hal_uart.o
 .debug_macro   0x00000000000171c7      0x29e ./Src/DMA_USART.o
 .debug_macro   0x0000000000017465       0x52 ./Src/DMA_USART.o
 .debug_macro   0x00000000000174b7       0x18 ./Src/DMA_USART.o
 .debug_macro   0x00000000000174cf       0x3c ./Src/DMA_USART.o
 .debug_macro   0x000000000001750b       0x34 ./Src/DMA_USART.o
 .debug_macro   0x000000000001753f       0x16 ./Src/DMA_USART.o
 .debug_macro   0x0000000000017555       0x43 ./Src/DMA_USART.o
 .debug_macro   0x0000000000017598       0x34 ./Src/DMA_USART.o
 .debug_macro   0x00000000000175cc       0x10 ./Src/DMA_USART.o
 .debug_macro   0x00000000000175dc       0x58 ./Src/DMA_USART.o
 .debug_macro   0x0000000000017634       0x71 ./Src/DMA_USART.o
 .debug_macro   0x00000000000176a5       0x1c ./Src/DMA_USART.o
 .debug_macro   0x00000000000176c1      0x12a ./Src/DMA_USART.o
 .debug_macro   0x00000000000177eb      0x341 ./Src/DMA_USART.o
 .debug_macro   0x0000000000017b2c       0x10 ./Src/DMA_USART.o
 .debug_macro   0x0000000000017b3c       0x35 ./Src/DMA_USART.o
 .debug_macro   0x0000000000017b71       0x20 ./Src/DMA_USART.o
 .debug_macro   0x0000000000017b91       0x16 ./Src/DMA_USART.o
 .debug_macro   0x0000000000017ba7      0x328 ./Src/Failure.o
 .debug_macro   0x0000000000017ecf      0x124 ./Src/Failure.o
 .debug_macro   0x0000000000017ff3       0x58 ./Src/Failure.o
 .debug_macro   0x000000000001804b       0xa0 ./Src/Failure.o
 .debug_macro   0x00000000000180eb       0x10 ./Src/Failure.o
 .debug_macro   0x00000000000180fb      0x3a3 ./Src/Interface_Master.o
 .debug_macro   0x000000000001849e       0x1c ./Src/Interface_Master.o
 .debug_macro   0x00000000000184ba       0x10 ./Src/Interface_Master.o
 .debug_macro   0x00000000000184ca       0x1c ./Src/Interface_Master.o
 .debug_macro   0x00000000000184e6       0x52 ./Src/Interface_Master.o
 .debug_macro   0x0000000000018538       0x22 ./Src/Interface_Master.o
 .debug_macro   0x000000000001855a       0x10 ./Src/Interface_Master.o
 .debug_macro   0x000000000001856a       0x52 ./Src/Interface_Master.o
 .debug_macro   0x00000000000185bc       0xd5 ./Src/Interface_Master.o
 .debug_macro   0x0000000000018691       0x1c ./Src/Interface_Master.o
 .debug_macro   0x00000000000186ad       0x3d ./Src/Interface_Master.o
 .debug_macro   0x00000000000186ea       0x16 ./Src/Interface_Master.o
 .debug_macro   0x0000000000018700      0x145 ./Src/Interface_Master.o
 .debug_macro   0x0000000000018845      0x1e0 ./Src/can.o
 .debug_macro   0x0000000000018a25       0x9a ./Src/can.o
 .debug_macro   0x0000000000018abf      0x1da ./Src/dma.o