Archive member included to satisfy reference by file (symbol)

c:/st/stm32cubeide_1.9.0/stm32cubeide/plugins/com.st.stm32cube.ide.mcu.externaltools.gnu-tools-for-stm32.10.3-2021.10.win32_1.0.0.202111181127/tools/bin/../lib/gcc/arm-none-eabi/10.3.1/../../../../arm-none-eabi/lib/thumb/v7-m/nofp\libc_nano.a(lib_a-exit.o)
                              c:/st/stm32cubeide_1.9.0/stm32cubeide/plugins/com.st.stm32cube.ide.mcu.externaltools.gnu-tools-for-stm32.10.3-2021.10.win32_1.0.0.202111181127/tools/bin/../lib/gcc/arm-none-eabi/10.3.1/../../../../arm-none-eabi/lib/thumb/v7-m/nofp/crt0.o (exit)
c:/st/stm32cubeide_1.9.0/stm32cubeide/plugins/com.st.stm32cube.ide.mcu.externaltools.gnu-tools-for-stm32.10.3-2021.10.win32_1.0.0.202111181127/tools/bin/../lib/gcc/arm-none-eabi/10.3.1/../../../../arm-none-eabi/lib/thumb/v7-m/nofp\libc_nano.a(lib_a-impure.o)
                              c:/st/stm32cubeide_1.9.0/stm32cubeide/plugins/com.st.stm32cube.ide.mcu.externaltools.gnu-tools-for-stm32.10.3-2021.10.win32_1.0.0.202111181127/tools/bin/../lib/gcc/arm-none-eabi/10.3.1/../../../../arm-none-eabi/lib/thumb/v7-m/nofp\libc_nano.a(lib_a-exit.o) (_global_impure_ptr)
c:/st/stm32cubeide_1.9.0/stm32cubeide/plugins/com.st.stm32cube.ide.mcu.externaltools.gnu-tools-for-stm32.10.3-2021.10.win32_1.0.0.202111181127/tools/bin/../lib/gcc/arm-none-eabi/10.3.1/../../../../arm-none-eabi/lib/thumb/v7-m/nofp\libc_nano.a(lib_a-init.o)
                              c:/st/stm32cubeide_1.9.0/stm32cubeide/plugins/com.st.stm32cube.ide.mcu.externaltools.gnu-tools-for-stm32.10.3-2021.10.win32_1.0.0.202111181127/tools/bin/../lib/gcc/arm-none-eabi/10.3.1/../../../../arm-none-eabi/lib/thumb/v7-m/nofp/crt0.o (__libc_init_array)
c:/st/stm32cubeide_1.9.0/stm32cubeide/plugins/com.st.stm32cube.ide.mcu.externaltools.gnu-tools-for-stm32.10.3-2021.10.win32_1.0.0.202111181127/tools/bin/../lib/gcc/arm-none-eabi/10.3.1/../../../../arm-none-eabi/lib/thumb/v7-m/nofp\libc_nano.a(lib_a-memcpy-stub.o)
                              ./Src/DMA_USART.o (memcpy)
c:/st/stm32cubeide_1.9.0/stm32cubeide/plugins/com.st.stm32cube.ide.mcu.externaltools.gnu-tools-for-stm32.10.3-2021.10.win32_1.0.0.202111181127/tools/bin/../lib/gcc/arm-none-eabi/10.3.1/../../../../arm-none-eabi/lib/thumb/v7-m/nofp\libc_nano.a(lib_a-memset.o)
                              c:/st/stm32cubeide_1.9.0/stm32cubeide/plugins/com.st.stm32cube.ide.mcu.externaltools.gnu-tools-for-stm32.10.3-2021.10.win32_1.0.0.202111181127/tools/bin/../lib/gcc/arm-none-eabi/10.3.1/../../../../arm-none-eabi/lib/thumb/v7-m/nofp/crt0.o (memset)
c:/st/stm32cubeide_1.9.0/stm32cubeide/plugins/com.st.stm32cube.ide.mcu.externaltools.gnu-tools-for-stm32.10.3-2021.10.win32_1.0.0.202111181127/tools/bin/../lib/gcc/arm-none-eabi/10.3.1/../../../../arm-none-eabi/lib/thumb/v7-m/nofp\libc_nano.a(lib_a-sprintf.o)
                              ./Src/nextion.o (sprintf)
c:/st/stm32cubeide_1.9.0/stm32cubeide/plugins/com.st.stm32cube.ide.mcu.externaltools.gnu-tools-for-stm32.10.3-2021.10.win32_1.0.0.202111181127/tools/bin/../lib/gcc/arm-none-eabi/10.3.1/../../../../arm-none-eabi/lib/thumb/v7-m/nofp\libc_nano.a(lib_a-strlen.o)
                              ./Src/nextion.o (strlen)
c:/st/stm32cubeide_1.9.0/stm32cubeide/plugins/com.st.stm32cube.ide.mcu.externaltools.gnu-tools-for-stm32.10.3-2021.10.win32_1.0.0.202111181127/tools/bin/../lib/gcc/arm-none-eabi/10.3.1/../../../../arm-none-eabi/lib/thumb/v7-m/nofp\libc_nano.a(lib_a-strncpy.o)
                              ./Src/nextion.o (strncpy)
c:/st/stm32cubeide_1.9.0/stm32cubeide/plugins/com.st.stm32cube.ide.mcu.externaltools.gnu-tools-for-stm32.10.3-2021.10.win32_1.0.0.202111181127/tools/bin/../lib/gcc/arm-none-eabi/10.3.1/../../../../arm-none-eabi/lib/thumb/v7-m/nofp\libc_nano.a(lib_a-vsprintf.o)
                              ./Src/Interface_Master.o (vsprintf)
c:/st/stm32cubeide_1.9.0/stm32cubeide/plugins/com.st.stm32cube.ide.mcu.externaltools.gnu-tools-for-stm32.10.3-2021.10.win32_1.0.0.202111181127/tools/bin/../lib/gcc/arm-none-eabi/10.3.1/../../../../arm-none-eabi/lib/thumb/v7-m/nofp\libc_nano.a(lib_a-nano-svfprintf.o)
                              c:/st/stm32cubeide_1.9.0/stm32cubeide/plugins/com.st.stm32cube.ide.mcu.externaltools.gnu-tools-for-stm32.10.3-2021.10.win32_1.0.0.202111181127/tools/bin/../lib/gcc/arm-none-eabi/10.3.1/../../../../arm-none-eabi/lib/thumb/v7-m/nofp\libc_nano.a(lib_a-sprintf.o) (_svfprintf_r)
c:/st/stm32cubeide_1.9.0/stm32cubeide/plugins/com.st.stm32cube.ide.mcu.externaltools.gnu-tools-for-stm32.10.3-2021.10.win32_1.0.0.202111181127/tools/bin/../lib/gcc/arm-none-eabi/10.3.1/../../../../arm-none-eabi/lib/thumb/v7-m/nofp\libc_nano.a(lib_a-nano-vfprintf_i.o)
                              c:/st/stm32cubeide_1.9.0/stm32cubeide/plugins/com.st.stm32cube.ide.mcu.externaltools.gnu-tools-for-stm32.10.3-2021.10.win32_1.0.0.202111181127/tools/bin/../lib/gcc/arm-none-eabi/10.3.1/../../../../arm-none-eabi/lib/thumb/v7-m/nofp\libc_nano.a(lib_a-nano-svfprintf.o) (_printf_i)
[...]
Memory Configuration

Name             Origin             Length             Attributes
RAM              0x0000000020000000 0x0000000000005000 xrw
FLASH            0x0000000008000000 0x0000000000010000 xr
*default*        0x0000000000000000 0xffffffffffffffff

Linker script and memory map

LOAD c:/st/stm32cubeide_1.9.0/stm32cubeide/plugins/com.st.stm32cube.ide.mcu.externaltools.gnu-tools-for-stm32.10.3-2021.10.win32_1.0.0.202111181127/tools/bin/../lib/gcc/arm-none-eabi/10.3.1/thumb/v7-m/nofp/crti.o
LOAD c:/st/stm32cubeide_1.9.0/stm32cubeide/plugins/com.st.stm32cube.ide.mcu.externaltools.gnu-tools-for-stm32.10.3-2021.10.win32_1.0.0.202111181127/tools/bin/../lib/gcc/arm-none-eabi/10.3.1/thumb/v7-m/nofp/crtbegin.o
LOAD c:/st/stm32cubeide_1.9.0/stm32cubeide/plugins/com.st.stm32cube.ide.mcu.externaltools.gnu-tools-for-stm32.10.3-2021.10.win32_1.0.0.202111181127/tools/bin/../lib/gcc/arm-none-eabi/10.3.1/../../../../arm-none-eabi/lib/thumb/v7-m/nofp/crt0.o
LOAD ./Drivers/STM32F1xx_HAL_Driver/Src/stm32f1xx_hal.o
LOAD ./Drivers/STM32F1xx_HAL_Driver/Src/stm32f1xx_hal_can.o
LOAD ./Drivers/STM32F1xx_HAL_Driver/Src/stm32f1xx_hal_cortex.o
LOAD ./Drivers/STM32F1xx_HAL_Driver/Src/stm32f1xx_hal_dma.o
LOAD ./Drivers/STM32F1xx_HAL_Driver/Src/stm32f1xx_hal_exti.o
LOAD ./Drivers/STM32F1xx_HAL_Driver/Src/stm32f1xx_hal_flash.o
LOAD ./Drivers/STM32F1xx_HAL_Driver/Src/stm32f1xx_hal_flash_ex.o
LOAD ./Drivers/STM32F1xx_HAL_Driver/Src/stm32f1xx_hal_gpio.o
LOAD ./Drivers/STM32F1xx_HAL_Driver/Src/stm32f1xx_hal_gpio_ex.o
LOAD ./Drivers/STM32F1xx_HAL_Driver/Src/stm32f1xx_hal_iwdg.o
LOAD ./Drivers/STM32F1xx_HAL_Driver/Src/stm32f1xx_hal_pwr.o
LOAD ./Drivers/STM32F1xx_HAL_Driver/Src/stm32f1xx_hal_rcc.o
LOAD ./Drivers/STM32F1xx_HAL_Driver/Src/stm32f1xx_hal_rcc_ex.o
LOAD ./Drivers/STM32F1xx_HAL_Driver/Src/stm32f1xx_hal_spi.o
LOAD ./Drivers/STM32F1xx_HAL_Driver/Src/stm32f1xx_hal_tim.o
LOAD ./Drivers/STM32F1xx_HAL_Driver/Src/stm32f1xx_hal_tim_ex.o
LOAD ./Drivers/STM32F1xx_HAL_Driver/Src/stm32f1xx_hal_uart.o
LOAD ./Src/DMA_USART.o
LOAD ./Src/Interface_Master.o
LOAD ./Src/can.o
LOAD ./Src/dma.o
LOAD ./Src/gpio.o
LOAD ./Src/iwdg.o
LOAD ./Src/lcd_dash.o
LOAD ./Src/main.o
LOAD ./Src/nextion.o
LOAD ./Src/spi.o
LOAD ./Src/stm32f1xx_hal_msp.o
LOAD ./Src/stm32f1xx_it.o
LOAD ./Src/system_stm32f1xx.o
LOAD ./Src/telemetry.o
LOAD ./Src/tim.o
LOAD ./Src/usart.o
LOAD ./Src/xbee.o
LOAD ./startup/startup_stm32f103xb.o
START GROUP
LOAD c:/st/stm32cubeide_1.9.0/stm32cubeide/plugins/com.st.stm32cube.ide.mcu.externaltools.gnu-tools-for-stm32.10.3-2021.10.win32_1.0.0.202111181127/tools/bin/../lib/gcc/arm-none-eabi/10.3.1/../../../../arm-none-eabi/lib/thumb/v7-m/nofp\libstdc++_nano.a
LOAD c:/st/stm32cubeide_1.9.0/stm32cubeide/plugins/com.st.stm32cube.ide.mcu.externaltools.gnu-tools-for-stm32.10.3-2021.10.win32_1.0.0.202111181127/tools/bin/../lib/gcc/arm-none-eabi/10.3.1/../../../../arm-none-eabi/lib/thumb/v7-m/nofp\libsupc++_nano.a
END GROUP
LOAD c:/st/stm32cubeide_1.9.0/stm32cubeide/plugins/com.st.stm32cube.ide.mcu.externaltools.gnu-tools-for-stm32.10.3-2021.10.win32_1.0.0.202111181127/tools/bin/../lib/gcc/arm-none-eabi/10.3.1/../../../../arm-none-eabi/lib/thumb/v7-m/nofp\libstdc++_nano.a
LOAD c:/st/stm32cubeide_1.9.0/stm32cubeide/plugins/com.st.stm32cube.ide.mcu.externaltools.gnu-tools-for-stm32.10.3-2021.10.win32_1.0.0.202111181127/tools/bin/../lib/gcc/arm-none-eabi/10.3.1/../../../../arm-none-eabi/lib/thumb/v7-m/nofp\libm.a
LOAD c:/st/stm32cubeide_1.9.0/stm32cubeide/plugins/com.st.stm32cube.ide.mcu.externaltools.gnu-tools-for-stm32.10.3-2021.10.win32_1.0.0.202111181127/tools/bin/../lib/gcc/arm-none-eabi/10.3.1/../../../../arm-none-eabi/lib/thumb/v7-m/nofp\libc_nano.a
START GROUP
LOAD c:/st/stm32cubeide_1.9.0/stm32cubeide/plugins/com.st.stm32cube.ide.mcu.externaltools.gnu-tools-for-stm32.10.3-2021.10.win32_1.0.0.202111181127/tools/bin/../lib/gcc/arm-none-eabi/10.3.1/thumb/v7-m/nofp\libgcc.a
LOAD c:/st/stm32cubeide_1.9.0/stm32cubeide/plugins/com.st.stm32cube.ide.mcu.externaltools.gnu-tools-for-stm32.10.3-2021.10.win32_1.0.0.202111181127/tools/bin/../lib/gcc/arm-none-eabi/10.3.1/../../../../arm-none-eabi/lib/thumb/v7-m/nofp\libc_nano.a
END GROUP
START GROUP
LOAD c:/st/stm32cubeide_1.9.0/stm32cubeide/plugins/com.st.stm32cube.ide.mcu.externaltools.gnu-tools-for-stm32.10.3-2021.10.win32_1.0.0.202111181127/tools/bin/../lib/gcc/arm-none-eabi/10.3.1/thumb/v7-m/nofp\libgcc.a
LOAD c:/st/stm32cubeide_1.9.0/stm32cubeide/plugins/com.st.stm32cube.ide.mcu.externaltools.gnu-tools-for-stm32.10.3-2021.10.win32_1.0.0.202111181127/tools/bin/../lib/gcc/arm-none-eabi/10.3.1/../../../../arm-none-eabi/lib/thumb/v7-m/nofp\libc_nano.a
LOAD c:/st/stm32cubeide_1.9.0/stm32cubeide/plugins/com.st.stm32cube.ide.mcu.externaltools.gnu-tools-for-stm32.10.3-2021.10.win32_1.0.0.202111181127/tools/bin/../lib/gcc/arm-none-eabi/10.3.1/../../../../arm-none-eabi/lib/thumb/v7-m/nofp\libnosys.a
END GROUP
START GROUP
LOAD c:/st/stm32cubeide_1.9.0/stm32cubeide/plugins/com.st.stm32cube.ide.mcu.externaltools.gnu-tools-for-stm32.10.3-2021.10.win32_1.0.0.202111181127/tools/bin/../lib/gcc/arm-none-eabi/10.3.1/thumb/v7-m/nofp\libgcc.a
LOAD c:/st/stm32cubeide_1.9.0/stm32cubeide/plugins/com.st.stm32cube.ide.mcu.externaltools.gnu-tools-for-stm32.10.3-2021.10.win32_1.0.0.202111181127/tools/bin/../lib/gcc/arm-none-eabi/10.3.1/../../../../arm-none-eabi/lib/thumb/v7-m/nofp\libc_nano.a
LOAD c:/st/stm32cubeide_1.9.0/stm32cubeide/plugins/com.st.stm32cube.ide.mcu.externaltools.gnu-tools-for-stm32.10.3-2021.10.win32_1.0.0.202111181127/tools/bin/../lib/gcc/arm-none-eabi/10.3.1/../../../../arm-none-eabi/lib/thumb/v7-m/nofp\libnosys.a
END GROUP
LOAD c:/st/stm32cubeide_1.9.0/stm32cubeide/plugins/com.st.stm32cube.ide.mcu.externaltools.gnu-tools-for-stm32.10.3-2021.10.win32_1.0.0.202111181127/tools/bin/../lib/gcc/arm-none-eabi/10.3.1/thumb/v7-m/nofp/crtend.o
LOAD c:/st/stm32cubeide_1.9.0/stm32cubeide/plugins/com.st.stm32cube.ide.mcu.externaltools.gnu-tools-for-stm32.10.3-2021.10.win32_1.0.0.202111181127/tools/bin/../lib/gcc/arm-none-eabi/10.3.1/thumb/v7-m/nofp/crtn.o
                0x0000000020005000                _estack = 0x20005000
                0x0000000000000200                _Min_Heap_Size = 0x200
                0x0000000000000400                _Min_Stack_Size = 0x400

.isr_vector     0x0000000008000000      0x10c
                0x0000000008000000                . = ALIGN (0x4)
 *(.isr_vector)
 .isr_vector    0x0000000008000000      0x10c ./startup/startup_stm32f103xb.o
                0x0000000008000000                g_pfnVectors
                0x000000000800010c                . = ALIGN (0x4)

.text           0x000000000800010c     0x3cc4
                0x000000000800010c                . = ALIGN (0x4)
 *(.text)
 .text          0x000000000800010c       0x40 c:/st/stm32cubeide_1.9.0/stm32cubeide/plugins/com.st.stm32cube.ide.mcu.externaltools.gnu-tools-for-stm32.10.3-2021.10.win32_1.0.0.202111181127/tools/bin/../lib/gcc/arm-none-eabi/10.3.1/thumb/v7-m/nofp/crtbegin.o
 .text          0x000000000800014c       0x10 c:/st/stm32cubeide_1.9.0/stm32cubeide/plugins/com.st.stm32cube.ide.mcu.externaltools.gnu-tools-for-stm32.10.3-2021.10.win32_1.0.0.202111181127/tools/bin/../lib/gcc/arm-none-eabi/10.3.1/../../../../arm-none-eabi/lib/thumb/v7-m/nofp\libc_nano.a(lib_a-strlen.o)
                0x000000000800014c                strlen
 *(.text*)
 .text.HAL_InitTick
                0x000000000800015c       0x48 ./Drivers/STM32F1xx_HAL_Driver/Src/stm32f1xx_hal.o
                0x000000000800015c                HAL_InitTick
 .text.HAL_Init
                0x00000000080001a4       0x24 ./Drivers/STM32F1xx_HAL_Driver/Src/stm32f1xx_hal.o
                0x00000000080001a4                HAL_Init
 .text.HAL_IncTick
                0x00000000080001c8       0x18 ./Drivers/STM32F1xx_HAL_Driver/Src/stm32f1xx_hal.o
                0x00000000080001c8                HAL_IncTick
 .text.HAL_GetTick
                0x00000000080001e0        0xc ./Drivers/STM32F1xx_HAL_Driver/Src/stm32f1xx_hal.o
                0x00000000080001e0                HAL_GetTick
 .text.HAL_Delay
                0x00000000080001ec       0x28 ./Drivers/STM32F1xx_HAL_Driver/Src/stm32f1xx_hal.o
                0x00000000080001ec                HAL_Delay
 .text.HAL_CAN_Init
                0x0000000008000214      0x14c ./Drivers/STM32F1xx_HAL_Driver/Src/stm32f1xx_hal_can.o
                0x0000000008000214                HAL_CAN_Init
 .text.HAL_CAN_ConfigFilter
                0x0000000008000360      0x10c ./Drivers/STM32F1xx_HAL_Driver/Src/stm32f1xx_hal_can.o
                0x0000000008000360                HAL_CAN_ConfigFilter
 .text.HAL_CAN_Start
                0x000000000800046c       0x5c ./Drivers/STM32F1xx_HAL_Driver/Src/stm32f1xx_hal_can.o
                0x000000000800046c                HAL_CAN_Start
 .text.HAL_CAN_GetRxMessage
                0x00000000080004c8      0x156 ./Drivers/STM32F1xx_HAL_Driver/Src/stm32f1xx_hal_can.o
                0x00000000080004c8                HAL_CAN_GetRxMessage
 .text.HAL_CAN_ActivateNotification
                0x000000000800061e       0x24 ./Drivers/STM32F1xx_HAL_Driver/Src/stm32f1xx_hal_can.o
                0x000000000800061e                HAL_CAN_ActivateNotification
 .text.HAL_CAN_TxMailbox0CompleteCallback
                0x0000000008000642        0x2 ./Drivers/STM32F1xx_HAL_Driver/Src/stm32f1xx_hal_can.o
                0x0000000008000642                HAL_CAN_TxMailbox0CompleteCallback
 .text.HAL_CAN_TxMailbox1CompleteCallback
                0x0000000008000644        0x2 ./Drivers/STM32F1xx_HAL_Driver/Src/stm32f1xx_hal_can.o
                0x0000000008000644                HAL_CAN_TxMailbox1CompleteCallback
 .text.HAL_CAN_TxMailbox2CompleteCallback
                0x0000000008000646        0x2 ./Drivers/STM32F1xx_HAL_Driver/Src/stm32f1xx_hal_can.o
                0x0000000008000646                HAL_CAN_TxMailbox2CompleteCallback
 .text.HAL_CAN_TxMailbox0AbortCallback
                0x0000000008000648        0x2 ./Drivers/STM32F1xx_HAL_Driver/Src/stm32f1xx_hal_can.o
                0x0000000008000648                HAL_CAN_TxMailbox0AbortCallback
 .text.HAL_CAN_TxMailbox1AbortCallback
                0x000000000800064a        0x2 ./Drivers/STM32F1xx_HAL_Driver/Src/stm32f1xx_hal_can.o
                0x000000000800064a                HAL_CAN_TxMailbox1AbortCallback
 .text.HAL_CAN_TxMailbox2AbortCallback
                0x000000000800064c        0x2 ./Drivers/STM32F1xx_HAL_Driver/Src/stm32f1xx_hal_can.o
                0x000000000800064c                HAL_CAN_TxMailbox2AbortCallback
 .text.HAL_CAN_RxFifo0MsgPendingCallback
                0x000000000800064e        0x2 ./Drivers/STM32F1xx_HAL_Driver/Src/stm32f1xx_hal_can.o
                0x000000000800064e                HAL_CAN_RxFifo0MsgPendingCallback
 .text.HAL_CAN_RxFifo0FullCallback
                0x0000000008000650        0x2 ./Drivers/STM32F1xx_HAL_Driver/Src/stm32f1xx_hal_can.o
                0x0000000008000650                HAL_CAN_RxFifo0FullCallback
 .text.HAL_CAN_RxFifo1MsgPendingCallback
                0x0000000008000652        0x2 ./Drivers/STM32F1xx_HAL_Driver/Src/stm32f1xx_hal_can.o
                0x0000000008000652                HAL_CAN_RxFifo1MsgPendingCallback
 .text.HAL_CAN_RxFifo1FullCallback
                0x0000000008000654        0x2 ./Drivers/STM32F1xx_HAL_Driver/Src/stm32f1xx_hal_can.o
                0x0000000008000654                HAL_CAN_RxFifo1FullCallback
 .text.HAL_CAN_SleepCallback
                0x0000000008000656        0x2 ./Drivers/STM32F1xx_HAL_Driver/Src/stm32f1xx_hal_can.o
                0x0000000008000656                HAL_CAN_SleepCallback
 .text.HAL_CAN_WakeUpFromRxMsgCallback
                0x0000000008000658        0x2 ./Drivers/STM32F1xx_HAL_Driver/Src/stm32f1xx_hal_can.o
                0x0000000008000658                HAL_CAN_WakeUpFromRxMsgCallback
 .text.HAL_CAN_ErrorCallback
                0x000000000800065a        0x2 ./Drivers/STM32F1xx_HAL_Driver/Src/stm32f1xx_hal_can.o
                0x000000000800065a                HAL_CAN_ErrorCallback
 .text.HAL_CAN_IRQHandler
                0x000000000800065c      0x24a ./Drivers/STM32F1xx_HAL_Driver/Src/stm32f1xx_hal_can.o
                0x000000000800065c                HAL_CAN_IRQHandler
 *fill*         0x00000000080008a6        0x2 
 .text.HAL_NVIC_SetPriorityGrouping
                0x00000000080008a8       0x24 ./Drivers/STM32F1xx_HAL_Driver/Src/stm32f1xx_hal_cortex.o
                0x00000000080008a8                HAL_NVIC_SetPriorityGrouping
 .text.HAL_NVIC_SetPriority
                0x00000000080008cc       0x70 ./Drivers/STM32F1xx_HAL_Driver/Src/stm32f1xx_hal_cortex.o
                0x00000000080008cc                HAL_NVIC_SetPriority
 .text.HAL_NVIC_EnableIRQ
                0x000000000800093c       0x1c ./Drivers/STM32F1xx_HAL_Driver/Src/stm32f1xx_hal_cortex.o
                0x000000000800093c                HAL_NVIC_EnableIRQ
 .text.HAL_SYSTICK_Config
                0x0000000008000958       0x28 ./Drivers/STM32F1xx_HAL_Driver/Src/stm32f1xx_hal_cortex.o
                0x0000000008000958                HAL_SYSTICK_Config
 .text.DMA_SetConfig
                0x0000000008000980       0x2c ./Drivers/STM32F1xx_HAL_Driver/Src/stm32f1xx_hal_dma.o
 .text.HAL_DMA_Init
                0x00000000080009ac       0x6c ./Drivers/STM32F1xx_HAL_Driver/Src/stm32f1xx_hal_dma.o
                0x00000000080009ac                HAL_DMA_Init
 .text.HAL_DMA_Start_IT
                0x0000000008000a18       0x74 ./Drivers/STM32F1xx_HAL_Driver/Src/stm32f1xx_hal_dma.o
                0x0000000008000a18                HAL_DMA_Start_IT
 .text.HAL_DMA_Abort
                0x0000000008000a8c       0x44 ./Drivers/STM32F1xx_HAL_Driver/Src/stm32f1xx_hal_dma.o
                0x0000000008000a8c                HAL_DMA_Abort
 .text.HAL_DMA_Abort_IT
                0x0000000008000ad0       0x98 ./Drivers/STM32F1xx_HAL_Driver/Src/stm32f1xx_hal_dma.o
                0x0000000008000ad0                HAL_DMA_Abort_IT
 .text.HAL_DMA_IRQHandler
                0x0000000008000b68      0x144 ./Drivers/STM32F1xx_HAL_Driver/Src/stm32f1xx_hal_dma.o
                0x0000000008000b68                HAL_DMA_IRQHandler
 .text.HAL_GPIO_Init
                0x0000000008000cac      0x224 ./Drivers/STM32F1xx_HAL_Driver/Src/stm32f1xx_hal_gpio.o
                0x0000000008000cac                HAL_GPIO_Init
 .text.HAL_GPIO_ReadPin
                0x0000000008000ed0        0xe ./Drivers/STM32F1xx_HAL_Driver/Src/stm32f1xx_hal_gpio.o
                0x0000000008000ed0                HAL_GPIO_ReadPin
 .text.HAL_GPIO_WritePin
                0x0000000008000ede        0xc ./Drivers/STM32F1xx_HAL_Driver/Src/stm32f1xx_hal_gpio.o
                0x0000000008000ede                HAL_GPIO_WritePin
 .text.HAL_GPIO_TogglePin
                0x0000000008000eea       0x12 ./Drivers/STM32F1xx_HAL_Driver/Src/stm32f1xx_hal_gpio.o
                0x0000000008000eea                HAL_GPIO_TogglePin
 .text.HAL_IWDG_Init
                0x0000000008000efc       0x58 ./Drivers/STM32F1xx_HAL_Driver/Src/stm32f1xx_hal_iwdg.o
                0x0000000008000efc                HAL_IWDG_Init
 .text.HAL_IWDG_Refresh
                0x0000000008000f54        0xc ./Drivers/STM32F1xx_HAL_Driver/Src/stm32f1xx_hal_iwdg.o
                0x0000000008000f54                HAL_IWDG_Refresh
 .text.RCC_Delay
                0x0000000008000f60       0x2c ./Drivers/STM32F1xx_HAL_Driver/Src/stm32f1xx_hal_rcc.o
 .text.HAL_RCC_OscConfig
                0x0000000008000f8c      0x410 ./Drivers/STM32F1xx_HAL_Driver/Src/stm32f1xx_hal_rcc.o
                0x0000000008000f8c                HAL_RCC_OscConfig
 .text.HAL_RCC_GetSysClockFreq
                0x000000000800139c       0x70 ./Drivers/STM32F1xx_HAL_Driver/Src/stm32f1xx_hal_rcc.o
                0x000000000800139c                HAL_RCC_GetSysClockFreq
 .text.HAL_RCC_ClockConfig
                0x000000000800140c      0x16c ./Drivers/STM32F1xx_HAL_Driver/Src/stm32f1xx_hal_rcc.o
                0x000000000800140c                HAL_RCC_ClockConfig
 .text.HAL_RCC_GetHCLKFreq
                0x0000000008001578        0xc ./Drivers/STM32F1xx_HAL_Driver/Src/stm32f1xx_hal_rcc.o
                0x0000000008001578                HAL_RCC_GetHCLKFreq
 .text.HAL_RCC_GetPCLK1Freq
                0x0000000008001584       0x20 ./Drivers/STM32F1xx_HAL_Driver/Src/stm32f1xx_hal_rcc.o
                0x0000000008001584                HAL_RCC_GetPCLK1Freq
 .text.HAL_RCC_GetPCLK2Freq
                0x00000000080015a4       0x20 ./Drivers/STM32F1xx_HAL_Driver/Src/stm32f1xx_hal_rcc.o
                0x00000000080015a4                HAL_RCC_GetPCLK2Freq
 .text.HAL_SPI_Init
                0x00000000080015c4       0xb6 ./Drivers/STM32F1xx_HAL_Driver/Src/stm32f1xx_hal_spi.o
                0x00000000080015c4                HAL_SPI_Init
 .text.TIM_TI1_ConfigInputStage
                0x000000000800167a       0x24 ./Drivers/STM32F1xx_HAL_Driver/Src/stm32f1xx_hal_tim.o
 .text.TIM_TI2_ConfigInputStage
                0x000000000800169e       0x26 ./Drivers/STM32F1xx_HAL_Driver/Src/stm32f1xx_hal_tim.o
 .text.TIM_ITRx_SetConfig
                0x00000000080016c4       0x10 ./Drivers/STM32F1xx_HAL_Driver/Src/stm32f1xx_hal_tim.o
 .text.TIM_Base_SetConfig
                0x00000000080016d4       0x74 ./Drivers/STM32F1xx_HAL_Driver/Src/stm32f1xx_hal_tim.o
                0x00000000080016d4                TIM_Base_SetConfig
 .text.HAL_TIM_Base_Init
                0x0000000008001748       0x58 ./Drivers/STM32F1xx_HAL_Driver/Src/stm32f1xx_hal_tim.o
                0x0000000008001748                HAL_TIM_Base_Init
 .text.TIM_ETR_SetConfig
                0x00000000080017a0       0x18 ./Drivers/STM32F1xx_HAL_Driver/Src/stm32f1xx_hal_tim.o
                0x00000000080017a0                TIM_ETR_SetConfig
 .text.HAL_TIM_ConfigClockSource
                0x00000000080017b8       0xda ./Drivers/STM32F1xx_HAL_Driver/Src/stm32f1xx_hal_tim.o
                0x00000000080017b8                HAL_TIM_ConfigClockSource
 *fill*         0x0000000008001892        0x2 
 .text.HAL_TIMEx_MasterConfigSynchronization
                0x0000000008001894       0x6c ./Drivers/STM32F1xx_HAL_Driver/Src/stm32f1xx_hal_tim_ex.o
                0x0000000008001894                HAL_TIMEx_MasterConfigSynchronization
 .text.UART_EndTxTransfer
                0x0000000008001900       0x12 ./Drivers/STM32F1xx_HAL_Driver/Src/stm32f1xx_hal_uart.o
 .text.UART_EndRxTransfer
                0x0000000008001912       0x32 ./Drivers/STM32F1xx_HAL_Driver/Src/stm32f1xx_hal_uart.o
 .text.UART_Transmit_IT
                0x0000000008001944       0x60 ./Drivers/STM32F1xx_HAL_Driver/Src/stm32f1xx_hal_uart.o
 .text.UART_SetConfig
                0x00000000080019a4       0x94 ./Drivers/STM32F1xx_HAL_Driver/Src/stm32f1xx_hal_uart.o
 .text.UART_WaitOnFlagUntilTimeout
                0x0000000008001a38       0x6c ./Drivers/STM32F1xx_HAL_Driver/Src/stm32f1xx_hal_uart.o
 .text.HAL_UART_Init
                0x0000000008001aa4       0x5e ./Drivers/STM32F1xx_HAL_Driver/Src/stm32f1xx_hal_uart.o
                0x0000000008001aa4                HAL_UART_Init
 .text.HAL_UART_Transmit
                0x0000000008001b02       0xd8 ./Drivers/STM32F1xx_HAL_Driver/Src/stm32f1xx_hal_uart.o
                0x0000000008001b02                HAL_UART_Transmit
 .text.HAL_UART_Receive
                0x0000000008001bda       0xe4 ./Drivers/STM32F1xx_HAL_Driver/Src/stm32f1xx_hal_uart.o
                0x0000000008001bda                HAL_UART_Receive
 .text.HAL_UART_TxCpltCallback
                0x0000000008001cbe        0x2 ./Drivers/STM32F1xx_HAL_Driver/Src/stm32f1xx_hal_uart.o
                0x0000000008001cbe                HAL_UART_TxCpltCallback
 .text.UART_EndTransmit_IT
                0x0000000008001cc0       0x1a ./Drivers/STM32F1xx_HAL_Driver/Src/stm32f1xx_hal_uart.o
 .text.HAL_UART_RxCpltCallback
                0x0000000008001cda        0x2 ./Drivers/STM32F1xx_HAL_Driver/Src/stm32f1xx_hal_uart.o
                0x0000000008001cda                HAL_UART_RxCpltCallback
 .text.HAL_UART_RxHalfCpltCallback
                0x0000000008001cdc        0x2 ./Drivers/STM32F1xx_HAL_Driver/Src/stm32f1xx_hal_uart.o
                0x0000000008001cdc                HAL_UART_RxHalfCpltCallback
 .text.HAL_UART_ErrorCallback
                0x0000000008001cde        0x2 ./Drivers/STM32F1xx_HAL_Driver/Src/stm32f1xx_hal_uart.o
                0x0000000008001cde                HAL_UART_ErrorCallback
 .text.UART_DMAError
                0x0000000008001ce0       0x58 ./Drivers/STM32F1xx_HAL_Driver/Src/stm32f1xx_hal_uart.o
 .text.UART_DMAAbortOnError
                0x0000000008001d38       0x10 ./Drivers/STM32F1xx_HAL_Driver/Src/stm32f1xx_hal_uart.o
 .text.HAL_UARTEx_RxEventCallback
                0x0000000008001d48        0x2 ./Drivers/STM32F1xx_HAL_Driver/Src/stm32f1xx_hal_uart.o
                0x0000000008001d48                HAL_UARTEx_RxEventCallback
 .text.UART_Receive_IT
                0x0000000008001d4a       0xd4 ./Drivers/STM32F1xx_HAL_Driver/Src/stm32f1xx_hal_uart.o
 *fill*         0x0000000008001e1e        0x2 
 .text.HAL_UART_IRQHandler
                0x0000000008001e20      0x204 ./Drivers/STM32F1xx_HAL_Driver/Src/stm32f1xx_hal_uart.o
                0x0000000008001e20                HAL_UART_IRQHandler
 .text.UART_DMARxHalfCplt
                0x0000000008002024       0x1a ./Drivers/STM32F1xx_HAL_Driver/Src/stm32f1xx_hal_uart.o
 .text.UART_DMAReceiveCplt
                0x000000000800203e       0x5e ./Drivers/STM32F1xx_HAL_Driver/Src/stm32f1xx_hal_uart.o
 .text.UART_Start_Receive_DMA
                0x000000000800209c       0x78 ./Drivers/STM32F1xx_HAL_Driver/Src/stm32f1xx_hal_uart.o
                0x000000000800209c                UART_Start_Receive_DMA
 .text.HAL_UART_Receive_DMA
                0x0000000008002114       0x38 ./Drivers/STM32F1xx_HAL_Driver/Src/stm32f1xx_hal_uart.o
                0x0000000008002114                HAL_UART_Receive_DMA
 .text.USART_DMA_Init
                0x000000000800214c       0x38 ./Src/DMA_USART.o
                0x000000000800214c                USART_DMA_Init
 .text.DMA_IrqHandler
                0x0000000008002184       0xb8 ./Src/DMA_USART.o
                0x0000000008002184                DMA_IrqHandler
 .text.USART_IrqHandler
                0x000000000800223c       0x32 ./Src/DMA_USART.o
                0x000000000800223c                USART_IrqHandler
 *fill*         0x000000000800226e        0x2 
 .text.interfaceInit
                0x0000000008002270       0x64 ./Src/Interface_Master.o
                0x0000000008002270                interfaceInit
 .text.canMessageReceived
                0x00000000080022d4       0x24 ./Src/Interface_Master.o
                0x00000000080022d4                canMessageReceived
 .text.blinkLed3
                0x00000000080022f8       0x10 ./Src/Interface_Master.o
                0x00000000080022f8                blinkLed3
 .text.timerAtualization
                0x0000000008002308       0x14 ./Src/Interface_Master.o
                0x0000000008002308                timerAtualization
 .text.timer_wait_ms
                0x000000000800231c       0x18 ./Src/Interface_Master.o
                0x000000000800231c                timer_wait_ms
 .text.timer_restart
                0x0000000008002334        0xc ./Src/Interface_Master.o
                0x0000000008002334                timer_restart
 .text.MX_CAN_Init
                0x0000000008002340       0x9c ./Src/can.o
                0x0000000008002340                MX_CAN_Init
 .text.HAL_CAN_MspInit
                0x00000000080023dc       0xa8 ./Src/can.o
                0x00000000080023dc                HAL_CAN_MspInit
 .text.MX_DMA_Init
                0x0000000008002484       0x44 ./Src/dma.o
                0x0000000008002484                MX_DMA_Init
 .text.MX_GPIO_Init
                0x00000000080024c8       0xe4 ./Src/gpio.o
                0x00000000080024c8                MX_GPIO_Init
 .text.MX_IWDG_Init
                0x00000000080025ac       0x28 ./Src/iwdg.o
                0x00000000080025ac                MX_IWDG_Init
 .text.uart3MessageReceived
                0x00000000080025d4       0x20 ./Src/lcd_dash.o
                0x00000000080025d4                uart3MessageReceived
 .text.nextion_init_can
                0x00000000080025f4       0x48 ./Src/lcd_dash.o
                0x00000000080025f4                nextion_init_can
 .text.nextionLoop
                0x000000000800263c      0x124 ./Src/lcd_dash.o
                0x000000000800263c                nextionLoop
 .text.SystemClock_Config
                0x0000000008002760       0x58 ./Src/main.o
                0x0000000008002760                SystemClock_Config
 .text.main     0x00000000080027b8       0x48 ./Src/main.o
                0x00000000080027b8                main
 .text.Error_Handler
                0x0000000008002800        0x2 ./Src/main.o
                0x0000000008002800                Error_Handler
 *fill*         0x0000000008002802        0x2 
 .text.sendCommand
                0x0000000008002804       0x40 ./Src/nextion.o
                0x0000000008002804                sendCommand
 .text.recvRetCommandFinished
                0x0000000008002844       0x54 ./Src/nextion.o
                0x0000000008002844                recvRetCommandFinished
 .text.nexInit  0x0000000008002898       0x1c ./Src/nextion.o
                0x0000000008002898                nexInit
 .text.NexPageShow
                0x00000000080028b4       0x2c ./Src/nextion.o
                0x00000000080028b4                NexPageShow
 .text.NexTextSetText
                0x00000000080028e0       0x5c ./Src/nextion.o
                0x00000000080028e0                NexTextSetText
 .text.NexNumberSetValue
                0x000000000800293c       0x30 ./Src/nextion.o
                0x000000000800293c                NexNumberSetValue
 .text.NexXfloatSetValue
                0x000000000800296c       0x30 ./Src/nextion.o
                0x000000000800296c                NexXfloatSetValue
 .text.NexPictureSetPic
                0x000000000800299c       0x30 ./Src/nextion.o
                0x000000000800299c                NexPictureSetPic
 .text.NexVariableSetValue
                0x00000000080029cc       0x30 ./Src/nextion.o
                0x00000000080029cc                NexVariableSetValue
 .text.MX_SPI1_Init
                0x00000000080029fc       0x44 ./Src/spi.o
                0x00000000080029fc                MX_SPI1_Init
 .text.HAL_SPI_MspInit
                0x0000000008002a40       0x74 ./Src/spi.o
                0x0000000008002a40                HAL_SPI_MspInit
 .text.HAL_MspInit
                0x0000000008002ab4       0x44 ./Src/stm32f1xx_hal_msp.o
                0x0000000008002ab4                HAL_MspInit
 .text.NMI_Handler
                0x0000000008002af8        0x2 ./Src/stm32f1xx_it.o
                0x0000000008002af8                NMI_Handler
 .text.HardFault_Handler
                0x0000000008002afa        0x2 ./Src/stm32f1xx_it.o
                0x0000000008002afa                HardFault_Handler
 .text.MemManage_Handler
                0x0000000008002afc        0x2 ./Src/stm32f1xx_it.o
                0x0000000008002afc                MemManage_Handler
 .text.BusFault_Handler
                0x0000000008002afe        0x2 ./Src/stm32f1xx_it.o
                0x0000000008002afe                BusFault_Handler
 .text.UsageFault_Handler
                0x0000000008002b00        0x2 ./Src/stm32f1xx_it.o
                0x0000000008002b00                UsageFault_Handler
 .text.SVC_Handler
                0x0000000008002b02        0x2 ./Src/stm32f1xx_it.o
                0x0000000008002b02                SVC_Handler
 .text.DebugMon_Handler
                0x0000000008002b04        0x2 ./Src/stm32f1xx_it.o
                0x0000000008002b04                DebugMon_Handler
 .text.PendSV_Handler
                0x0000000008002b06        0x2 ./Src/stm32f1xx_it.o
                0x0000000008002b06                PendSV_Handler
 .text.SysTick_Handler
                0x0000000008002b08        0x8 ./Src/stm32f1xx_it.o
                0x0000000008002b08                SysTick_Handler
 .text.DMA1_Channel3_IRQHandler
                0x0000000008002b10       0x1c ./Src/stm32f1xx_it.o
                0x0000000008002b10                DMA1_Channel3_IRQHandler
 .text.DMA1_Channel6_IRQHandler
                0x0000000008002b2c       0x10 ./Src/stm32f1xx_it.o
                0x0000000008002b2c                DMA1_Channel6_IRQHandler
 .text.USB_LP_CAN1_RX0_IRQHandler
                0x0000000008002b3c       0x90 ./Src/stm32f1xx_it.o
                0x0000000008002b3c                USB_LP_CAN1_RX0_IRQHandler
 .text.CAN1_RX1_IRQHandler
                0x0000000008002bcc       0x10 ./Src/stm32f1xx_it.o
                0x0000000008002bcc                CAN1_RX1_IRQHandler
 .text.USART2_IRQHandler
                0x0000000008002bdc       0x20 ./Src/stm32f1xx_it.o
                0x0000000008002bdc                USART2_IRQHandler
 .text.USART3_IRQHandler
                0x0000000008002bfc       0x20 ./Src/stm32f1xx_it.o
                0x0000000008002bfc                USART3_IRQHandler
 .text.SystemInit
                0x0000000008002c1c       0x4c ./Src/system_stm32f1xx.o
                0x0000000008002c1c                SystemInit
 .text.compareString
                0x0000000008002c68       0x20 ./Src/telemetry.o
                0x0000000008002c68                compareString
 .text.uart2MessageReceived
                0x0000000008002c88       0x5c ./Src/telemetry.o
                0x0000000008002c88                uart2MessageReceived
 .text.xbeePacks
                0x0000000008002ce4       0xfc ./Src/telemetry.o
                0x0000000008002ce4                xbeePacks
 .text.xbeeGeneral
                0x0000000008002de0       0xfc ./Src/telemetry.o
                0x0000000008002de0                xbeeGeneral
 .text.telemetrySend
                0x0000000008002edc       0x30 ./Src/telemetry.o
                0x0000000008002edc                telemetrySend
 .text.MX_TIM3_Init
                0x0000000008002f0c       0x6c ./Src/tim.o
                0x0000000008002f0c                MX_TIM3_Init
 .text.HAL_TIM_Base_MspInit
                0x0000000008002f78       0x2c ./Src/tim.o
                0x0000000008002f78                HAL_TIM_Base_MspInit
 .text.MX_USART2_UART_Init
                0x0000000008002fa4       0x34 ./Src/usart.o
                0x0000000008002fa4                MX_USART2_UART_Init
 .text.MX_USART3_UART_Init
                0x0000000008002fd8       0x38 ./Src/usart.o
                0x0000000008002fd8                MX_USART3_UART_Init
 .text.HAL_UART_MspInit
                0x0000000008003010      0x188 ./Src/usart.o
                0x0000000008003010                HAL_UART_MspInit
 .text.xbeeApiModeSend
                0x0000000008003198      0x178 ./Src/xbee.o
                0x0000000008003198                xbeeApiModeSend
 .text.xbeeSend
                0x0000000008003310       0xf4 ./Src/xbee.o
                0x0000000008003310                xbeeSend
 .text.Reset_Handler
                0x0000000008003404       0x48 ./startup/startup_stm32f103xb.o
                0x0000000008003404                Reset_Handler
 .text.Default_Handler
                0x000000000800344c        0x2 ./startup/startup_stm32f103xb.o
                0x000000000800344c                RTC_Alarm_IRQHandler
                0x000000000800344c                EXTI2_IRQHandler
                0x000000000800344c                TIM1_CC_IRQHandler
                0x000000000800344c                PVD_IRQHandler
                0x000000000800344c                EXTI3_IRQHandler
                0x000000000800344c                EXTI0_IRQHandler
                0x000000000800344c                I2C2_EV_IRQHandler
                0x000000000800344c                ADC1_2_IRQHandler
                0x000000000800344c                SPI1_IRQHandler
                0x000000000800344c                TAMPER_IRQHandler
                0x000000000800344c                DMA1_Channel4_IRQHandler
                0x000000000800344c                RTC_IRQHandler
                0x000000000800344c                DMA1_Channel7_IRQHandler
                0x000000000800344c                TIM4_IRQHandler
                0x000000000800344c                I2C1_EV_IRQHandler
                0x000000000800344c                TIM3_IRQHandler
                0x000000000800344c                RCC_IRQHandler
                0x000000000800344c                TIM1_TRG_COM_IRQHandler
                0x000000000800344c                DMA1_Channel1_IRQHandler
                0x000000000800344c                Default_Handler
                0x000000000800344c                EXTI15_10_IRQHandler
                0x000000000800344c                EXTI9_5_IRQHandler
                0x000000000800344c                SPI2_IRQHandler
                0x000000000800344c                DMA1_Channel5_IRQHandler
                0x000000000800344c                EXTI4_IRQHandler
                0x000000000800344c                USB_HP_CAN1_TX_IRQHandler
                0x000000000800344c                TIM1_UP_IRQHandler
                0x000000000800344c                WWDG_IRQHandler
                0x000000000800344c                TIM2_IRQHandler
                0x000000000800344c                TIM1_BRK_IRQHandler
                0x000000000800344c                EXTI1_IRQHandler
                0x000000000800344c                I2C2_ER_IRQHandler
                0x000000000800344c                DMA1_Channel2_IRQHandler
                0x000000000800344c                CAN1_SCE_IRQHandler
                0x000000000800344c                FLASH_IRQHandler
                0x000000000800344c                USART1_IRQHandler
                0x000000000800344c                I2C1_ER_IRQHandler
                0x000000000800344c                USBWakeUp_IRQHandler
 *fill*         0x000000000800344e        0x2 
 .text.__libc_init_array
                0x0000000008003450       0x48 c:/st/stm32cubeide_1.9.0/stm32cubeide/plugins/com.st.stm32cube.ide.mcu.externaltools.gnu-tools-for-stm32.10.3-2021.10.win32_1.0.0.202111181127/tools/bin/../lib/gcc/arm-none-eabi/10.3.1/../../../../arm-none-eabi/lib/thumb/v7-m/nofp\libc_nano.a(lib_a-init.o)
                0x0000000008003450                __libc_init_array
 .text.memcpy   0x0000000008003498       0x1c c:/st/stm32cubeide_1.9.0/stm32cubeide/plugins/com.st.stm32cube.ide.mcu.externaltools.gnu-tools-for-stm32.10.3-2021.10.win32_1.0.0.202111181127/tools/bin/../lib/gcc/arm-none-eabi/10.3.1/../../../../arm-none-eabi/lib/thumb/v7-m/nofp\libc_nano.a(lib_a-memcpy-stub.o)
                0x0000000008003498                memcpy
 .text.memset   0x00000000080034b4       0x10 c:/st/stm32cubeide_1.9.0/stm32cubeide/plugins/com.st.stm32cube.ide.mcu.externaltools.gnu-tools-for-stm32.10.3-2021.10.win32_1.0.0.202111181127/tools/bin/../lib/gcc/arm-none-eabi/10.3.1/../../../../arm-none-eabi/lib/thumb/v7-m/nofp\libc_nano.a(lib_a-memset.o)
                0x00000000080034b4                memset
 .text.sprintf  0x00000000080034c4       0x40 c:/st/stm32cubeide_1.9.0/stm32cubeide/plugins/com.st.stm32cube.ide.mcu.externaltools.gnu-tools-for-stm32.10.3-2021.10.win32_1.0.0.202111181127/tools/bin/../lib/gcc/arm-none-eabi/10.3.1/../../../../arm-none-eabi/lib/thumb/v7-m/nofp\libc_nano.a(lib_a-sprintf.o)
                0x00000000080034c4                siprintf
                0x00000000080034c4                sprintf
 .text.__ssputs_r
                0x0000000008003504       0xb6 c:/st/stm32cubeide_1.9.0/stm32cubeide/plugins/com.st.stm32cube.ide.mcu.externaltools.gnu-tools-for-stm32.10.3-2021.10.win32_1.0.0.202111181127/tools/bin/../lib/gcc/arm-none-eabi/10.3.1/../../../../arm-none-eabi/lib/thumb/v7-m/nofp\libc_nano.a(lib_a-nano-svfprintf.o)
                0x0000000008003504                __ssputs_r
 *fill*         0x00000000080035ba        0x2 
 .text._svfprintf_r
                0x00000000080035bc      0x200 c:/st/stm32cubeide_1.9.0/stm32cubeide/plugins/com.st.stm32cube.ide.mcu.externaltools.gnu-tools-for-stm32.10.3-2021.10.win32_1.0.0.202111181127/tools/bin/../lib/gcc/arm-none-eabi/10.3.1/../../../../arm-none-eabi/lib/thumb/v7-m/nofp\libc_nano.a(lib_a-nano-svfprintf.o)
                0x00000000080035bc                _svfiprintf_r
                0x00000000080035bc                _svfprintf_r
 .text._printf_common
                0x00000000080037bc       0xde c:/st/stm32cubeide_1.9.0/stm32cubeide/plugins/com.st.stm32cube.ide.mcu.externaltools.gnu-tools-for-stm32.10.3-2021.10.win32_1.0.0.202111181127/tools/bin/../lib/gcc/arm-none-eabi/10.3.1/../../../../arm-none-eabi/lib/thumb/v7-m/nofp\libc_nano.a(lib_a-nano-vfprintf_i.o)
                0x00000000080037bc                _printf_common
 *fill*         0x000000000800389a        0x2 
 .text._printf_i
                0x000000000800389c      0x24c c:/st/stm32cubeide_1.9.0/stm32cubeide/plugins/com.st.stm32cube.ide.mcu.externaltools.gnu-tools-for-stm32.10.3-2021.10.win32_1.0.0.202111181127/tools/bin/../lib/gcc/arm-none-eabi/10.3.1/../../../../arm-none-eabi/lib/thumb/v7-m/nofp\libc_nano.a(lib_a-nano-vfprintf_i.o)
                0x000000000800389c                _printf_i
 .text.memchr   0x0000000008003ae8       0x1c c:/st/stm32cubeide_1.9.0/stm32cubeide/plugins/com.st.stm32cube.ide.mcu.externaltools.gnu-tools-for-stm32.10.3-2021.10.win32_1.0.0.202111181127/tools/bin/../lib/gcc/arm-none-eabi/10.3.1/../../../../arm-none-eabi/lib/thumb/v7-m/nofp\libc_nano.a(lib_a-memchr-stub.o)
                0x0000000008003ae8                memchr
 .text.memmove  0x0000000008003b04       0x34 c:/st/stm32cubeide_1.9.0/stm32cubeide/plugins/com.st.stm32cube.ide.mcu.externaltools.gnu-tools-for-stm32.10.3-2021.10.win32_1.0.0.202111181127/tools/bin/../lib/gcc/arm-none-eabi/10.3.1/../../../../arm-none-eabi/lib/thumb/v7-m/nofp\libc_nano.a(lib_a-memmove.o)
                0x0000000008003b04                memmove
 .text._free_r  0x0000000008003b38       0x90 c:/st/stm32cubeide_1.9.0/stm32cubeide/plugins/com.st.stm32cube.ide.mcu.externaltools.gnu-tools-for-stm32.10.3-2021.10.win32_1.0.0.202111181127/tools/bin/../lib/gcc/arm-none-eabi/10.3.1/../../../../arm-none-eabi/lib/thumb/v7-m/nofp\libc_nano.a(lib_a-nano-freer.o)
                0x0000000008003b38                _free_r
 .text.sbrk_aligned
                0x0000000008003bc8       0x40 c:/st/stm32cubeide_1.9.0/stm32cubeide/plugins/com.st.stm32cube.ide.mcu.externaltools.gnu-tools-for-stm32.10.3-2021.10.win32_1.0.0.202111181127/tools/bin/../lib/gcc/arm-none-eabi/10.3.1/../../../../arm-none-eabi/lib/thumb/v7-m/nofp\libc_nano.a(lib_a-nano-mallocr.o)
 .text._malloc_r
                0x0000000008003c08       0xe8 c:/st/stm32cubeide_1.9.0/stm32cubeide/plugins/com.st.stm32cube.ide.mcu.externaltools.gnu-tools-for-stm32.10.3-2021.10.win32_1.0.0.202111181127/tools/bin/../lib/gcc/arm-none-eabi/10.3.1/../../../../arm-none-eabi/lib/thumb/v7-m/nofp\libc_nano.a(lib_a-nano-mallocr.o)
                0x0000000008003c08                _malloc_r
 .text._realloc_r
                0x0000000008003cf0       0x5e c:/st/stm32cubeide_1.9.0/stm32cubeide/plugins/com.st.stm32cube.ide.mcu.externaltools.gnu-tools-for-stm32.10.3-2021.10.win32_1.0.0.202111181127/tools/bin/../lib/gcc/arm-none-eabi/10.3.1/../../../../arm-none-eabi/lib/thumb/v7-m/nofp\libc_nano.a(lib_a-nano-reallocr.o)
                0x0000000008003cf0                _realloc_r
 *fill*         0x0000000008003d4e        0x2 
 .text._sbrk_r  0x0000000008003d50       0x20 c:/st/stm32cubeide_1.9.0/stm32cubeide/plugins/com.st.stm32cube.ide.mcu.externaltools.gnu-tools-for-stm32.10.3-2021.10.win32_1.0.0.202111181127/tools/bin/../lib/gcc/arm-none-eabi/10.3.1/../../../../arm-none-eabi/lib/thumb/v7-m/nofp\libc_nano.a(lib_a-sbrkr.o)
                0x0000000008003d50                _sbrk_r
 .text.__malloc_lock
                0x0000000008003d70        0xc c:/st/stm32cubeide_1.9.0/stm32cubeide/plugins/com.st.stm32cube.ide.mcu.externaltools.gnu-tools-for-stm32.10.3-2021.10.win32_1.0.0.202111181127/tools/bin/../lib/gcc/arm-none-eabi/10.3.1/../../../../arm-none-eabi/lib/thumb/v7-m/nofp\libc_nano.a(lib_a-mlock.o)
                0x0000000008003d70                __malloc_lock
 .text.__malloc_unlock
                0x0000000008003d7c        0xc c:/st/stm32cubeide_1.9.0/stm32cubeide/plugins/com.st.stm32cube.ide.mcu.externaltools.gnu-tools-for-stm32.10.3-2021.10.win32_1.0.0.202111181127/tools/bin/../lib/gcc/arm-none-eabi/10.3.1/../../../../arm-none-eabi/lib/thumb/v7-m/nofp\libc_nano.a(lib_a-mlock.o)
                0x0000000008003d7c                __malloc_unlock
 .text._malloc_usable_size_r
                0x0000000008003d88       0x10 c:/st/stm32cubeide_1.9.0/stm32cubeide/plugins/com.st.stm32cube.ide.mcu.externaltools.gnu-tools-for-stm32.10.3-2021.10.win32_1.0.0.202111181127/tools/bin/../lib/gcc/arm-none-eabi/10.3.1/../../../../arm-none-eabi/lib/thumb/v7-m/nofp\libc_nano.a(lib_a-nano-msizer.o)
                0x0000000008003d88                _malloc_usable_size_r
 .text.__retarget_lock_acquire_recursive
                0x0000000008003d98        0x2 c:/st/stm32cubeide_1.9.0/stm32cubeide/plugins/com.st.stm32cube.ide.mcu.externaltools.gnu-tools-for-stm32.10.3-2021.10.win32_1.0.0.202111181127/tools/bin/../lib/gcc/arm-none-eabi/10.3.1/../../../../arm-none-eabi/lib/thumb/v7-m/nofp\libc_nano.a(lib_a-lock.o)
                0x0000000008003d98                __retarget_lock_acquire_recursive
 .text.__retarget_lock_release_recursive
                0x0000000008003d9a        0x2 c:/st/stm32cubeide_1.9.0/stm32cubeide/plugins/com.st.stm32cube.ide.mcu.externaltools.gnu-tools-for-stm32.10.3-2021.10.win32_1.0.0.202111181127/tools/bin/../lib/gcc/arm-none-eabi/10.3.1/../../../../arm-none-eabi/lib/thumb/v7-m/nofp\libc_nano.a(lib_a-lock.o)
                0x0000000008003d9a                __retarget_lock_release_recursive
 .text._sbrk    0x0000000008003d9c       0x1c c:/st/stm32cubeide_1.9.0/stm32cubeide/plugins/com.st.stm32cube.ide.mcu.externaltools.gnu-tools-for-stm32.10.3-2021.10.win32_1.0.0.202111181127/tools/bin/../lib/gcc/arm-none-eabi/10.3.1/../../../../arm-none-eabi/lib/thumb/v7-m/nofp\libnosys.a(sbrk.o)
                0x0000000008003d9c                _sbrk
 *(.glue_7)
 .glue_7        0x0000000008003db8        0x0 linker stubs
 *(.glue_7t)
 .glue_7t       0x0000000008003db8        0x0 linker stubs
 *(.eh_frame)
 .eh_frame      0x0000000008003db8        0x0 c:/st/stm32cubeide_1.9.0/stm32cubeide/plugins/com.st.stm32cube.ide.mcu.externaltools.gnu-tools-for-stm32.10.3-2021.10.win32_1.0.0.202111181127/tools/bin/../lib/gcc/arm-none-eabi/10.3.1/thumb/v7-m/nofp/crtbegin.o
 *(.init)
 .init          0x0000000008003db8        0x4 c:/st/stm32cubeide_1.9.0/stm32cubeide/plugins/com.st.stm32cube.ide.mcu.externaltools.gnu-tools-for-stm32.10.3-2021.10.win32_1.0.0.202111181127/tools/bin/../lib/gcc/arm-none-eabi/10.3.1/thumb/v7-m/nofp/crti.o
                0x0000000008003db8                _init
 .init          0x0000000008003dbc        0x8 c:/st/stm32cubeide_1.9.0/stm32cubeide/plugins/com.st.stm32cube.ide.mcu.externaltools.gnu-tools-for-stm32.10.3-2021.10.win32_1.0.0.202111181127/tools/bin/../lib/gcc/arm-none-eabi/10.3.1/thumb/v7-m/nofp/crtn.o
 *(.fini)
 .fini          0x0000000008003dc4        0x4 c:/st/stm32cubeide_1.9.0/stm32cubeide/plugins/com.st.stm32cube.ide.mcu.externaltools.gnu-tools-for-stm32.10.3-2021.10.win32_1.0.0.202111181127/tools/bin/../lib/gcc/arm-none-eabi/10.3.1/thumb/v7-m/nofp/crti.o
                0x0000000008003dc4                _fini
 .fini          0x0000000008003dc8        0x8 c:/st/stm32cubeide_1.9.0/stm32cubeide/plugins/com.st.stm32cube.ide.mcu.externaltools.gnu-tools-for-stm32.10.3-2021.10.win32_1.0.0.202111181127/tools/bin/../lib/gcc/arm-none-eabi/10.3.1/thumb/v7-m/nofp/crtn.o
                0x0000000008003dd0                . = ALIGN (0x4)
                0x0000000008003dd0                _etext = .

.vfp11_veneer   0x0000000008003dd0        0x0
 .vfp11_veneer  0x0000000008003dd0        0x0 linker stubs

.v4_bx          0x0000000008003dd0        0x0
 .v4_bx         0x0000000008003dd0        0x0 linker stubs

.iplt           0x0000000008003dd0        0x0
 .iplt          0x0000000008003dd0        0x0 c:/st/stm32cubeide_1.9.0/stm32cubeide/plugins/com.st.stm32cube.ide.mcu.externaltools.gnu-tools-for-stm32.10.3-2021.10.win32_1.0.0.202111181127/tools/bin/../lib/gcc/arm-none-eabi/10.3.1/thumb/v7-m/nofp/crtbegin.o

.rodata         0x0000000008003dd0      0x1f0
                0x0000000008003dd0                . = ALIGN (0x4)
 *(.rodata)
 .rodata        0x0000000008003dd0       0x18 ./Src/system_stm32f1xx.o
                0x0000000008003dd0                AHBPrescTable
                0x0000000008003de0                APBPrescTable
 .rodata        0x0000000008003de8        0xf ./Src/xbee.o
 *(.rodata*)
 *fill*         0x0000000008003df7        0x1 
 .rodata.str1.4
                0x0000000008003df8       0x11 ./Drivers/STM32F1xx_HAL_Driver/Src/stm32f1xx_hal_rcc.o
 *fill*         0x0000000008003e09        0x3 
 .rodata.str1.4
                0x0000000008003e0c        0x7 ./Src/lcd_dash.o
 *fill*         0x0000000008003e13        0x1 
 .rodata.str1.4
                0x0000000008003e14      0x14e ./Src/nextion.o
                                        0x152 (size before relaxing)
 *fill*         0x0000000008003f62        0x2 
 .rodata.str1.4
                0x0000000008003f64        0x5 ./Src/telemetry.o
 *fill*         0x0000000008003f69        0x3 
 .rodata.str1.4
                0x0000000008003f6c       0x20 ./Src/xbee.o
 .rodata._svfprintf_r.str1.1
                0x0000000008003f8c       0x11 c:/st/stm32cubeide_1.9.0/stm32cubeide/plugins/com.st.stm32cube.ide.mcu.externaltools.gnu-tools-for-stm32.10.3-2021.10.win32_1.0.0.202111181127/tools/bin/../lib/gcc/arm-none-eabi/10.3.1/../../../../arm-none-eabi/lib/thumb/v7-m/nofp\libc_nano.a(lib_a-nano-svfprintf.o)
 .rodata._printf_i.str1.1
                0x0000000008003f9d       0x22 c:/st/stm32cubeide_1.9.0/stm32cubeide/plugins/com.st.stm32cube.ide.mcu.externaltools.gnu-tools-for-stm32.10.3-2021.10.win32_1.0.0.202111181127/tools/bin/../lib/gcc/arm-none-eabi/10.3.1/../../../../arm-none-eabi/lib/thumb/v7-m/nofp\libc_nano.a(lib_a-nano-vfprintf_i.o)
                0x0000000008003fc0                . = ALIGN (0x4)
 *fill*         0x0000000008003fbf        0x1 

.rel.dyn        0x0000000008003fc0        0x0
 .rel.iplt      0x0000000008003fc0        0x0 c:/st/stm32cubeide_1.9.0/stm32cubeide/plugins/com.st.stm32cube.ide.mcu.externaltools.gnu-tools-for-stm32.10.3-2021.10.win32_1.0.0.202111181127/tools/bin/../lib/gcc/arm-none-eabi/10.3.1/thumb/v7-m/nofp/crtbegin.o

.ARM.extab
 *(.ARM.extab* .gnu.linkonce.armextab.*)

.ARM            0x0000000008003fc0        0x0
                0x0000000008003fc0                __exidx_start = .
 *(.ARM.exidx*)
                0x0000000008003fc0                __exidx_end = .

.preinit_array  0x0000000008003fc0        0x0
                0x0000000008003fc0                PROVIDE (__preinit_array_start = .)
 *(.preinit_array*)
                0x0000000008003fc0                PROVIDE (__preinit_array_end = .)

.init_array     0x0000000008003fc0        0x4
                0x0000000008003fc0                PROVIDE (__init_array_start = .)
 *(SORT_BY_NAME(.init_array.*))
 *(.init_array*)
 .init_array    0x0000000008003fc0        0x4 c:/st/stm32cubeide_1.9.0/stm32cubeide/plugins/com.st.stm32cube.ide.mcu.externaltools.gnu-tools-for-stm32.10.3-2021.10.win32_1.0.0.202111181127/tools/bin/../lib/gcc/arm-none-eabi/10.3.1/thumb/v7-m/nofp/crtbegin.o
                0x0000000008003fc4                PROVIDE (__init_array_end = .)

.fini_array     0x0000000008003fc4        0x4
                [!provide]                        PROVIDE (__fini_array_start = .)
 *(SORT_BY_NAME(.fini_array.*))
 *(.fini_array*)
 .fini_array    0x0000000008003fc4        0x4 c:/st/stm32cubeide_1.9.0/stm32cubeide/plugins/com.st.stm32cube.ide.mcu.externaltools.gnu-tools-for-stm32.10.3-2021.10.win32_1.0.0.202111181127/tools/bin/../lib/gcc/arm-none-eabi/10.3.1/thumb/v7-m/nofp/crtbegin.o
                [!provide]                        PROVIDE (__fini_array_end = .)
                0x0000000008003fc8                _sidata = LOADADDR (.data)

.data           0x0000000020000000       0x94 load address 0x0000000008003fc8
                0x0000000020000000                . = ALIGN (0x4)
                0x0000000020000000                _sdata = .
 *(.data)
 .data          0x0000000020000000        0x8 ./Drivers/STM32F1xx_HAL_Driver/Src/stm32f1xx_hal.o
                0x0000000020000000                uwTickFreq
                0x0000000020000004                uwTickPrio
 .data          0x0000000020000008       0x1d ./Src/lcd_dash.o
                0x0000000020000008                VELOCIDADE
                0x000000002000000a                TORQUE
                0x000000002000000c                CARGA
                0x000000002000000e                TENSAO
                0x0000000020000010                HODOM
                0x0000000020000012                TEMPERATURA
                0x0000000020000014                MODO
                0x0000000020000020                BRAKE
 *fill*         0x0000000020000025        0x3 
 .data          0x0000000020000028        0x3 ./Src/nextion.o
                0x0000000020000028                ENDTERMS
 *fill*         0x000000002000002b        0x1 
 .data          0x000000002000002c        0x4 ./Src/system_stm32f1xx.o
                0x000000002000002c                SystemCoreClock
 *(.data*)
 .data._impure_ptr
                0x0000000020000030        0x4 c:/st/stm32cubeide_1.9.0/stm32cubeide/plugins/com.st.stm32cube.ide.mcu.externaltools.gnu-tools-for-stm32.10.3-2021.10.win32_1.0.0.202111181127/tools/bin/../lib/gcc/arm-none-eabi/10.3.1/../../../../arm-none-eabi/lib/thumb/v7-m/nofp\libc_nano.a(lib_a-impure.o)
                0x0000000020000030                _impure_ptr
 .data.impure_data
                0x0000000020000034       0x60 c:/st/stm32cubeide_1.9.0/stm32cubeide/plugins/com.st.stm32cube.ide.mcu.externaltools.gnu-tools-for-stm32.10.3-2021.10.win32_1.0.0.202111181127/tools/bin/../lib/gcc/arm-none-eabi/10.3.1/../../../../arm-none-eabi/lib/thumb/v7-m/nofp\libc_nano.a(lib_a-impure.o)
                0x0000000020000094                . = ALIGN (0x4)
                0x0000000020000094                _edata = .

.igot.plt       0x0000000020000094        0x0 load address 0x000000000800405c
 .igot.plt      0x0000000020000094        0x0 c:/st/stm32cubeide_1.9.0/stm32cubeide/plugins/com.st.stm32cube.ide.mcu.externaltools.gnu-tools-for-stm32.10.3-2021.10.win32_1.0.0.202111181127/tools/bin/../lib/gcc/arm-none-eabi/10.3.1/thumb/v7-m/nofp/crtbegin.o
                0x0000000020000094                . = ALIGN (0x4)

.bss            0x0000000020000094     0x1080 load address 0x000000000800405c
                0x0000000020000094                _sbss = .
                0x0000000020000094                __bss_start__ = _sbss
 *(.bss)
 .bss           0x0000000020000094       0x1c c:/st/stm32cubeide_1.9.0/stm32cubeide/plugins/com.st.stm32cube.ide.mcu.externaltools.gnu-tools-for-stm32.10.3-2021.10.win32_1.0.0.202111181127/tools/bin/../lib/gcc/arm-none-eabi/10.3.1/thumb/v7-m/nofp/crtbegin.o
 .bss           0x00000000200000b0        0x4 ./Drivers/STM32F1xx_HAL_Driver/Src/stm32f1xx_hal.o
                0x00000000200000b0                uwTick
 .bss           0x00000000200000b4      0x204 ./Src/DMA_USART.o
                0x00000000200000b4                DMA_RX_Buffer
                0x00000000200001b4                UART_STATUS
                0x00000000200001b8                uart_user_message
 .bss           0x00000000200002b8      0xbd0 ./Src/Interface_Master.o
                0x00000000200002b8                can_vector
                0x0000000020000df8                packTimer
                0x0000000020000e00                actualTimer
                0x0000000020000e04                vet_aux
                0x0000000020000e84                auxiliar
 .bss           0x0000000020000e88       0x98 ./Src/can.o
                0x0000000020000e88                hcan
                0x0000000020000eb0                sFilterConfig
                0x0000000020000ed8                TxHeader
                0x0000000020000ef0                TxMailbox
                0x0000000020000ef4                RxData
                0x0000000020000efc                TxData
                0x0000000020000f04                RxHeader
 .bss           0x0000000020000f20        0xc ./Src/iwdg.o
                0x0000000020000f20                hiwdg
 .bss           0x0000000020000f2c       0x14 ./Src/lcd_dash.o
                0x0000000020000f2c                pageMessageReceived
                0x0000000020000f2d                actual_page
                0x0000000020000f30                pageTimeout
                0x0000000020000f34                CAN_STATE
                0x0000000020000f35                PAGE
                0x0000000020000f3c                last_state
                0x0000000020000f3d                FLAG_ERRO
                0x0000000020000f3e                botao
                0x0000000020000f3f                STATEOF_CAN
 .bss           0x0000000020000f40       0x58 ./Src/spi.o
                0x0000000020000f40                hspi1
 .bss           0x0000000020000f98        0x4 ./Src/stm32f1xx_it.o
                0x0000000020000f98                timer_actual
 .bss           0x0000000020000f9c        0x3 ./Src/telemetry.o
                0x0000000020000f9c                api_length
                0x0000000020000f9e                _real_clock_received
 *fill*         0x0000000020000f9f        0x1 
 .bss           0x0000000020000fa0       0x48 ./Src/tim.o
                0x0000000020000fa0                htim3
 .bss           0x0000000020000fe8      0x110 ./Src/usart.o
                0x0000000020000fe8                huart2
                0x000000002000102c                huart3
                0x0000000020001070                hdma_usart2_rx
                0x00000000200010b4                hdma_usart3_rx
 .bss           0x00000000200010f8        0x5 ./Src/xbee.o
                0x00000000200010f8                timer_actual_uart
                0x00000000200010fc                mode
 *(.bss*)
 *fill*         0x00000000200010fd        0x3 
 .bss.__malloc_free_list
                0x0000000020001100        0x4 c:/st/stm32cubeide_1.9.0/stm32cubeide/plugins/com.st.stm32cube.ide.mcu.externaltools.gnu-tools-for-stm32.10.3-2021.10.win32_1.0.0.202111181127/tools/bin/../lib/gcc/arm-none-eabi/10.3.1/../../../../arm-none-eabi/lib/thumb/v7-m/nofp\libc_nano.a(lib_a-nano-mallocr.o)
                0x0000000020001100                __malloc_free_list
 .bss.__malloc_sbrk_start
                0x0000000020001104        0x4 c:/st/stm32cubeide_1.9.0/stm32cubeide/plugins/com.st.stm32cube.ide.mcu.externaltools.gnu-tools-for-stm32.10.3-2021.10.win32_1.0.0.202111181127/tools/bin/../lib/gcc/arm-none-eabi/10.3.1/../../../../arm-none-eabi/lib/thumb/v7-m/nofp\libc_nano.a(lib_a-nano-mallocr.o)
                0x0000000020001104                __malloc_sbrk_start
 .bss.errno     0x0000000020001108        0x4 c:/st/stm32cubeide_1.9.0/stm32cubeide/plugins/com.st.stm32cube.ide.mcu.externaltools.gnu-tools-for-stm32.10.3-2021.10.win32_1.0.0.202111181127/tools/bin/../lib/gcc/arm-none-eabi/10.3.1/../../../../arm-none-eabi/lib/thumb/v7-m/nofp\libc_nano.a(lib_a-reent.o)
                0x0000000020001108                errno
 .bss.__lock___malloc_recursive_mutex
                0x000000002000110c        0x1 c:/st/stm32cubeide_1.9.0/stm32cubeide/plugins/com.st.stm32cube.ide.mcu.externaltools.gnu-tools-for-stm32.10.3-2021.10.win32_1.0.0.202111181127/tools/bin/../lib/gcc/arm-none-eabi/10.3.1/../../../../arm-none-eabi/lib/thumb/v7-m/nofp\libc_nano.a(lib_a-lock.o)
                0x000000002000110c                __lock___malloc_recursive_mutex
 *fill*         0x000000002000110d        0x3 
 .bss.heap_end.0
                0x0000000020001110        0x4 c:/st/stm32cubeide_1.9.0/stm32cubeide/plugins/com.st.stm32cube.ide.mcu.externaltools.gnu-tools-for-stm32.10.3-2021.10.win32_1.0.0.202111181127/tools/bin/../lib/gcc/arm-none-eabi/10.3.1/../../../../arm-none-eabi/lib/thumb/v7-m/nofp\libnosys.a(sbrk.o)
 *(COMMON)
                0x0000000020001114                . = ALIGN (0x4)
                0x0000000020001114                _ebss = .
                0x0000000020001114                __bss_end__ = _ebss

._user_heap_stack
                0x0000000020001114      0x604 load address 0x000000000800405c
                0x0000000020001118                . = ALIGN (0x8)
 *fill*         0x0000000020001114        0x4 
                0x0000000020001118                PROVIDE (end = .)
                [!provide]                        PROVIDE (_end = .)
                0x0000000020001318                . = (. + _Min_Heap_Size)
 *fill*         0x0000000020001118      0x200 
                0x0000000020001718                . = (. + _Min_Stack_Size)
 *fill*         0x0000000020001318      0x400 
                0x0000000020001718                . = ALIGN (0x8)

/DISCARD/
 libc.a(*)
 libm.a(*)
 libgcc.a(*)

.ARM.attributes
                0x0000000000000000       0x29
 *(.ARM.attributes)
 .ARM.attributes
                0x0000000000000000       0x1d c:/st/stm32cubeide_1.9.0/stm32cubeide/plugins/com.st.stm32cube.ide.mcu.externaltools.gnu-tools-for-stm32.10.3-2021.10.win32_1.0.0.202111181127/tools/bin/../lib/gcc/arm-none-eabi/10.3.1/thumb/v7-m/nofp/crti.o
 .ARM.attributes
                0x000000000000001d       0x2d c:/st/stm32cubeide_1.9.0/stm32cubeide/plugins/com.st.stm32cube.ide.mcu.externaltools.gnu-tools-for-stm32.10.3-2021.10.win32_1.0.0.202111181127/tools/bin/../lib/gcc/arm-none-eabi/10.3.1/thumb/v7-m/nofp/crtbegin.o
 .ARM.attributes
                0x000000000000004a       0x2d ./Drivers/STM32F1xx_HAL_Driver/Src/stm32f1xx_hal.o
 .ARM.attributes
                0x0000000000000077       0x2d ./Drivers/STM32F1xx_HAL_Driver/Src/stm32f1xx_hal_can.o
 .ARM.attributes
                0x00000000000000a4       0x2d ./Drivers/STM32F1xx_HAL_Driver/Src/stm32f1xx_hal_cortex.o
 .ARM.attributes
                0x00000000000000d1       0x2d ./Drivers/STM32F1xx_HAL_Driver/Src/stm32f1xx_hal_dma.o
 .ARM.attributes
                0x00000000000000fe       0x2d ./Drivers/STM32F1xx_HAL_Driver/Src/stm32f1xx_hal_gpio.o
 .ARM.attributes
                0x000000000000012b       0x2d ./Drivers/STM32F1xx_HAL_Driver/Src/stm32f1xx_hal_iwdg.o
 .ARM.attributes
                0x0000000000000158       0x2d ./Drivers/STM32F1xx_HAL_Driver/Src/stm32f1xx_hal_rcc.o
 .ARM.attributes
                0x0000000000000185       0x2d ./Drivers/STM32F1xx_HAL_Driver/Src/stm32f1xx_hal_spi.o
 .ARM.attributes
                0x00000000000001b2       0x2d ./Drivers/STM32F1xx_HAL_Driver/Src/stm32f1xx_hal_tim.o
 .ARM.attributes
                0x00000000000001df       0x2d ./Drivers/STM32F1xx_HAL_Driver/Src/stm32f1xx_hal_tim_ex.o
 .ARM.attributes
                0x000000000000020c       0x2d ./Drivers/STM32F1xx_HAL_Driver/Src/stm32f1xx_hal_uart.o
 .ARM.attributes
                0x0000000000000239       0x2d ./Src/DMA_USART.o
 .ARM.attributes
                0x0000000000000266       0x2d ./Src/Interface_Master.o
 .ARM.attributes
                0x0000000000000293       0x2d ./Src/can.o
 .ARM.attributes
                0x00000000000002c0       0x2d ./Src/dma.o
 .ARM.attributes
                0x00000000000002ed       0x2d ./Src/gpio.o
 .ARM.attributes
                0x000000000000031a       0x2d ./Src/iwdg.o
 .ARM.attributes
                0x0000000000000347       0x2d ./Src/lcd_dash.o
 .ARM.attributes
                0x0000000000000374       0x2d ./Src/main.o
 .ARM.attributes
                0x00000000000003a1       0x2d ./Src/nextion.o
 .ARM.attributes
                0x00000000000003ce       0x2d ./Src/spi.o
 .ARM.attributes
                0x00000000000003fb       0x2d ./Src/stm32f1xx_hal_msp.o
 .ARM.attributes
                0x0000000000000428       0x2d ./Src/stm32f1xx_it.o
 .ARM.attributes
                0x0000000000000455       0x2d ./Src/system_stm32f1xx.o
 .ARM.attributes
                0x0000000000000482       0x2d ./Src/telemetry.o
 .ARM.attributes
                0x00000000000004af       0x2d ./Src/tim.o
 .ARM.attributes
                0x00000000000004dc       0x2d ./Src/usart.o
 .ARM.attributes
                0x0000000000000509       0x2d ./Src/xbee.o
 .ARM.attributes
                0x0000000000000536       0x21 ./startup/startup_stm32f103xb.o
 .ARM.attributes
                0x0000000000000557       0x2d c:/st/stm32cubeide_1.9.0/stm32cubeide/plugins/com.st.stm32cube.ide.mcu.externaltools.gnu-tools-for-stm32.10.3-2021.10.win32_1.0.0.202111181127/tools/bin/../lib/gcc/arm-none-eabi/10.3.1/../../../../arm-none-eabi/lib/thumb/v7-m/nofp\libc_nano.a(lib_a-impure.o)
 .ARM.attributes
                0x0000000000000584       0x2d c:/st/stm32cubeide_1.9.0/stm32cubeide/plugins/com.st.stm32cube.ide.mcu.externaltools.gnu-tools-for-stm32.10.3-2021.10.win32_1.0.0.202111181127/tools/bin/../lib/gcc/arm-none-eabi/10.3.1/../../../../arm-none-eabi/lib/thumb/v7-m/nofp\libc_nano.a(lib_a-init.o)
 .ARM.attributes
                0x00000000000005b1       0x2d c:/st/stm32cubeide_1.9.0/stm32cubeide/plugins/com.st.stm32cube.ide.mcu.externaltools.gnu-tools-for-stm32.10.3-2021.10.win32_1.0.0.202111181127/tools/bin/../lib/gcc/arm-none-eabi/10.3.1/../../../../arm-none-eabi/lib/thumb/v7-m/nofp\libc_nano.a(lib_a-memcpy-stub.o)
 .ARM.attributes
                0x00000000000005de       0x2d c:/st/stm32cubeide_1.9.0/stm32cubeide/plugins/com.st.stm32cube.ide.mcu.externaltools.gnu-tools-for-stm32.10.3-2021.10.win32_1.0.0.202111181127/tools/bin/../lib/gcc/arm-none-eabi/10.3.1/../../../../arm-none-eabi/lib/thumb/v7-m/nofp\libc_nano.a(lib_a-memset.o)
 .ARM.attributes
                0x000000000000060b       0x2d c:/st/stm32cubeide_1.9.0/stm32cubeide/plugins/com.st.stm32cube.ide.mcu.externaltools.gnu-tools-for-stm32.10.3-2021.10.win32_1.0.0.202111181127/tools/bin/../lib/gcc/arm-none-eabi/10.3.1/../../../../arm-none-eabi/lib/thumb/v7-m/nofp\libc_nano.a(lib_a-sprintf.o)
 .ARM.attributes
                0x0000000000000638       0x17 c:/st/stm32cubeide_1.9.0/stm32cubeide/plugins/com.st.stm32cube.ide.mcu.externaltools.gnu-tools-for-stm32.10.3-2021.10.win32_1.0.0.202111181127/tools/bin/../lib/gcc/arm-none-eabi/10.3.1/../../../../arm-none-eabi/lib/thumb/v7-m/nofp\libc_nano.a(lib_a-strlen.o)
 .ARM.attributes
                0x000000000000064f       0x2d c:/st/stm32cubeide_1.9.0/stm32cubeide/plugins/com.st.stm32cube.ide.mcu.externaltools.gnu-tools-for-stm32.10.3-2021.10.win32_1.0.0.202111181127/tools/bin/../lib/gcc/arm-none-eabi/10.3.1/../../../../arm-none-eabi/lib/thumb/v7-m/nofp\libc_nano.a(lib_a-nano-svfprintf.o)
 .ARM.attributes
                0x000000000000067c       0x2d c:/st/stm32cubeide_1.9.0/stm32cubeide/plugins/com.st.stm32cube.ide.mcu.externaltools.gnu-tools-for-stm32.10.3-2021.10.win32_1.0.0.202111181127/tools/bin/../lib/gcc/arm-none-eabi/10.3.1/../../../../arm-none-eabi/lib/thumb/v7-m/nofp\libc_nano.a(lib_a-nano-vfprintf_i.o)
 .ARM.attributes
                0x00000000000006a9       0x2d c:/st/stm32cubeide_1.9.0/stm32cubeide/plugins/com.st.stm32cube.ide.mcu.externaltools.gnu-tools-for-stm32.10.3-2021.10.win32_1.0.0.202111181127/tools/bin/../lib/gcc/arm-none-eabi/10.3.1/../../../../arm-none-eabi/lib/thumb/v7-m/nofp\libc_nano.a(lib_a-memchr-stub.o)
 .ARM.attributes
                0x00000000000006d6       0x2d c:/st/stm32cubeide_1.9.0/stm32cubeide/plugins/com.st.stm32cube.ide.mcu.externaltools.gnu-tools-for-stm32.10.3-2021.10.win32_1.0.0.202111181127/tools/bin/../lib/gcc/arm-none-eabi/10.3.1/../../../../arm-none-eabi/lib/thumb/v7-m/nofp\libc_nano.a(lib_a-memmove.o)
 .ARM.attributes
                0x0000000000000703       0x2d c:/st/stm32cubeide_1.9.0/stm32cubeide/plugins/com.st.stm32cube.ide.mcu.externaltools.gnu-tools-for-stm32.10.3-2021.10.win32_1.0.0.202111181127/tools/bin/../lib/gcc/arm-none-eabi/10.3.1/../../../../arm-none-eabi/lib/thumb/v7-m/nofp\libc_nano.a(lib_a-nano-freer.o)
 .ARM.attributes
                0x0000000000000730       0x2d c:/st/stm32cubeide_1.9.0/stm32cubeide/plugins/com.st.stm32cube.ide.mcu.externaltools.gnu-tools-for-stm32.10.3-2021.10.win32_1.0.0.202111181127/tools/bin/../lib/gcc/arm-none-eabi/10.3.1/../../../../arm-none-eabi/lib/thumb/v7-m/nofp\libc_nano.a(lib_a-nano-mallocr.o)
 .ARM.attributes
                0x000000000000075d       0x2d c:/st/stm32cubeide_1.9.0/stm32cubeide/plugins/com.st.stm32cube.ide.mcu.externaltools.gnu-tools-for-stm32.10.3-2021.10.win32_1.0.0.202111181127/tools/bin/../lib/gcc/arm-none-eabi/10.3.1/../../../../arm-none-eabi/lib/thumb/v7-m/nofp\libc_nano.a(lib_a-nano-reallocr.o)
 .ARM.attributes
                0x000000000000078a       0x2d c:/st/stm32cubeide_1.9.0/stm32cubeide/plugins/com.st.stm32cube.ide.mcu.externaltools.gnu-tools-for-stm32.10.3-2021.10.win32_1.0.0.202111181127/tools/bin/../lib/gcc/arm-none-eabi/10.3.1/../../../../arm-none-eabi/lib/thumb/v7-m/nofp\libc_nano.a(lib_a-sbrkr.o)
 .ARM.attributes
                0x00000000000007b7       0x2d c:/st/stm32cubeide_1.9.0/stm32cubeide/plugins/com.st.stm32cube.ide.mcu.externaltools.gnu-tools-for-stm32.10.3-2021.10.win32_1.0.0.202111181127/tools/bin/../lib/gcc/arm-none-eabi/10.3.1/../../../../arm-none-eabi/lib/thumb/v7-m/nofp\libc_nano.a(lib_a-mlock.o)
 .ARM.attributes
                0x00000000000007e4       0x2d c:/st/stm32cubeide_1.9.0/stm32cubeide/plugins/com.st.stm32cube.ide.mcu.externaltools.gnu-tools-for-stm32.10.3-2021.10.win32_1.0.0.202111181127/tools/bin/../lib/gcc/arm-none-eabi/10.3.1/../../../../arm-none-eabi/lib/thumb/v7-m/nofp\libc_nano.a(lib_a-nano-msizer.o)
 .ARM.attributes
                0x0000000000000811       0x2d c:/st/stm32cubeide_1.9.0/stm32cubeide/plugins/com.st.stm32cube.ide.mcu.externaltools.gnu-tools-for-stm32.10.3-2021.10.win32_1.0.0.202111181127/tools/bin/../lib/gcc/arm-none-eabi/10.3.1/../../../../arm-none-eabi/lib/thumb/v7-m/nofp\libc_nano.a(lib_a-reent.o)
 .ARM.attributes
                0x000000000000083e       0x2d c:/st/stm32cubeide_1.9.0/stm32cubeide/plugins/com.st.stm32cube.ide.mcu.externaltools.gnu-tools-for-stm32.10.3-2021.10.win32_1.0.0.202111181127/tools/bin/../lib/gcc/arm-none-eabi/10.3.1/../../../../arm-none-eabi/lib/thumb/v7-m/nofp\libc_nano.a(lib_a-lock.o)
 .ARM.attributes
                0x000000000000086b       0x2d c:/st/stm32cubeide_1.9.0/stm32cubeide/plugins/com.st.stm32cube.ide.mcu.externaltools.gnu-tools-for-stm32.10.3-2021.10.win32_1.0.0.202111181127/tools/bin/../lib/gcc/arm-none-eabi/10.3.1/../../../../arm-none-eabi/lib/thumb/v7-m/nofp\libnosys.a(sbrk.o)
 .ARM.attributes
                0x0000000000000898       0x1d c:/st/stm32cubeide_1.9.0/stm32cubeide/plugins/com.st.stm32cube.ide.mcu.externaltools.gnu-tools-for-stm32.10.3-2021.10.win32_1.0.0.202111181127/tools/bin/../lib/gcc/arm-none-eabi/10.3.1/thumb/v7-m/nofp/crtn.o
OUTPUT(Interface_Master.elf elf32-littlearm)
LOAD linker stubs
LOAD c:/st/stm32cubeide_1.9.0/stm32cubeide/plugins/com.st.stm32cube.ide.mcu.externaltools.gnu-tools-for-stm32.10.3-2021.10.win32_1.0.0.202111181127/tools/bin/../lib/gcc/arm-none-eabi/10.3.1/../../../../arm-none-eabi/lib/thumb/v7-m/nofp\libc.a
LOAD c:/st/stm32cubeide_1.9.0/stm32cubeide/plugins/com.st.stm32cube.ide.mcu.externaltools.gnu-tools-for-stm32.10.3-2021.10.win32_1.0.0.202111181127/tools/bin/../lib/gcc/arm-none-eabi/10.3.1/../../../../arm-none-eabi/lib/thumb/v7-m/nofp\libm.a
LOAD c:/st/stm32cubeide_1.9.0/stm32cubeide/plugins/com.st.stm32cube.ide.mcu.externaltools.gnu-tools-for-stm32.10.3-2021.10.win32_1.0.0.202111181127/tools/bin/../lib/gcc/arm-none-eabi/10.3.1/thumb/v7-m/nofp\libgcc.a

.debug_info     0x0000000000000000    0x16691
 .debug_info    0x0000000000000000      0x7d4 ./Drivers/STM32F1xx_HAL_Driver/Src/stm32f1xx_hal.o
 .debug_info    0x00000000000007d4     0x125e ./Drivers/STM32F1xx_HAL_Driver/Src/stm32f1xx_hal_can.o
 .debug_info    0x0000000000001a32      0xd8e ./Drivers/STM32F1xx_HAL_Driver/Src/stm32f1xx_hal_cortex.o
 .debug_info    0x00000000000027c0      0x846 ./Drivers/STM32F1xx_HAL_Driver/Src/stm32f1xx_hal_dma.o
 .debug_info    0x0000000000003006      0x673 ./Drivers/STM32F1xx_HAL_Driver/Src/stm32f1xx_hal_gpio.o
 .debug_info    0x0000000000003679      0x20d ./Drivers/STM32F1xx_HAL_Driver/Src/stm32f1xx_hal_iwdg.o
 .debug_info    0x0000000000003886      0xa57 ./Drivers/STM32F1xx_HAL_Driver/Src/stm32f1xx_hal_rcc.o
 .debug_info    0x00000000000042dd     0x1d9d ./Drivers/STM32F1xx_HAL_Driver/Src/stm32f1xx_hal_spi.o
 .debug_info    0x000000000000607a     0x3b53 ./Drivers/STM32F1xx_HAL_Driver/Src/stm32f1xx_hal_tim.o
 .debug_info    0x0000000000009bcd     0x1aaf ./Drivers/STM32F1xx_HAL_Driver/Src/stm32f1xx_hal_tim_ex.o
 .debug_info    0x000000000000b67c     0x1cc2 ./Drivers/STM32F1xx_HAL_Driver/Src/stm32f1xx_hal_uart.o
 .debug_info    0x000000000000d33e      0x808 ./Src/DMA_USART.o
 .debug_info    0x000000000000db46      0xab7 ./Src/Interface_Master.o
 .debug_info    0x000000000000e5fd      0xd20 ./Src/can.o
 .debug_info    0x000000000000f31d      0x346 ./Src/dma.o
 .debug_info    0x000000000000f663      0x3d2 ./Src/gpio.o
 .debug_info    0x000000000000fa35      0x1eb ./Src/iwdg.o
 .debug_info    0x000000000000fc20      0x628 ./Src/lcd_dash.o
 .debug_info    0x0000000000010248      0x4b9 ./Src/main.o
 .debug_info    0x0000000000010701     0x1cbb ./Src/nextion.o
 .debug_info    0x00000000000123bc      0x8a2 ./Src/spi.o
 .debug_info    0x0000000000012c5e      0x215 ./Src/stm32f1xx_hal_msp.o
 .debug_info    0x0000000000012e73      0xed9 ./Src/stm32f1xx_it.o
 .debug_info    0x0000000000013d4c      0x40b ./Src/system_stm32f1xx.o
 .debug_info    0x0000000000014157      0x4b2 ./Src/telemetry.o
 .debug_info    0x0000000000014609      0x8da ./Src/tim.o
 .debug_info    0x0000000000014ee3      0xc04 ./Src/usart.o
 .debug_info    0x0000000000015ae7      0xb88 ./Src/xbee.o
 .debug_info    0x000000000001666f       0x22 ./startup/startup_stm32f103xb.o

.debug_abbrev   0x0000000000000000     0x3acc
 .debug_abbrev  0x0000000000000000      0x233 ./Drivers/STM32F1xx_HAL_Driver/Src/stm32f1xx_hal.o
 .debug_abbrev  0x0000000000000233      0x259 ./Drivers/STM32F1xx_HAL_Driver/Src/stm32f1xx_hal_can.o
 .debug_abbrev  0x000000000000048c      0x344 ./Drivers/STM32F1xx_HAL_Driver/Src/stm32f1xx_hal_cortex.o
 .debug_abbrev  0x00000000000007d0      0x244 ./Drivers/STM32F1xx_HAL_Driver/Src/stm32f1xx_hal_dma.o
 .debug_abbrev  0x0000000000000a14      0x1e9 ./Drivers/STM32F1xx_HAL_Driver/Src/stm32f1xx_hal_gpio.o
 .debug_abbrev  0x0000000000000bfd      0x139 ./Drivers/STM32F1xx_HAL_Driver/Src/stm32f1xx_hal_iwdg.o
 .debug_abbrev  0x0000000000000d36      0x29d ./Drivers/STM32F1xx_HAL_Driver/Src/stm32f1xx_hal_rcc.o
 .debug_abbrev  0x0000000000000fd3      0x273 ./Drivers/STM32F1xx_HAL_Driver/Src/stm32f1xx_hal_spi.o
 .debug_abbrev  0x0000000000001246      0x263 ./Drivers/STM32F1xx_HAL_Driver/Src/stm32f1xx_hal_tim.o
 .debug_abbrev  0x00000000000014a9      0x25d ./Drivers/STM32F1xx_HAL_Driver/Src/stm32f1xx_hal_tim_ex.o
 .debug_abbrev  0x0000000000001706      0x28c ./Drivers/STM32F1xx_HAL_Driver/Src/stm32f1xx_hal_uart.o
 .debug_abbrev  0x0000000000001992      0x209 ./Src/DMA_USART.o
 .debug_abbrev  0x0000000000001b9b      0x2e8 ./Src/Interface_Master.o
 .debug_abbrev  0x0000000000001e83      0x280 ./Src/can.o
 .debug_abbrev  0x0000000000002103      0x11e ./Src/dma.o
 .debug_abbrev  0x0000000000002221      0x14f ./Src/gpio.o
 .debug_abbrev  0x0000000000002370      0x148 ./Src/iwdg.o
 .debug_abbrev  0x00000000000024b8      0x1aa ./Src/lcd_dash.o
 .debug_abbrev  0x0000000000002662      0x1db ./Src/main.o
 .debug_abbrev  0x000000000000283d      0x2fb ./Src/nextion.o
 .debug_abbrev  0x0000000000002b38      0x1f7 ./Src/spi.o
 .debug_abbrev  0x0000000000002d2f       0xe8 ./Src/stm32f1xx_hal_msp.o
 .debug_abbrev  0x0000000000002e17      0x28f ./Src/stm32f1xx_it.o
 .debug_abbrev  0x00000000000030a6      0x141 ./Src/system_stm32f1xx.o
 .debug_abbrev  0x00000000000031e7      0x1eb ./Src/telemetry.o
 .debug_abbrev  0x00000000000033d2      0x1fd ./Src/tim.o
 .debug_abbrev  0x00000000000035cf      0x228 ./Src/usart.o
 .debug_abbrev  0x00000000000037f7      0x2c3 ./Src/xbee.o
 .debug_abbrev  0x0000000000003aba       0x12 ./startup/startup_stm32f103xb.o

.debug_loc      0x0000000000000000     0xdd76
 .debug_loc     0x0000000000000000      0x141 ./Drivers/STM32F1xx_HAL_Driver/Src/stm32f1xx_hal.o
 .debug_loc     0x0000000000000141      0xdb6 ./Drivers/STM32F1xx_HAL_Driver/Src/stm32f1xx_hal_can.o
 .debug_loc     0x0000000000000ef7      0x71f ./Drivers/STM32F1xx_HAL_Driver/Src/stm32f1xx_hal_cortex.o
 .debug_loc     0x0000000000001616      0x7d1 ./Drivers/STM32F1xx_HAL_Driver/Src/stm32f1xx_hal_dma.o
 .debug_loc     0x0000000000001de7      0x47d ./Drivers/STM32F1xx_HAL_Driver/Src/stm32f1xx_hal_gpio.o
 .debug_loc     0x0000000000002264       0x86 ./Drivers/STM32F1xx_HAL_Driver/Src/stm32f1xx_hal_iwdg.o
 .debug_loc     0x00000000000022ea      0x63e ./Drivers/STM32F1xx_HAL_Driver/Src/stm32f1xx_hal_rcc.o
 .debug_loc     0x0000000000002928     0x1d4e ./Drivers/STM32F1xx_HAL_Driver/Src/stm32f1xx_hal_spi.o
 .debug_loc     0x0000000000004676     0x47a8 ./Drivers/STM32F1xx_HAL_Driver/Src/stm32f1xx_hal_tim.o
 .debug_loc     0x0000000000008e1e     0x1ade ./Drivers/STM32F1xx_HAL_Driver/Src/stm32f1xx_hal_tim_ex.o
 .debug_loc     0x000000000000a8fc     0x2037 ./Drivers/STM32F1xx_HAL_Driver/Src/stm32f1xx_hal_uart.o
 .debug_loc     0x000000000000c933      0x173 ./Src/DMA_USART.o
 .debug_loc     0x000000000000caa6      0x115 ./Src/Interface_Master.o
 .debug_loc     0x000000000000cbbb       0xb9 ./Src/can.o
 .debug_loc     0x000000000000cc74      0xbcf ./Src/nextion.o
 .debug_loc     0x000000000000d843       0x84 ./Src/spi.o
 .debug_loc     0x000000000000d8c7       0x15 ./Src/stm32f1xx_hal_msp.o
 .debug_loc     0x000000000000d8dc       0xff ./Src/system_stm32f1xx.o
 .debug_loc     0x000000000000d9db      0x1da ./Src/telemetry.o
 .debug_loc     0x000000000000dbb5       0xac ./Src/usart.o
 .debug_loc     0x000000000000dc61      0x115 ./Src/xbee.o

.debug_aranges  0x0000000000000000     0x11d0
 .debug_aranges
                0x0000000000000000       0xe0 ./Drivers/STM32F1xx_HAL_Driver/Src/stm32f1xx_hal.o
 .debug_aranges
                0x00000000000000e0      0x138 ./Drivers/STM32F1xx_HAL_Driver/Src/stm32f1xx_hal_can.o
 .debug_aranges
                0x0000000000000218       0x90 ./Drivers/STM32F1xx_HAL_Driver/Src/stm32f1xx_hal_cortex.o
 .debug_aranges
                0x00000000000002a8       0x80 ./Drivers/STM32F1xx_HAL_Driver/Src/stm32f1xx_hal_dma.o
 .debug_aranges
                0x0000000000000328       0x58 ./Drivers/STM32F1xx_HAL_Driver/Src/stm32f1xx_hal_gpio.o
 .debug_aranges
                0x0000000000000380       0x28 ./Drivers/STM32F1xx_HAL_Driver/Src/stm32f1xx_hal_iwdg.o
 .debug_aranges
                0x00000000000003a8       0x90 ./Drivers/STM32F1xx_HAL_Driver/Src/stm32f1xx_hal_rcc.o
 .debug_aranges
                0x0000000000000438      0x1d0 ./Drivers/STM32F1xx_HAL_Driver/Src/stm32f1xx_hal_spi.o
 .debug_aranges
                0x0000000000000608      0x3d0 ./Drivers/STM32F1xx_HAL_Driver/Src/stm32f1xx_hal_tim.o
 .debug_aranges
                0x00000000000009d8      0x168 ./Drivers/STM32F1xx_HAL_Driver/Src/stm32f1xx_hal_tim_ex.o
 .debug_aranges
                0x0000000000000b40      0x200 ./Drivers/STM32F1xx_HAL_Driver/Src/stm32f1xx_hal_uart.o
 .debug_aranges
                0x0000000000000d40       0x30 ./Src/DMA_USART.o
 .debug_aranges
                0x0000000000000d70       0x68 ./Src/Interface_Master.o
 .debug_aranges
                0x0000000000000dd8       0x30 ./Src/can.o
 .debug_aranges
                0x0000000000000e08       0x20 ./Src/dma.o
 .debug_aranges
                0x0000000000000e28       0x20 ./Src/gpio.o
 .debug_aranges
                0x0000000000000e48       0x20 ./Src/iwdg.o
 .debug_aranges
                0x0000000000000e68       0x30 ./Src/lcd_dash.o
 .debug_aranges
                0x0000000000000e98       0x30 ./Src/main.o
 .debug_aranges
                0x0000000000000ec8      0x108 ./Src/nextion.o
 .debug_aranges
                0x0000000000000fd0       0x30 ./Src/spi.o
 .debug_aranges
                0x0000000000001000       0x20 ./Src/stm32f1xx_hal_msp.o
 .debug_aranges
                0x0000000000001020       0x90 ./Src/stm32f1xx_it.o
 .debug_aranges
                0x00000000000010b0       0x28 ./Src/system_stm32f1xx.o
 .debug_aranges
                0x00000000000010d8       0x40 ./Src/telemetry.o
 .debug_aranges
                0x0000000000001118       0x30 ./Src/tim.o
 .debug_aranges
                0x0000000000001148       0x38 ./Src/usart.o
 .debug_aranges
                0x0000000000001180       0x28 ./Src/xbee.o
 .debug_aranges
                0x00000000000011a8       0x28 ./startup/startup_stm32f103xb.o

.debug_ranges   0x0000000000000000     0x10a0
 .debug_ranges  0x0000000000000000       0xd0 ./Drivers/STM32F1xx_HAL_Driver/Src/stm32f1xx_hal.o
 .debug_ranges  0x00000000000000d0      0x128 ./Drivers/STM32F1xx_HAL_Driver/Src/stm32f1xx_hal_can.o
 .debug_ranges  0x00000000000001f8       0xe0 ./Drivers/STM32F1xx_HAL_Driver/Src/stm32f1xx_hal_cortex.o
 .debug_ranges  0x00000000000002d8       0x70 ./Drivers/STM32F1xx_HAL_Driver/Src/stm32f1xx_hal_dma.o
 .debug_ranges  0x0000000000000348       0x48 ./Drivers/STM32F1xx_HAL_Driver/Src/stm32f1xx_hal_gpio.o
 .debug_ranges  0x0000000000000390       0x18 ./Drivers/STM32F1xx_HAL_Driver/Src/stm32f1xx_hal_iwdg.o
 .debug_ranges  0x00000000000003a8       0xa0 ./Drivers/STM32F1xx_HAL_Driver/Src/stm32f1xx_hal_rcc.o
 .debug_ranges  0x0000000000000448      0x1c0 ./Drivers/STM32F1xx_HAL_Driver/Src/stm32f1xx_hal_spi.o
 .debug_ranges  0x0000000000000608      0x3c0 ./Drivers/STM32F1xx_HAL_Driver/Src/stm32f1xx_hal_tim.o
 .debug_ranges  0x00000000000009c8      0x158 ./Drivers/STM32F1xx_HAL_Driver/Src/stm32f1xx_hal_tim_ex.o
 .debug_ranges  0x0000000000000b20      0x1f0 ./Drivers/STM32F1xx_HAL_Driver/Src/stm32f1xx_hal_uart.o
 .debug_ranges  0x0000000000000d10       0x20 ./Src/DMA_USART.o
 .debug_ranges  0x0000000000000d30       0x58 ./Src/Interface_Master.o
 .debug_ranges  0x0000000000000d88       0x20 ./Src/can.o
 .debug_ranges  0x0000000000000da8       0x10 ./Src/dma.o
 .debug_ranges  0x0000000000000db8       0x10 ./Src/gpio.o
 .debug_ranges  0x0000000000000dc8       0x10 ./Src/iwdg.o
 .debug_ranges  0x0000000000000dd8       0x20 ./Src/lcd_dash.o
 .debug_ranges  0x0000000000000df8       0x20 ./Src/main.o
 .debug_ranges  0x0000000000000e18       0xf8 ./Src/nextion.o
 .debug_ranges  0x0000000000000f10       0x20 ./Src/spi.o
 .debug_ranges  0x0000000000000f30       0x10 ./Src/stm32f1xx_hal_msp.o
 .debug_ranges  0x0000000000000f40       0x80 ./Src/stm32f1xx_it.o
 .debug_ranges  0x0000000000000fc0       0x18 ./Src/system_stm32f1xx.o
 .debug_ranges  0x0000000000000fd8       0x30 ./Src/telemetry.o
 .debug_ranges  0x0000000000001008       0x20 ./Src/tim.o
 .debug_ranges  0x0000000000001028       0x28 ./Src/usart.o
 .debug_ranges  0x0000000000001050       0x30 ./Src/xbee.o
 .debug_ranges  0x0000000000001080       0x20 ./startup/startup_stm32f103xb.o

.debug_macro    0x0000000000000000    0x1a2fd
 .debug_macro   0x0000000000000000      0x1e5 ./Drivers/STM32F1xx_HAL_Driver/Src/stm32f1xx_hal.o
 .debug_macro   0x00000000000001e5      0xa72 ./Drivers/STM32F1xx_HAL_Driver/Src/stm32f1xx_hal.o
 .debug_macro   0x0000000000000c57      0x233 ./Drivers/STM32F1xx_HAL_Driver/Src/stm32f1xx_hal.o
 .debug_macro   0x0000000000000e8a       0x2e ./Drivers/STM32F1xx_HAL_Driver/Src/stm32f1xx_hal.o
 .debug_macro   0x0000000000000eb8       0x22 ./Drivers/STM32F1xx_HAL_Driver/Src/stm32f1xx_hal.o
 .debug_macro   0x0000000000000eda       0x22 ./Drivers/STM32F1xx_HAL_Driver/Src/stm32f1xx_hal.o
 .debug_macro   0x0000000000000efc       0x8e ./Drivers/STM32F1xx_HAL_Driver/Src/stm32f1xx_hal.o
 .debug_macro   0x0000000000000f8a       0x51 ./Drivers/STM32F1xx_HAL_Driver/Src/stm32f1xx_hal.o
 .debug_macro   0x0000000000000fdb      0x103 ./Drivers/STM32F1xx_HAL_Driver/Src/stm32f1xx_hal.o
 .debug_macro   0x00000000000010de       0x6a ./Drivers/STM32F1xx_HAL_Driver/Src/stm32f1xx_hal.o
 .debug_macro   0x0000000000001148      0x1df ./Drivers/STM32F1xx_HAL_Driver/Src/stm32f1xx_hal.o
 .debug_macro   0x0000000000001327       0x1c ./Drivers/STM32F1xx_HAL_Driver/Src/stm32f1xx_hal.o
 .debug_macro   0x0000000000001343       0x22 ./Drivers/STM32F1xx_HAL_Driver/Src/stm32f1xx_hal.o
 .debug_macro   0x0000000000001365       0xbd ./Drivers/STM32F1xx_HAL_Driver/Src/stm32f1xx_hal.o
 .debug_macro   0x0000000000001422      0xd23 ./Drivers/STM32F1xx_HAL_Driver/Src/stm32f1xx_hal.o
 .debug_macro   0x0000000000002145     0xe09e ./Drivers/STM32F1xx_HAL_Driver/Src/stm32f1xx_hal.o
 .debug_macro   0x00000000000101e3       0x6d ./Drivers/STM32F1xx_HAL_Driver/Src/stm32f1xx_hal.o
 .debug_macro   0x0000000000010250     0x3468 ./Drivers/STM32F1xx_HAL_Driver/Src/stm32f1xx_hal.o
 .debug_macro   0x00000000000136b8      0x174 ./Drivers/STM32F1xx_HAL_Driver/Src/stm32f1xx_hal.o
 .debug_macro   0x000000000001382c       0x50 ./Drivers/STM32F1xx_HAL_Driver/Src/stm32f1xx_hal.o
 .debug_macro   0x000000000001387c      0x5be ./Drivers/STM32F1xx_HAL_Driver/Src/stm32f1xx_hal.o
 .debug_macro   0x0000000000013e3a      0x289 ./Drivers/STM32F1xx_HAL_Driver/Src/stm32f1xx_hal.o
 .debug_macro   0x00000000000140c3      0x1cb ./Drivers/STM32F1xx_HAL_Driver/Src/stm32f1xx_hal.o
 .debug_macro   0x000000000001428e      0x114 ./Drivers/STM32F1xx_HAL_Driver/Src/stm32f1xx_hal.o
 .debug_macro   0x00000000000143a2      0x1b2 ./Drivers/STM32F1xx_HAL_Driver/Src/stm32f1xx_hal.o
 .debug_macro   0x0000000000014554       0x27 ./Drivers/STM32F1xx_HAL_Driver/Src/stm32f1xx_hal.o
 .debug_macro   0x000000000001457b      0x136 ./Drivers/STM32F1xx_HAL_Driver/Src/stm32f1xx_hal.o
 .debug_macro   0x00000000000146b1      0x1bc ./Drivers/STM32F1xx_HAL_Driver/Src/stm32f1xx_hal.o
 .debug_macro   0x000000000001486d       0x34 ./Drivers/STM32F1xx_HAL_Driver/Src/stm32f1xx_hal.o
 .debug_macro   0x00000000000148a1       0x3c ./Drivers/STM32F1xx_HAL_Driver/Src/stm32f1xx_hal.o
 .debug_macro   0x00000000000148dd      0x408 ./Drivers/STM32F1xx_HAL_Driver/Src/stm32f1xx_hal.o
 .debug_macro   0x0000000000014ce5       0x57 ./Drivers/STM32F1xx_HAL_Driver/Src/stm32f1xx_hal.o
 .debug_macro   0x0000000000014d3c       0x88 ./Drivers/STM32F1xx_HAL_Driver/Src/stm32f1xx_hal.o
 .debug_macro   0x0000000000014dc4      0x241 ./Drivers/STM32F1xx_HAL_Driver/Src/stm32f1xx_hal.o
 .debug_macro   0x0000000000015005       0x78 ./Drivers/STM32F1xx_HAL_Driver/Src/stm32f1xx_hal.o
 .debug_macro   0x000000000001507d      0x141 ./Drivers/STM32F1xx_HAL_Driver/Src/stm32f1xx_hal.o
 .debug_macro   0x00000000000151be      0x217 ./Drivers/STM32F1xx_HAL_Driver/Src/stm32f1xx_hal.o
 .debug_macro   0x00000000000153d5      0x8d1 ./Drivers/STM32F1xx_HAL_Driver/Src/stm32f1xx_hal.o
 .debug_macro   0x0000000000015ca6      0x279 ./Drivers/STM32F1xx_HAL_Driver/Src/stm32f1xx_hal.o
 .debug_macro   0x0000000000015f1f       0x83 ./Drivers/STM32F1xx_HAL_Driver/Src/stm32f1xx_hal.o
 .debug_macro   0x0000000000015fa2      0x1c9 ./Drivers/STM32F1xx_HAL_Driver/Src/stm32f1xx_hal_can.o
 .debug_macro   0x000000000001616b      0x1c1 ./Drivers/STM32F1xx_HAL_Driver/Src/stm32f1xx_hal_cortex.o
 .debug_macro   0x000000000001632c      0x1c1 ./Drivers/STM32F1xx_HAL_Driver/Src/stm32f1xx_hal_dma.o
 .debug_macro   0x00000000000164ed      0x22c ./Drivers/STM32F1xx_HAL_Driver/Src/stm32f1xx_hal_gpio.o
 .debug_macro   0x0000000000016719      0x1cd ./Drivers/STM32F1xx_HAL_Driver/Src/stm32f1xx_hal_iwdg.o
 .debug_macro   0x00000000000168e6      0x1d3 ./Drivers/STM32F1xx_HAL_Driver/Src/stm32f1xx_hal_rcc.o
 .debug_macro   0x0000000000016ab9      0x1c9 ./Drivers/STM32F1xx_HAL_Driver/Src/stm32f1xx_hal_spi.o
 .debug_macro   0x0000000000016c82      0x1c2 ./Drivers/STM32F1xx_HAL_Driver/Src/stm32f1xx_hal_tim.o
 .debug_macro   0x0000000000016e44      0x1c1 ./Drivers/STM32F1xx_HAL_Driver/Src/stm32f1xx_hal_tim_ex.o
 .debug_macro   0x0000000000017005      0x1c2 ./Drivers/STM32F1xx_HAL_Driver/Src/stm32f1xx_hal_uart.o
 .debug_macro   0x00000000000171c7      0x29f ./Src/DMA_USART.o
 .debug_macro   0x0000000000017466       0x52 ./Src/DMA_USART.o
 .debug_macro   0x00000000000174b8       0x18 ./Src/DMA_USART.o
 .debug_macro   0x00000000000174d0       0x3c ./Src/DMA_USART.o
 .debug_macro   0x000000000001750c       0x34 ./Src/DMA_USART.o
 .debug_macro   0x0000000000017540       0x16 ./Src/DMA_USART.o
 .debug_macro   0x0000000000017556       0x43 ./Src/DMA_USART.o
 .debug_macro   0x0000000000017599       0x34 ./Src/DMA_USART.o
 .debug_macro   0x00000000000175cd       0x10 ./Src/DMA_USART.o
 .debug_macro   0x00000000000175dd       0x58 ./Src/DMA_USART.o
 .debug_macro   0x0000000000017635       0x71 ./Src/DMA_USART.o
 .debug_macro   0x00000000000176a6       0x1c ./Src/DMA_USART.o
 .debug_macro   0x00000000000176c2      0x12a ./Src/DMA_USART.o
 .debug_macro   0x00000000000177ec      0x341 ./Src/DMA_USART.o
 .debug_macro   0x0000000000017b2d       0x10 ./Src/DMA_USART.o
 .debug_macro   0x0000000000017b3d       0x35 ./Src/DMA_USART.o
 .debug_macro   0x0000000000017b72       0x20 ./Src/DMA_USART.o
 .debug_macro   0x0000000000017b92      0x2e7 ./Src/Interface_Master.o
 .debug_macro   0x0000000000017e79       0x58 ./Src/Interface_Master.o
 .debug_macro   0x0000000000017ed1       0xa0 ./Src/Interface_Master.o
 .debug_macro   0x0000000000017f71       0x10 ./Src/Interface_Master.o
 .debug_macro   0x0000000000017f81       0x10 ./Src/Interface_Master.o
 .debug_macro   0x0000000000017f91      0x1e0 ./Src/can.o
 .debug_macro   0x0000000000018171       0x9a ./Src/can.o
 .debug_macro   0x000000000001820b      0x1da ./Src/dma.o
 .debug_macro   0x00000000000183e5      0x1da ./Src/gpio.o
 .debug_macro   0x00000000000185bf      0x1da ./Src/iwdg.o
 .debug_macro   0x0000000000018799      0x30c ./Src/lcd_dash.o
 .debug_macro   0x0000000000018aa5      0x172 ./Src/lcd_dash.o
 .debug_macro   0x0000000000018c17      0x346 ./Src/main.o
 .debug_macro   0x0000000000018f5d      0x2f5 ./Src/nextion.o
 .debug_macro   0x0000000000019252      0x1da ./Src/spi.o
 .debug_macro   0x000000000001942c      0x1d0 ./Src/stm32f1xx_hal_msp.o
 .debug_macro   0x00000000000195fc      0x1da ./Src/stm32f1xx_it.o
 .debug_macro   0x00000000000197d6      0x1c7 ./Src/system_stm32f1xx.o
 .debug_macro   0x000000000001999d      0x2f1 ./Src/telemetry.o
 .debug_macro   0x0000000000019c8e      0x1da ./Src/tim.o
 .debug_macro   0x0000000000019e68      0x1da ./Src/usart.o
 .debug_macro   0x000000000001a042      0x2bb ./Src/xbee.o

.debug_line     0x0000000000000000    0x1af9b
 .debug_line    0x0000000000000000      0x9c8 ./Drivers/STM32F1xx_HAL_Driver/Src/stm32f1xx_hal.o
 .debug_line    0x00000000000009c8     0x159a ./Drivers/STM32F1xx_HAL_Driver/Src/stm32f1xx_hal_can.o
 .debug_line    0x0000000000001f62      0xb3f ./Drivers/STM32F1xx_HAL_Driver/Src/stm32f1xx_hal_cortex.o
 .debug_line    0x0000000000002aa1      0xf1b ./Drivers/STM32F1xx_HAL_Driver/Src/stm32f1xx_hal_dma.o
 .debug_line    0x00000000000039bc      0xacc ./Drivers/STM32F1xx_HAL_Driver/Src/stm32f1xx_hal_gpio.o
 .debug_line    0x0000000000004488      0x74f ./Drivers/STM32F1xx_HAL_Driver/Src/stm32f1xx_hal_iwdg.o
 .debug_line    0x0000000000004bd7     0x10ac ./Drivers/STM32F1xx_HAL_Driver/Src/stm32f1xx_hal_rcc.o
 .debug_line    0x0000000000005c83     0x2905 ./Drivers/STM32F1xx_HAL_Driver/Src/stm32f1xx_hal_spi.o
 .debug_line    0x0000000000008588     0x4b08 ./Drivers/STM32F1xx_HAL_Driver/Src/stm32f1xx_hal_tim.o
 .debug_line    0x000000000000d090     0x2008 ./Drivers/STM32F1xx_HAL_Driver/Src/stm32f1xx_hal_tim_ex.o
 .debug_line    0x000000000000f098     0x2554 ./Drivers/STM32F1xx_HAL_Driver/Src/stm32f1xx_hal_uart.o
 .debug_line    0x00000000000115ec      0x92f ./Src/DMA_USART.o
 .debug_line    0x0000000000011f1b      0xa35 ./Src/Interface_Master.o
 .debug_line    0x0000000000012950      0x85c ./Src/can.o
 .debug_line    0x00000000000131ac      0x6ad ./Src/dma.o
 .debug_line    0x0000000000013859      0x744 ./Src/gpio.o
 .debug_line    0x0000000000013f9d      0x6d0 ./Src/iwdg.o
 .debug_line    0x000000000001466d      0x9b6 ./Src/lcd_dash.o
 .debug_line    0x0000000000015023      0x97d ./Src/main.o
 .debug_line    0x00000000000159a0      0xf90 ./Src/nextion.o
 .debug_line    0x0000000000016930      0x7bb ./Src/spi.o
 .debug_line    0x00000000000170eb      0x6ba ./Src/stm32f1xx_hal_msp.o
 .debug_line    0x00000000000177a5      0x887 ./Src/stm32f1xx_it.o
 .debug_line    0x000000000001802c      0x790 ./Src/system_stm32f1xx.o
 .debug_line    0x00000000000187bc      0xc88 ./Src/telemetry.o
 .debug_line    0x0000000000019444      0x779 ./Src/tim.o
 .debug_line    0x0000000000019bbd      0x91e ./Src/usart.o
 .debug_line    0x000000000001a4db      0xa43 ./Src/xbee.o
 .debug_line    0x000000000001af1e       0x7d ./startup/startup_stm32f103xb.o

.debug_str      0x0000000000000000    0x8f174
 .debug_str     0x0000000000000000    0x86fe7 ./Drivers/STM32F1xx_HAL_Driver/Src/stm32f1xx_hal.o
                                      0x87474 (size before relaxing)
 .debug_str     0x0000000000086fe7      0x7f8 ./Drivers/STM32F1xx_HAL_Driver/Src/stm32f1xx_hal_can.o
                                      0x87541 (size before relaxing)
 .debug_str     0x00000000000877df      0x293 ./Drivers/STM32F1xx_HAL_Driver/Src/stm32f1xx_hal_cortex.o
                                      0x873c0 (size before relaxing)
 .debug_str     0x0000000000087a72      0x3ce ./Drivers/STM32F1xx_HAL_Driver/Src/stm32f1xx_hal_dma.o
                                      0x870ea (size before relaxing)
 .debug_str     0x0000000000087e40      0x3a4 ./Drivers/STM32F1xx_HAL_Driver/Src/stm32f1xx_hal_gpio.o
                                      0x870c7 (size before relaxing)
 .debug_str     0x00000000000881e4      0x12a ./Drivers/STM32F1xx_HAL_Driver/Src/stm32f1xx_hal_iwdg.o
                                      0x86e03 (size before relaxing)
 .debug_str     0x000000000008830e      0x376 ./Drivers/STM32F1xx_HAL_Driver/Src/stm32f1xx_hal_rcc.o
                                      0x87170 (size before relaxing)
 .debug_str     0x0000000000088684      0x71e ./Drivers/STM32F1xx_HAL_Driver/Src/stm32f1xx_hal_spi.o
                                      0x8766d (size before relaxing)
 .debug_str     0x0000000000088da2     0x10f8 ./Drivers/STM32F1xx_HAL_Driver/Src/stm32f1xx_hal_tim.o
                                      0x8815b (size before relaxing)
 .debug_str     0x0000000000089e9a      0x503 ./Drivers/STM32F1xx_HAL_Driver/Src/stm32f1xx_hal_tim_ex.o
                                      0x87977 (size before relaxing)
 .debug_str     0x000000000008a39d      0x778 ./Drivers/STM32F1xx_HAL_Driver/Src/stm32f1xx_hal_uart.o
                                      0x8777b (size before relaxing)
 .debug_str     0x000000000008ab15     0x2ee9 ./Src/DMA_USART.o
                                      0x89fa1 (size before relaxing)
 .debug_str     0x000000000008d9fe      0x5b0 ./Src/Interface_Master.o
                                      0x8a50b (size before relaxing)
 .debug_str     0x000000000008dfae       0x53 ./Src/can.o
                                      0x877b6 (size before relaxing)
 .debug_str     0x000000000008e001       0x24 ./Src/dma.o
                                      0x87256 (size before relaxing)
 .debug_str     0x000000000008e025       0x27 ./Src/gpio.o
                                      0x86ff8 (size before relaxing)
 .debug_str     0x000000000008e04c       0x27 ./Src/iwdg.o
                                      0x86fb6 (size before relaxing)
 .debug_str     0x000000000008e073      0x832 ./Src/lcd_dash.o
                                      0x8a7a4 (size before relaxing)
 .debug_str     0x000000000008e8a5       0xa5 ./Src/main.o
                                      0x8a1db (size before relaxing)
 .debug_str     0x000000000008e94a      0x449 ./Src/nextion.o
                                      0x8a3cc (size before relaxing)
 .debug_str     0x000000000008ed93       0x1d ./Src/spi.o
                                      0x87409 (size before relaxing)
 .debug_str     0x000000000008edb0       0x1b ./Src/stm32f1xx_hal_msp.o
                                      0x86f80 (size before relaxing)
 .debug_str     0x000000000008edcb      0x156 ./Src/stm32f1xx_it.o
                                      0x8788f (size before relaxing)
 .debug_str     0x000000000008ef21       0x69 ./Src/system_stm32f1xx.o
                                      0x86db6 (size before relaxing)
 .debug_str     0x000000000008ef8a       0xd6 ./Src/telemetry.o
                                      0x8a082 (size before relaxing)
 .debug_str     0x000000000008f060       0x22 ./Src/tim.o
                                      0x87586 (size before relaxing)
 .debug_str     0x000000000008f082       0x1a ./Src/usart.o
                                      0x87788 (size before relaxing)
 .debug_str     0x000000000008f09c       0xa9 ./Src/xbee.o
                                      0x8a41c (size before relaxing)
 .debug_str     0x000000000008f145       0x2f ./startup/startup_stm32f103xb.o
                                         0x71 (size before relaxing)

.comment        0x0000000000000000       0x50
 .comment       0x0000000000000000       0x50 ./Drivers/STM32F1xx_HAL_Driver/Src/stm32f1xx_hal.o
                                         0x51 (size before relaxing)
 .comment       0x0000000000000050       0x51 ./Drivers/STM32F1xx_HAL_Driver/Src/stm32f1xx_hal_can.o
 .comment       0x0000000000000050       0x51 ./Drivers/STM32F1xx_HAL_Driver/Src/stm32f1xx_hal_cortex.o
 .comment       0x0000000000000050       0x51 ./Drivers/STM32F1xx_HAL_Driver/Src/stm32f1xx_hal_dma.o
 .comment       0x0000000000000050       0x51 ./Drivers/STM32F1xx_HAL_Driver/Src/stm32f1xx_hal_gpio.o
 .comment       0x0000000000000050       0x51 ./Drivers/STM32F1xx_HAL_Driver/Src/stm32f1xx_hal_iwdg.o
 .comment       0x0000000000000050       0x51 ./Drivers/STM32F1xx_HAL_Driver/Src/stm32f1xx_hal_rcc.o
 .comment       0x0000000000000050       0x51 ./Drivers/STM32F1xx_HAL_Driver/Src/stm32f1xx_hal_spi.o
 .comment       0x0000000000000050       0x51 ./Drivers/STM32F1xx_HAL_Driver/Src/stm32f1xx_hal_tim.o
 .comment       0x0000000000000050       0x51 ./Drivers/STM32F1xx_HAL_Driver/Src/stm32f1xx_hal_tim_ex.o
 .comment       0x0000000000000050       0x51 ./Drivers/STM32F1xx_HAL_Driver/Src/stm32f1xx_hal_uart.o
 .comment       0x0000000000000050       0x51 ./Src/DMA_USART.o
 .comment       0x0000000000000050       0x51 ./Src/Interface_Master.o