../Src/Interface_Master.c:38:6:interfaceInit	8	static
../Src/Interface_Master.c:64:6:UART_Print_Debug	112	static
../Src/Interface_Master.c:79:6:canMessageReceived	0	static
../Src/Interface_Master.c:89:6:blinkLed1	8	static
../Src/Interface_Master.c:93:6:blinkLed2	8	static
../Src/Interface_Master.c:97:6:blinkLed3	8	static
../Src/Interface_Master.c:101:6:timerAtualization	8	static
../Src/Interface_Master.c:105:6:debugFunction	0	static
../Src/Interface_Master.c:112:9:timer_wait_ms	16	static
../Src/Interface_Master.c:119:6:timer_restart	8	static
