../Src/nextion.c:28:6:sendCommand	16	static
../Src/nextion.c:39:5:recvRetCommandFinished	8	static
../Src/nextion.c:54:5:recvRetNumber	16	static
../Src/nextion.c:68:5:recvRetString	56	static
../Src/nextion.c:108:5:nexInit	8	static
../Src/nextion.c:121:5:NexPageShow	24	static
../Src/nextion.c:129:5:NexTextSetText	112	static
../Src/nextion.c:138:5:NexTextSetColor	72	static
../Src/nextion.c:146:5:NexTextGetText	32	static
../Src/nextion.c:154:5:NexNumberSetValue	24	static
../Src/nextion.c:162:5:NexNumberGetValue	24	static
../Src/nextion.c:170:5:NexXfloatSetValue	24	static
../Src/nextion.c:178:5:NexPictureSetPic	24	static
../Src/nextion.c:186:5:NexButtonGetText	32	static
../Src/nextion.c:194:5:NexButtonSetText	112	static
../Src/nextion.c:203:5:NexCheckboxGetValue	24	static
../Src/nextion.c:211:5:NexCheckboxSetValue	24	static
../Src/nextion.c:219:5:NexDSButtonGetValue	24	static
../Src/nextion.c:227:5:NexDSButtonSetValue	24	static
../Src/nextion.c:235:5:NexDSButtonGetText	32	static
../Src/nextion.c:243:5:NexDSButtonSetText	112	static
../Src/nextion.c:252:5:NexGaugeGetValue	24	static
../Src/nextion.c:260:6:NexGaugeSetValue	24	static
../Src/nextion.c:268:5:NexProgressBarGetValue	24	static
../Src/nextion.c:276:5:NexProgressBarSetValue	24	static
../Src/nextion.c:284:5:NexRadioGetValue	24	static
../Src/nextion.c:292:6:NexRadioSetValue	24	static
../Src/nextion.c:300:5:NexVariableGetValue	24	static
../Src/nextion.c:308:5:NexVariableSetValue	24	static
../Src/nextion.c:316:5:NexVariableGetText	32	static
../Src/nextion.c:324:5:NexVariableSetText	112	static
