../Src/nextion.c:27:6:sendCommand	16	static
../Src/nextion.c:38:5:recvRetCommandFinished	16	static
../Src/nextion.c:53:5:recvRetNumber	16	static
../Src/nextion.c:67:5:recvRetString	56	static
../Src/nextion.c:107:5:nexInit	8	static
../Src/nextion.c:120:5:NexPageShow	24	static
../Src/nextion.c:128:5:NexTextSetText	112	static
../Src/nextion.c:137:5:NexTextGetText	32	static
../Src/nextion.c:145:5:NexNumberSetValue	24	static
../Src/nextion.c:153:5:NexNumberGetValue	24	static
../Src/nextion.c:161:5:NexXfloatSetValue	24	static
../Src/nextion.c:169:5:NexPictureSetPic	24	static
../Src/nextion.c:177:5:NexButtonGetText	32	static
../Src/nextion.c:185:5:NexButtonSetText	112	static
../Src/nextion.c:194:5:NexCheckboxGetValue	24	static
../Src/nextion.c:202:5:NexCheckboxSetValue	24	static
../Src/nextion.c:210:5:NexDSButtonGetValue	24	static
../Src/nextion.c:218:5:NexDSButtonSetValue	24	static
../Src/nextion.c:226:5:NexDSButtonGetText	32	static
../Src/nextion.c:234:5:NexDSButtonSetText	112	static
../Src/nextion.c:243:5:NexGaugeGetValue	24	static
../Src/nextion.c:251:6:NexGaugeSetValue	24	static
../Src/nextion.c:259:5:NexProgressBarGetValue	24	static
../Src/nextion.c:267:5:NexProgressBarSetValue	24	static
../Src/nextion.c:275:5:NexRadioGetValue	24	static
../Src/nextion.c:283:6:NexRadioSetValue	24	static
../Src/nextion.c:291:5:NexVariableGetValue	24	static
../Src/nextion.c:299:5:NexVariableSetValue	24	static
../Src/nextion.c:307:5:NexVariableGetText	32	static
../Src/nextion.c:315:5:NexVariableSetText	112	static
