../Src/stm32f1xx_it.c:92:6:NMI_Handler	0	static
../Src/stm32f1xx_it.c:105:6:HardFault_Handler	0	static
../Src/stm32f1xx_it.c:120:6:MemManage_Handler	0	static
../Src/stm32f1xx_it.c:135:6:BusFault_Handler	0	static
../Src/stm32f1xx_it.c:150:6:UsageFault_Handler	0	static
../Src/stm32f1xx_it.c:165:6:SVC_Handler	0	static
../Src/stm32f1xx_it.c:178:6:DebugMon_Handler	0	static
../Src/stm32f1xx_it.c:191:6:PendSV_Handler	0	static
../Src/stm32f1xx_it.c:204:6:SysTick_Handler	8	static
../Src/stm32f1xx_it.c:225:6:DMA1_Channel3_IRQHandler	8	static
../Src/stm32f1xx_it.c:240:6:DMA1_Channel6_IRQHandler	8	static
../Src/stm32f1xx_it.c:254:6:USB_LP_CAN1_RX0_IRQHandler	8	static
../Src/stm32f1xx_it.c:283:6:CAN1_RX1_IRQHandler	8	static
../Src/stm32f1xx_it.c:297:6:USART2_IRQHandler	8	static
../Src/stm32f1xx_it.c:313:6:USART3_IRQHandler	8	static
