../Drivers/STM32F1xx_HAL_Driver/Src/stm32f1xx_hal_dma.c:858:13:DMA_SetConfig	8	static
../Drivers/STM32F1xx_HAL_Driver/Src/stm32f1xx_hal_dma.c:143:19:HAL_DMA_Init	4	static
../Drivers/STM32F1xx_HAL_Driver/Src/stm32f1xx_hal_dma.c:220:19:HAL_DMA_DeInit	4	static
../Drivers/STM32F1xx_HAL_Driver/Src/stm32f1xx_hal_dma.c:319:19:HAL_DMA_Start	16	static
../Drivers/STM32F1xx_HAL_Driver/Src/stm32f1xx_hal_dma.c:362:19:HAL_DMA_Start_IT	16	static
../Drivers/STM32F1xx_HAL_Driver/Src/stm32f1xx_hal_dma.c:416:19:HAL_DMA_Abort	0	static
../Drivers/STM32F1xx_HAL_Driver/Src/stm32f1xx_hal_dma.c:457:19:HAL_DMA_Abort_IT	8	static
../Drivers/STM32F1xx_HAL_Driver/Src/stm32f1xx_hal_dma.c:502:19:HAL_DMA_PollForTransfer	24	static
../Drivers/STM32F1xx_HAL_Driver/Src/stm32f1xx_hal_dma.c:603:6:HAL_DMA_IRQHandler	16	static
../Drivers/STM32F1xx_HAL_Driver/Src/stm32f1xx_hal_dma.c:693:19:HAL_DMA_RegisterCallback	0	static
../Drivers/STM32F1xx_HAL_Driver/Src/stm32f1xx_hal_dma.c:744:19:HAL_DMA_UnRegisterCallback	0	static
../Drivers/STM32F1xx_HAL_Driver/Src/stm32f1xx_hal_dma.c:820:22:HAL_DMA_GetState	0	static
../Drivers/STM32F1xx_HAL_Driver/Src/stm32f1xx_hal_dma.c:832:10:HAL_DMA_GetError	0	static
