Archive member included to satisfy reference by file (symbol)

c:/st/stm32cubeide_1.9.0/stm32cubeide/plugins/com.st.stm32cube.ide.mcu.externaltools.gnu-tools-for-stm32.10.3-2021.10.win32_1.0.0.202111181127/tools/bin/../lib/gcc/arm-none-eabi/10.3.1/../../../../arm-none-eabi/lib/thumb/v7-m/nofp\libc_nano.a(lib_a-exit.o)
                              c:/st/stm32cubeide_1.9.0/stm32cubeide/plugins/com.st.stm32cube.ide.mcu.externaltools.gnu-tools-for-stm32.10.3-2021.10.win32_1.0.0.202111181127/tools/bin/../lib/gcc/arm-none-eabi/10.3.1/../../../../arm-none-eabi/lib/thumb/v7-m/nofp/crt0.o (exit)
c:/st/stm32cubeide_1.9.0/stm32cubeide/plugins/com.st.stm32cube.ide.mcu.externaltools.gnu-tools-for-stm32.10.3-2021.10.win32_1.0.0.202111181127/tools/bin/../lib/gcc/arm-none-eabi/10.3.1/../../../../arm-none-eabi/lib/thumb/v7-m/nofp\libc_nano.a(lib_a-impure.o)
                              c:/st/stm32cubeide_1.9.0/stm32cubeide/plugins/com.st.stm32cube.ide.mcu.externaltools.gnu-tools-for-stm32.10.3-2021.10.win32_1.0.0.202111181127/tools/bin/../lib/gcc/arm-none-eabi/10.3.1/../../../../arm-none-eabi/lib/thumb/v7-m/nofp\libc_nano.a(lib_a-exit.o) (_global_impure_ptr)
c:/st/stm32cubeide_1.9.0/stm32cubeide/plugins/com.st.stm32cube.ide.mcu.externaltools.gnu-tools-for-stm32.10.3-2021.10.win32_1.0.0.202111181127/tools/bin/../lib/gcc/arm-none-eabi/10.3.1/../../../../arm-none-eabi/lib/thumb/v7-m/nofp\libc_nano.a(lib_a-init.o)
                              c:/st/stm32cubeide_1.9.0/stm32cubeide/plugins/com.st.stm32cube.ide.mcu.externaltools.gnu-tools-for-stm32.10.3-2021.10.win32_1.0.0.202111181127/tools/bin/../lib/gcc/arm-none-eabi/10.3.1/../../../../arm-none-eabi/lib/thumb/v7-m/nofp/crt0.o (__libc_init_array)
c:/st/stm32cubeide_1.9.0/stm32cubeide/plugins/com.st.stm32cube.ide.mcu.externaltools.gnu-tools-for-stm32.10.3-2021.10.win32_1.0.0.202111181127/tools/bin/../lib/gcc/arm-none-eabi/10.3.1/../../../../arm-none-eabi/lib/thumb/v7-m/nofp\libc_nano.a(lib_a-memcpy-stub.o)
                              ./Src/DMA_USART.o (memcpy)
c:/st/stm32cubeide_1.9.0/stm32cubeide/plugins/com.st.stm32cube.ide.mcu.externaltools.gnu-tools-for-stm32.10.3-2021.10.win32_1.0.0.202111181127/tools/bin/../lib/gcc/arm-none-eabi/10.3.1/../../../../arm-none-eabi/lib/thumb/v7-m/nofp\libc_nano.a(lib_a-memset.o)
                              c:/st/stm32cubeide_1.9.0/stm32cubeide/plugins/com.st.stm32cube.ide.mcu.externaltools.gnu-tools-for-stm32.10.3-2021.10.win32_1.0.0.202111181127/tools/bin/../lib/gcc/arm-none-eabi/10.3.1/../../../../arm-none-eabi/lib/thumb/v7-m/nofp/crt0.o (memset)
c:/st/stm32cubeide_1.9.0/stm32cubeide/plugins/com.st.stm32cube.ide.mcu.externaltools.gnu-tools-for-stm32.10.3-2021.10.win32_1.0.0.202111181127/tools/bin/../lib/gcc/arm-none-eabi/10.3.1/../../../../arm-none-eabi/lib/thumb/v7-m/nofp\libc_nano.a(lib_a-sprintf.o)
                              ./Src/nextion.o (sprintf)
c:/st/stm32cubeide_1.9.0/stm32cubeide/plugins/com.st.stm32cube.ide.mcu.externaltools.gnu-tools-for-stm32.10.3-2021.10.win32_1.0.0.202111181127/tools/bin/../lib/gcc/arm-none-eabi/10.3.1/../../../../arm-none-eabi/lib/thumb/v7-m/nofp\libc_nano.a(lib_a-strlen.o)
                              ./Src/nextion.o (strlen)
c:/st/stm32cubeide_1.9.0/stm32cubeide/plugins/com.st.stm32cube.ide.mcu.externaltools.gnu-tools-for-stm32.10.3-2021.10.win32_1.0.0.202111181127/tools/bin/../lib/gcc/arm-none-eabi/10.3.1/../../../../arm-none-eabi/lib/thumb/v7-m/nofp\libc_nano.a(lib_a-strncpy.o)
                              ./Src/nextion.o (strncpy)
c:/st/stm32cubeide_1.9.0/stm32cubeide/plugins/com.st.stm32cube.ide.mcu.externaltools.gnu-tools-for-stm32.10.3-2021.10.win32_1.0.0.202111181127/tools/bin/../lib/gcc/arm-none-eabi/10.3.1/../../../../arm-none-eabi/lib/thumb/v7-m/nofp\libc_nano.a(lib_a-vsprintf.o)
                              ./Src/Interface_Master.o (vsprintf)
c:/st/stm32cubeide_1.9.0/stm32cubeide/plugins/com.st.stm32cube.ide.mcu.externaltools.gnu-tools-for-stm32.10.3-2021.10.win32_1.0.0.202111181127/tools/bin/../lib/gcc/arm-none-eabi/10.3.1/../../../../arm-none-eabi/lib/thumb/v7-m/nofp\libc_nano.a(lib_a-nano-svfprintf.o)
                              c:/st/stm32cubeide_1.9.0/stm32cubeide/plugins/com.st.stm32cube.ide.mcu.externaltools.gnu-tools-for-stm32.10.3-2021.10.win32_1.0.0.202111181127/tools/bin/../lib/gcc/arm-none-eabi/10.3.1/../../../../arm-none-eabi/lib/thumb/v7-m/nofp\libc_nano.a(lib_a-sprintf.o) (_svfprintf_r)
c:/st/stm32cubeide_1.9.0/stm32cubeide/plugins/com.st.stm32cube.ide.mcu.externaltools.gnu-tools-for-stm32.10.3-2021.10.win32_1.0.0.202111181127/tools/bin/../lib/gcc/arm-none-eabi/10.3.1/../../../../arm-none-eabi/lib/thumb/v7-m/nofp\libc_nano.a(lib_a-nano-vfprintf_i.o)
                              c:/st/stm32cubeide_1.9.0/stm32cubeide/plugins/com.st.stm32cube.ide.mcu.externaltools.gnu-tools-for-stm32.10.3-2021.10.win32_1.0.0.202111181127/tools/bin/../lib/gcc/arm-none-eabi/10.3.1/../../../../arm-none-eabi/lib/thumb/v7-m/nofp\libc_nano.a(lib_a-nano-svfprintf.o) (_printf_i)
[...]
Memory Configuration

Name             Origin             Length             Attributes
RAM              0x0000000020000000 0x0000000000005000 xrw
FLASH            0x0000000008000000 0x0000000000010000 xr
*default*        0x0000000000000000 0xffffffffffffffff

Linker script and memory map

LOAD c:/st/stm32cubeide_1.9.0/stm32cubeide/plugins/com.st.stm32cube.ide.mcu.externaltools.gnu-tools-for-stm32.10.3-2021.10.win32_1.0.0.202111181127/tools/bin/../lib/gcc/arm-none-eabi/10.3.1/thumb/v7-m/nofp/crti.o
LOAD c:/st/stm32cubeide_1.9.0/stm32cubeide/plugins/com.st.stm32cube.ide.mcu.externaltools.gnu-tools-for-stm32.10.3-2021.10.win32_1.0.0.202111181127/tools/bin/../lib/gcc/arm-none-eabi/10.3.1/thumb/v7-m/nofp/crtbegin.o
LOAD c:/st/stm32cubeide_1.9.0/stm32cubeide/plugins/com.st.stm32cube.ide.mcu.externaltools.gnu-tools-for-stm32.10.3-2021.10.win32_1.0.0.202111181127/tools/bin/../lib/gcc/arm-none-eabi/10.3.1/../../../../arm-none-eabi/lib/thumb/v7-m/nofp/crt0.o
LOAD ./Drivers/STM32F1xx_HAL_Driver/Src/stm32f1xx_hal.o
LOAD ./Drivers/STM32F1xx_HAL_Driver/Src/stm32f1xx_hal_can.o
LOAD ./Drivers/STM32F1xx_HAL_Driver/Src/stm32f1xx_hal_cortex.o
LOAD ./Drivers/STM32F1xx_HAL_Driver/Src/stm32f1xx_hal_dma.o
LOAD ./Drivers/STM32F1xx_HAL_Driver/Src/stm32f1xx_hal_exti.o
LOAD ./Drivers/STM32F1xx_HAL_Driver/Src/stm32f1xx_hal_flash.o
LOAD ./Drivers/STM32F1xx_HAL_Driver/Src/stm32f1xx_hal_flash_ex.o
LOAD ./Drivers/STM32F1xx_HAL_Driver/Src/stm32f1xx_hal_gpio.o
LOAD ./Drivers/STM32F1xx_HAL_Driver/Src/stm32f1xx_hal_gpio_ex.o
LOAD ./Drivers/STM32F1xx_HAL_Driver/Src/stm32f1xx_hal_iwdg.o
LOAD ./Drivers/STM32F1xx_HAL_Driver/Src/stm32f1xx_hal_pwr.o
LOAD ./Drivers/STM32F1xx_HAL_Driver/Src/stm32f1xx_hal_rcc.o
LOAD ./Drivers/STM32F1xx_HAL_Driver/Src/stm32f1xx_hal_rcc_ex.o
LOAD ./Drivers/STM32F1xx_HAL_Driver/Src/stm32f1xx_hal_spi.o
LOAD ./Drivers/STM32F1xx_HAL_Driver/Src/stm32f1xx_hal_tim.o
LOAD ./Drivers/STM32F1xx_HAL_Driver/Src/stm32f1xx_hal_tim_ex.o
LOAD ./Drivers/STM32F1xx_HAL_Driver/Src/stm32f1xx_hal_uart.o
LOAD ./Src/DMA_USART.o
LOAD ./Src/Failure.o
LOAD ./Src/Interface_Master.o
LOAD ./Src/can.o
LOAD ./Src/dma.o
LOAD ./Src/gpio.o
LOAD ./Src/iwdg.o
LOAD ./Src/lcd_dash.o
LOAD ./Src/main.o
LOAD ./Src/nextion.o
LOAD ./Src/spi.o
LOAD ./Src/stm32f1xx_hal_msp.o
LOAD ./Src/stm32f1xx_it.o
LOAD ./Src/system_stm32f1xx.o
LOAD ./Src/telemetry.o
LOAD ./Src/tim.o
LOAD ./Src/usart.o
LOAD ./Src/xbee.o
LOAD ./startup/startup_stm32f103xb.o
START GROUP
LOAD c:/st/stm32cubeide_1.9.0/stm32cubeide/plugins/com.st.stm32cube.ide.mcu.externaltools.gnu-tools-for-stm32.10.3-2021.10.win32_1.0.0.202111181127/tools/bin/../lib/gcc/arm-none-eabi/10.3.1/../../../../arm-none-eabi/lib/thumb/v7-m/nofp\libstdc++_nano.a
LOAD c:/st/stm32cubeide_1.9.0/stm32cubeide/plugins/com.st.stm32cube.ide.mcu.externaltools.gnu-tools-for-stm32.10.3-2021.10.win32_1.0.0.202111181127/tools/bin/../lib/gcc/arm-none-eabi/10.3.1/../../../../arm-none-eabi/lib/thumb/v7-m/nofp\libsupc++_nano.a
END GROUP
LOAD c:/st/stm32cubeide_1.9.0/stm32cubeide/plugins/com.st.stm32cube.ide.mcu.externaltools.gnu-tools-for-stm32.10.3-2021.10.win32_1.0.0.202111181127/tools/bin/../lib/gcc/arm-none-eabi/10.3.1/../../../../arm-none-eabi/lib/thumb/v7-m/nofp\libstdc++_nano.a
LOAD c:/st/stm32cubeide_1.9.0/stm32cubeide/plugins/com.st.stm32cube.ide.mcu.externaltools.gnu-tools-for-stm32.10.3-2021.10.win32_1.0.0.202111181127/tools/bin/../lib/gcc/arm-none-eabi/10.3.1/../../../../arm-none-eabi/lib/thumb/v7-m/nofp\libm.a
LOAD c:/st/stm32cubeide_1.9.0/stm32cubeide/plugins/com.st.stm32cube.ide.mcu.externaltools.gnu-tools-for-stm32.10.3-2021.10.win32_1.0.0.202111181127/tools/bin/../lib/gcc/arm-none-eabi/10.3.1/../../../../arm-none-eabi/lib/thumb/v7-m/nofp\libc_nano.a
START GROUP
LOAD c:/st/stm32cubeide_1.9.0/stm32cubeide/plugins/com.st.stm32cube.ide.mcu.externaltools.gnu-tools-for-stm32.10.3-2021.10.win32_1.0.0.202111181127/tools/bin/../lib/gcc/arm-none-eabi/10.3.1/thumb/v7-m/nofp\libgcc.a
LOAD c:/st/stm32cubeide_1.9.0/stm32cubeide/plugins/com.st.stm32cube.ide.mcu.externaltools.gnu-tools-for-stm32.10.3-2021.10.win32_1.0.0.202111181127/tools/bin/../lib/gcc/arm-none-eabi/10.3.1/../../../../arm-none-eabi/lib/thumb/v7-m/nofp\libc_nano.a
END GROUP
START GROUP
LOAD c:/st/stm32cubeide_1.9.0/stm32cubeide/plugins/com.st.stm32cube.ide.mcu.externaltools.gnu-tools-for-stm32.10.3-2021.10.win32_1.0.0.202111181127/tools/bin/../lib/gcc/arm-none-eabi/10.3.1/thumb/v7-m/nofp\libgcc.a
LOAD c:/st/stm32cubeide_1.9.0/stm32cubeide/plugins/com.st.stm32cube.ide.mcu.externaltools.gnu-tools-for-stm32.10.3-2021.10.win32_1.0.0.202111181127/tools/bin/../lib/gcc/arm-none-eabi/10.3.1/../../../../arm-none-eabi/lib/thumb/v7-m/nofp\libc_nano.a
LOAD c:/st/stm32cubeide_1.9.0/stm32cubeide/plugins/com.st.stm32cube.ide.mcu.externaltools.gnu-tools-for-stm32.10.3-2021.10.win32_1.0.0.202111181127/tools/bin/../lib/gcc/arm-none-eabi/10.3.1/../../../../arm-none-eabi/lib/thumb/v7-m/nofp\libnosys.a
END GROUP
START GROUP
LOAD c:/st/stm32cubeide_1.9.0/stm32cubeide/plugins/com.st.stm32cube.ide.mcu.externaltools.gnu-tools-for-stm32.10.3-2021.10.win32_1.0.0.202111181127/tools/bin/../lib/gcc/arm-none-eabi/10.3.1/thumb/v7-m/nofp\libgcc.a
LOAD c:/st/stm32cubeide_1.9.0/stm32cubeide/plugins/com.st.stm32cube.ide.mcu.externaltools.gnu-tools-for-stm32.10.3-2021.10.win32_1.0.0.202111181127/tools/bin/../lib/gcc/arm-none-eabi/10.3.1/../../../../arm-none-eabi/lib/thumb/v7-m/nofp\libc_nano.a
LOAD c:/st/stm32cubeide_1.9.0/stm32cubeide/plugins/com.st.stm32cube.ide.mcu.externaltools.gnu-tools-for-stm32.10.3-2021.10.win32_1.0.0.202111181127/tools/bin/../lib/gcc/arm-none-eabi/10.3.1/../../../../arm-none-eabi/lib/thumb/v7-m/nofp\libnosys.a
END GROUP
LOAD c:/st/stm32cubeide_1.9.0/stm32cubeide/plugins/com.st.stm32cube.ide.mcu.externaltools.gnu-tools-for-stm32.10.3-2021.10.win32_1.0.0.202111181127/tools/bin/../lib/gcc/arm-none-eabi/10.3.1/thumb/v7-m/nofp/crtend.o
LOAD c:/st/stm32cubeide_1.9.0/stm32cubeide/plugins/com.st.stm32cube.ide.mcu.externaltools.gnu-tools-for-stm32.10.3-2021.10.win32_1.0.0.202111181127/tools/bin/../lib/gcc/arm-none-eabi/10.3.1/thumb/v7-m/nofp/crtn.o
                0x0000000020005000                _estack = 0x20005000
                0x0000000000000200                _Min_Heap_Size = 0x200
                0x0000000000000400                _Min_Stack_Size = 0x400

.isr_vector     0x0000000008000000      0x10c
                0x0000000008000000                . = ALIGN (0x4)
 *(.isr_vector)
 .isr_vector    0x0000000008000000      0x10c ./startup/startup_stm32f103xb.o
                0x0000000008000000                g_pfnVectors
                0x000000000800010c                . = ALIGN (0x4)

.text           0x0000000008000110     0x4cc4
                0x0000000008000110                . = ALIGN (0x4)
 *(.text)
 .text          0x0000000008000110       0x40 c:/st/stm32cubeide_1.9.0/stm32cubeide/plugins/com.st.stm32cube.ide.mcu.externaltools.gnu-tools-for-stm32.10.3-2021.10.win32_1.0.0.202111181127/tools/bin/../lib/gcc/arm-none-eabi/10.3.1/thumb/v7-m/nofp/crtbegin.o
 .text          0x0000000008000150       0x10 c:/st/stm32cubeide_1.9.0/stm32cubeide/plugins/com.st.stm32cube.ide.mcu.externaltools.gnu-tools-for-stm32.10.3-2021.10.win32_1.0.0.202111181127/tools/bin/../lib/gcc/arm-none-eabi/10.3.1/../../../../arm-none-eabi/lib/thumb/v7-m/nofp\libc_nano.a(lib_a-strlen.o)
                0x0000000008000150                strlen
 .text          0x0000000008000160      0x168 c:/st/stm32cubeide_1.9.0/stm32cubeide/plugins/com.st.stm32cube.ide.mcu.externaltools.gnu-tools-for-stm32.10.3-2021.10.win32_1.0.0.202111181127/tools/bin/../lib/gcc/arm-none-eabi/10.3.1/thumb/v7-m/nofp\libgcc.a(_arm_mulsf3.o)
                0x0000000008000160                __aeabi_fmul
                0x0000000008000160                __mulsf3
 .text          0x00000000080002c8      0x378 c:/st/stm32cubeide_1.9.0/stm32cubeide/plugins/com.st.stm32cube.ide.mcu.externaltools.gnu-tools-for-stm32.10.3-2021.10.win32_1.0.0.202111181127/tools/bin/../lib/gcc/arm-none-eabi/10.3.1/thumb/v7-m/nofp\libgcc.a(_arm_addsubdf3.o)
                0x00000000080002c8                __aeabi_drsub
                0x00000000080002d0                __aeabi_dsub
                0x00000000080002d0                __subdf3
                0x00000000080002d4                __aeabi_dadd
                0x00000000080002d4                __adddf3
                0x000000000800054c                __floatunsidf
                0x000000000800054c                __aeabi_ui2d
                0x000000000800056c                __floatsidf
                0x000000000800056c                __aeabi_i2d
                0x0000000008000590                __aeabi_f2d
                0x0000000008000590                __extendsfdf2
                0x00000000080005d4                __floatundidf
                0x00000000080005d4                __aeabi_ul2d
                0x00000000080005e4                __floatdidf
                0x00000000080005e4                __aeabi_l2d
 .text          0x0000000008000640      0x424 c:/st/stm32cubeide_1.9.0/stm32cubeide/plugins/com.st.stm32cube.ide.mcu.externaltools.gnu-tools-for-stm32.10.3-2021.10.win32_1.0.0.202111181127/tools/bin/../lib/gcc/arm-none-eabi/10.3.1/thumb/v7-m/nofp\libgcc.a(_arm_muldivdf3.o)
                0x0000000008000640                __aeabi_dmul
                0x0000000008000640                __muldf3
                0x0000000008000894                __divdf3
                0x0000000008000894                __aeabi_ddiv
 .text          0x0000000008000a64       0x40 c:/st/stm32cubeide_1.9.0/stm32cubeide/plugins/com.st.stm32cube.ide.mcu.externaltools.gnu-tools-for-stm32.10.3-2021.10.win32_1.0.0.202111181127/tools/bin/../lib/gcc/arm-none-eabi/10.3.1/thumb/v7-m/nofp\libgcc.a(_arm_fixunsdfsi.o)
                0x0000000008000a64                __aeabi_d2uiz
                0x0000000008000a64                __fixunsdfsi
 .text          0x0000000008000aa4       0xa0 c:/st/stm32cubeide_1.9.0/stm32cubeide/plugins/com.st.stm32cube.ide.mcu.externaltools.gnu-tools-for-stm32.10.3-2021.10.win32_1.0.0.202111181127/tools/bin/../lib/gcc/arm-none-eabi/10.3.1/thumb/v7-m/nofp\libgcc.a(_arm_truncdfsf2.o)
                0x0000000008000aa4                __truncdfsf2
                0x0000000008000aa4                __aeabi_d2f
 *(.text*)
 .text.HAL_InitTick
                0x0000000008000b44       0x48 ./Drivers/STM32F1xx_HAL_Driver/Src/stm32f1xx_hal.o
                0x0000000008000b44                HAL_InitTick
 .text.HAL_Init
                0x0000000008000b8c       0x24 ./Drivers/STM32F1xx_HAL_Driver/Src/stm32f1xx_hal.o
                0x0000000008000b8c                HAL_Init
 .text.HAL_IncTick
                0x0000000008000bb0       0x18 ./Drivers/STM32F1xx_HAL_Driver/Src/stm32f1xx_hal.o
                0x0000000008000bb0                HAL_IncTick
 .text.HAL_GetTick
                0x0000000008000bc8        0xc ./Drivers/STM32F1xx_HAL_Driver/Src/stm32f1xx_hal.o
                0x0000000008000bc8                HAL_GetTick
 .text.HAL_Delay
                0x0000000008000bd4       0x28 ./Drivers/STM32F1xx_HAL_Driver/Src/stm32f1xx_hal.o
                0x0000000008000bd4                HAL_Delay
 .text.HAL_CAN_Init
                0x0000000008000bfc      0x14c ./Drivers/STM32F1xx_HAL_Driver/Src/stm32f1xx_hal_can.o
                0x0000000008000bfc                HAL_CAN_Init
 .text.HAL_CAN_ConfigFilter
                0x0000000008000d48      0x10c ./Drivers/STM32F1xx_HAL_Driver/Src/stm32f1xx_hal_can.o
                0x0000000008000d48                HAL_CAN_ConfigFilter
 .text.HAL_CAN_Start
                0x0000000008000e54       0x5c ./Drivers/STM32F1xx_HAL_Driver/Src/stm32f1xx_hal_can.o
                0x0000000008000e54                HAL_CAN_Start
 .text.HAL_CAN_ActivateNotification
                0x0000000008000eb0       0x24 ./Drivers/STM32F1xx_HAL_Driver/Src/stm32f1xx_hal_can.o
                0x0000000008000eb0                HAL_CAN_ActivateNotification
 .text.HAL_CAN_TxMailbox0CompleteCallback
                0x0000000008000ed4        0x2 ./Drivers/STM32F1xx_HAL_Driver/Src/stm32f1xx_hal_can.o
                0x0000000008000ed4                HAL_CAN_TxMailbox0CompleteCallback
 .text.HAL_CAN_TxMailbox1CompleteCallback
                0x0000000008000ed6        0x2 ./Drivers/STM32F1xx_HAL_Driver/Src/stm32f1xx_hal_can.o
                0x0000000008000ed6                HAL_CAN_TxMailbox1CompleteCallback
 .text.HAL_CAN_TxMailbox2CompleteCallback
                0x0000000008000ed8        0x2 ./Drivers/STM32F1xx_HAL_Driver/Src/stm32f1xx_hal_can.o
                0x0000000008000ed8                HAL_CAN_TxMailbox2CompleteCallback
 .text.HAL_CAN_TxMailbox0AbortCallback
                0x0000000008000eda        0x2 ./Drivers/STM32F1xx_HAL_Driver/Src/stm32f1xx_hal_can.o
                0x0000000008000eda                HAL_CAN_TxMailbox0AbortCallback
 .text.HAL_CAN_TxMailbox1AbortCallback
                0x0000000008000edc        0x2 ./Drivers/STM32F1xx_HAL_Driver/Src/stm32f1xx_hal_can.o
                0x0000000008000edc                HAL_CAN_TxMailbox1AbortCallback
 .text.HAL_CAN_TxMailbox2AbortCallback
                0x0000000008000ede        0x2 ./Drivers/STM32F1xx_HAL_Driver/Src/stm32f1xx_hal_can.o
                0x0000000008000ede                HAL_CAN_TxMailbox2AbortCallback
 .text.HAL_CAN_RxFifo0MsgPendingCallback
                0x0000000008000ee0        0x2 ./Drivers/STM32F1xx_HAL_Driver/Src/stm32f1xx_hal_can.o
                0x0000000008000ee0                HAL_CAN_RxFifo0MsgPendingCallback
 .text.HAL_CAN_RxFifo0FullCallback
                0x0000000008000ee2        0x2 ./Drivers/STM32F1xx_HAL_Driver/Src/stm32f1xx_hal_can.o
                0x0000000008000ee2                HAL_CAN_RxFifo0FullCallback
 .text.HAL_CAN_RxFifo1MsgPendingCallback
                0x0000000008000ee4        0x2 ./Drivers/STM32F1xx_HAL_Driver/Src/stm32f1xx_hal_can.o
                0x0000000008000ee4                HAL_CAN_RxFifo1MsgPendingCallback
 .text.HAL_CAN_RxFifo1FullCallback
                0x0000000008000ee6        0x2 ./Drivers/STM32F1xx_HAL_Driver/Src/stm32f1xx_hal_can.o
                0x0000000008000ee6                HAL_CAN_RxFifo1FullCallback
 .text.HAL_CAN_SleepCallback
                0x0000000008000ee8        0x2 ./Drivers/STM32F1xx_HAL_Driver/Src/stm32f1xx_hal_can.o
                0x0000000008000ee8                HAL_CAN_SleepCallback
 .text.HAL_CAN_WakeUpFromRxMsgCallback
                0x0000000008000eea        0x2 ./Drivers/STM32F1xx_HAL_Driver/Src/stm32f1xx_hal_can.o
                0x0000000008000eea                HAL_CAN_WakeUpFromRxMsgCallback
 .text.HAL_CAN_ErrorCallback
                0x0000000008000eec        0x2 ./Drivers/STM32F1xx_HAL_Driver/Src/stm32f1xx_hal_can.o
                0x0000000008000eec                HAL_CAN_ErrorCallback
 .text.HAL_CAN_IRQHandler
                0x0000000008000eee      0x24a ./Drivers/STM32F1xx_HAL_Driver/Src/stm32f1xx_hal_can.o
                0x0000000008000eee                HAL_CAN_IRQHandler
 .text.HAL_NVIC_SetPriorityGrouping
                0x0000000008001138       0x24 ./Drivers/STM32F1xx_HAL_Driver/Src/stm32f1xx_hal_cortex.o
                0x0000000008001138                HAL_NVIC_SetPriorityGrouping
 .text.HAL_NVIC_SetPriority
                0x000000000800115c       0x70 ./Drivers/STM32F1xx_HAL_Driver/Src/stm32f1xx_hal_cortex.o
                0x000000000800115c                HAL_NVIC_SetPriority
 .text.HAL_NVIC_EnableIRQ
                0x00000000080011cc       0x1c ./Drivers/STM32F1xx_HAL_Driver/Src/stm32f1xx_hal_cortex.o
                0x00000000080011cc                HAL_NVIC_EnableIRQ
 .text.HAL_SYSTICK_Config
                0x00000000080011e8       0x28 ./Drivers/STM32F1xx_HAL_Driver/Src/stm32f1xx_hal_cortex.o
                0x00000000080011e8                HAL_SYSTICK_Config
 .text.DMA_SetConfig
                0x0000000008001210       0x2c ./Drivers/STM32F1xx_HAL_Driver/Src/stm32f1xx_hal_dma.o
 .text.HAL_DMA_Init
                0x000000000800123c       0x6c ./Drivers/STM32F1xx_HAL_Driver/Src/stm32f1xx_hal_dma.o
                0x000000000800123c                HAL_DMA_Init
 .text.HAL_DMA_Start_IT
                0x00000000080012a8       0x74 ./Drivers/STM32F1xx_HAL_Driver/Src/stm32f1xx_hal_dma.o
                0x00000000080012a8                HAL_DMA_Start_IT
 .text.HAL_DMA_Abort
                0x000000000800131c       0x44 ./Drivers/STM32F1xx_HAL_Driver/Src/stm32f1xx_hal_dma.o
                0x000000000800131c                HAL_DMA_Abort
 .text.HAL_DMA_Abort_IT
                0x0000000008001360       0x98 ./Drivers/STM32F1xx_HAL_Driver/Src/stm32f1xx_hal_dma.o
                0x0000000008001360                HAL_DMA_Abort_IT
 .text.HAL_DMA_IRQHandler
                0x00000000080013f8      0x144 ./Drivers/STM32F1xx_HAL_Driver/Src/stm32f1xx_hal_dma.o
                0x00000000080013f8                HAL_DMA_IRQHandler
 .text.HAL_GPIO_Init
                0x000000000800153c      0x224 ./Drivers/STM32F1xx_HAL_Driver/Src/stm32f1xx_hal_gpio.o
                0x000000000800153c                HAL_GPIO_Init
 .text.HAL_GPIO_ReadPin
                0x0000000008001760        0xe ./Drivers/STM32F1xx_HAL_Driver/Src/stm32f1xx_hal_gpio.o
                0x0000000008001760                HAL_GPIO_ReadPin
 .text.HAL_GPIO_WritePin
                0x000000000800176e        0xc ./Drivers/STM32F1xx_HAL_Driver/Src/stm32f1xx_hal_gpio.o
                0x000000000800176e                HAL_GPIO_WritePin
 .text.HAL_GPIO_TogglePin
                0x000000000800177a       0x12 ./Drivers/STM32F1xx_HAL_Driver/Src/stm32f1xx_hal_gpio.o
                0x000000000800177a                HAL_GPIO_TogglePin
 .text.HAL_IWDG_Init
                0x000000000800178c       0x58 ./Drivers/STM32F1xx_HAL_Driver/Src/stm32f1xx_hal_iwdg.o
                0x000000000800178c                HAL_IWDG_Init
 .text.HAL_IWDG_Refresh
                0x00000000080017e4        0xc ./Drivers/STM32F1xx_HAL_Driver/Src/stm32f1xx_hal_iwdg.o
                0x00000000080017e4                HAL_IWDG_Refresh
 .text.RCC_Delay
                0x00000000080017f0       0x2c ./Drivers/STM32F1xx_HAL_Driver/Src/stm32f1xx_hal_rcc.o
 .text.HAL_RCC_OscConfig
                0x000000000800181c      0x410 ./Drivers/STM32F1xx_HAL_Driver/Src/stm32f1xx_hal_rcc.o
                0x000000000800181c                HAL_RCC_OscConfig
 .text.HAL_RCC_GetSysClockFreq
                0x0000000008001c2c       0x70 ./Drivers/STM32F1xx_HAL_Driver/Src/stm32f1xx_hal_rcc.o
                0x0000000008001c2c                HAL_RCC_GetSysClockFreq
 .text.HAL_RCC_ClockConfig
                0x0000000008001c9c      0x16c ./Drivers/STM32F1xx_HAL_Driver/Src/stm32f1xx_hal_rcc.o
                0x0000000008001c9c                HAL_RCC_ClockConfig
 .text.HAL_RCC_GetHCLKFreq
                0x0000000008001e08        0xc ./Drivers/STM32F1xx_HAL_Driver/Src/stm32f1xx_hal_rcc.o
                0x0000000008001e08                HAL_RCC_GetHCLKFreq
 .text.HAL_RCC_GetPCLK1Freq
                0x0000000008001e14       0x20 ./Drivers/STM32F1xx_HAL_Driver/Src/stm32f1xx_hal_rcc.o
                0x0000000008001e14                HAL_RCC_GetPCLK1Freq
 .text.HAL_RCC_GetPCLK2Freq
                0x0000000008001e34       0x20 ./Drivers/STM32F1xx_HAL_Driver/Src/stm32f1xx_hal_rcc.o
                0x0000000008001e34                HAL_RCC_GetPCLK2Freq
 .text.HAL_SPI_Init
                0x0000000008001e54       0xb6 ./Drivers/STM32F1xx_HAL_Driver/Src/stm32f1xx_hal_spi.o
                0x0000000008001e54                HAL_SPI_Init
 .text.TIM_TI1_ConfigInputStage
                0x0000000008001f0a       0x24 ./Drivers/STM32F1xx_HAL_Driver/Src/stm32f1xx_hal_tim.o
 .text.TIM_TI2_ConfigInputStage
                0x0000000008001f2e       0x26 ./Drivers/STM32F1xx_HAL_Driver/Src/stm32f1xx_hal_tim.o
 .text.TIM_ITRx_SetConfig
                0x0000000008001f54       0x10 ./Drivers/STM32F1xx_HAL_Driver/Src/stm32f1xx_hal_tim.o
 .text.TIM_Base_SetConfig
                0x0000000008001f64       0x74 ./Drivers/STM32F1xx_HAL_Driver/Src/stm32f1xx_hal_tim.o
                0x0000000008001f64                TIM_Base_SetConfig
 .text.HAL_TIM_Base_Init
                0x0000000008001fd8       0x58 ./Drivers/STM32F1xx_HAL_Driver/Src/stm32f1xx_hal_tim.o
                0x0000000008001fd8                HAL_TIM_Base_Init
 .text.TIM_ETR_SetConfig
                0x0000000008002030       0x18 ./Drivers/STM32F1xx_HAL_Driver/Src/stm32f1xx_hal_tim.o
                0x0000000008002030                TIM_ETR_SetConfig
 .text.HAL_TIM_ConfigClockSource
                0x0000000008002048       0xda ./Drivers/STM32F1xx_HAL_Driver/Src/stm32f1xx_hal_tim.o
                0x0000000008002048                HAL_TIM_ConfigClockSource
 *fill*         0x0000000008002122        0x2 
 .text.HAL_TIMEx_MasterConfigSynchronization
                0x0000000008002124       0x6c ./Drivers/STM32F1xx_HAL_Driver/Src/stm32f1xx_hal_tim_ex.o
                0x0000000008002124                HAL_TIMEx_MasterConfigSynchronization
 .text.UART_EndTxTransfer
                0x0000000008002190       0x12 ./Drivers/STM32F1xx_HAL_Driver/Src/stm32f1xx_hal_uart.o
 .text.UART_EndRxTransfer
                0x00000000080021a2       0x32 ./Drivers/STM32F1xx_HAL_Driver/Src/stm32f1xx_hal_uart.o
 .text.UART_Transmit_IT
                0x00000000080021d4       0x60 ./Drivers/STM32F1xx_HAL_Driver/Src/stm32f1xx_hal_uart.o
 .text.UART_SetConfig
                0x0000000008002234       0x94 ./Drivers/STM32F1xx_HAL_Driver/Src/stm32f1xx_hal_uart.o
 .text.UART_WaitOnFlagUntilTimeout
                0x00000000080022c8       0x6c ./Drivers/STM32F1xx_HAL_Driver/Src/stm32f1xx_hal_uart.o
 .text.HAL_UART_Init
                0x0000000008002334       0x5e ./Drivers/STM32F1xx_HAL_Driver/Src/stm32f1xx_hal_uart.o
                0x0000000008002334                HAL_UART_Init
 .text.HAL_UART_Transmit
                0x0000000008002392       0xd8 ./Drivers/STM32F1xx_HAL_Driver/Src/stm32f1xx_hal_uart.o
                0x0000000008002392                HAL_UART_Transmit
 .text.HAL_UART_Receive
                0x000000000800246a       0xe4 ./Drivers/STM32F1xx_HAL_Driver/Src/stm32f1xx_hal_uart.o
                0x000000000800246a                HAL_UART_Receive
 .text.HAL_UART_TxCpltCallback
                0x000000000800254e        0x2 ./Drivers/STM32F1xx_HAL_Driver/Src/stm32f1xx_hal_uart.o
                0x000000000800254e                HAL_UART_TxCpltCallback
 .text.UART_EndTransmit_IT
                0x0000000008002550       0x1a ./Drivers/STM32F1xx_HAL_Driver/Src/stm32f1xx_hal_uart.o
 .text.HAL_UART_RxCpltCallback
                0x000000000800256a        0x2 ./Drivers/STM32F1xx_HAL_Driver/Src/stm32f1xx_hal_uart.o
                0x000000000800256a                HAL_UART_RxCpltCallback
 .text.HAL_UART_RxHalfCpltCallback
                0x000000000800256c        0x2 ./Drivers/STM32F1xx_HAL_Driver/Src/stm32f1xx_hal_uart.o
                0x000000000800256c                HAL_UART_RxHalfCpltCallback
 .text.HAL_UART_ErrorCallback
                0x000000000800256e        0x2 ./Drivers/STM32F1xx_HAL_Driver/Src/stm32f1xx_hal_uart.o
                0x000000000800256e                HAL_UART_ErrorCallback
 .text.UART_DMAError
                0x0000000008002570       0x58 ./Drivers/STM32F1xx_HAL_Driver/Src/stm32f1xx_hal_uart.o
 .text.UART_DMAAbortOnError
                0x00000000080025c8       0x10 ./Drivers/STM32F1xx_HAL_Driver/Src/stm32f1xx_hal_uart.o
 .text.HAL_UARTEx_RxEventCallback
                0x00000000080025d8        0x2 ./Drivers/STM32F1xx_HAL_Driver/Src/stm32f1xx_hal_uart.o
                0x00000000080025d8                HAL_UARTEx_RxEventCallback
 .text.UART_Receive_IT
                0x00000000080025da       0xd4 ./Drivers/STM32F1xx_HAL_Driver/Src/stm32f1xx_hal_uart.o
 *fill*         0x00000000080026ae        0x2 
 .text.HAL_UART_IRQHandler
                0x00000000080026b0      0x204 ./Drivers/STM32F1xx_HAL_Driver/Src/stm32f1xx_hal_uart.o
                0x00000000080026b0                HAL_UART_IRQHandler
 .text.UART_DMARxHalfCplt
                0x00000000080028b4       0x1a ./Drivers/STM32F1xx_HAL_Driver/Src/stm32f1xx_hal_uart.o
 .text.UART_DMAReceiveCplt
                0x00000000080028ce       0x5e ./Drivers/STM32F1xx_HAL_Driver/Src/stm32f1xx_hal_uart.o
 .text.UART_Start_Receive_DMA
                0x000000000800292c       0x78 ./Drivers/STM32F1xx_HAL_Driver/Src/stm32f1xx_hal_uart.o
                0x000000000800292c                UART_Start_Receive_DMA
 .text.HAL_UART_Receive_DMA
                0x00000000080029a4       0x38 ./Drivers/STM32F1xx_HAL_Driver/Src/stm32f1xx_hal_uart.o
                0x00000000080029a4                HAL_UART_Receive_DMA
 .text.DMA_IrqHandler
                0x00000000080029dc       0xb8 ./Src/DMA_USART.o
                0x00000000080029dc                DMA_IrqHandler
 .text.ECU_erro_bin_to_int
                0x0000000008002a94       0x28 ./Src/Failure.o
                0x0000000008002a94                ECU_erro_bin_to_int
 .text.BMS_erro_bin_to_int
                0x0000000008002abc       0x28 ./Src/Failure.o
                0x0000000008002abc                BMS_erro_bin_to_int
 .text.INVERSOR_flag
                0x0000000008002ae4       0x2c ./Src/Failure.o
                0x0000000008002ae4                INVERSOR_flag
 .text.FAILURE_IT
                0x0000000008002b10      0x498 ./Src/Failure.o
                0x0000000008002b10                FAILURE_IT
 .text.interfaceInit
                0x0000000008002fa8       0x68 ./Src/Interface_Master.o
                0x0000000008002fa8                interfaceInit
 .text.blinkLed3
                0x0000000008003010       0x10 ./Src/Interface_Master.o
                0x0000000008003010                blinkLed3
 .text.timerAtualization
                0x0000000008003020       0x14 ./Src/Interface_Master.o
                0x0000000008003020                timerAtualization
 .text.timer_wait_ms
                0x0000000008003034       0x18 ./Src/Interface_Master.o
                0x0000000008003034                timer_wait_ms
 .text.timer_restart
                0x000000000800304c        0xc ./Src/Interface_Master.o
                0x000000000800304c                timer_restart
 .text.MX_CAN_Init
                0x0000000008003058       0x9c ./Src/can.o
                0x0000000008003058                MX_CAN_Init
 .text.HAL_CAN_MspInit
                0x00000000080030f4       0xa8 ./Src/can.o
                0x00000000080030f4                HAL_CAN_MspInit
 .text.MX_DMA_Init
                0x000000000800319c       0x44 ./Src/dma.o
                0x000000000800319c                MX_DMA_Init
 .text.MX_GPIO_Init
                0x00000000080031e0       0xe4 ./Src/gpio.o
                0x00000000080031e0                MX_GPIO_Init
 .text.MX_IWDG_Init
                0x00000000080032c4       0x28 ./Src/iwdg.o
                0x00000000080032c4                MX_IWDG_Init
 *fill*         0x00000000080032ec        0x4 
 .text.RPM_to_KMH_speed
                0x00000000080032f0       0x64 ./Src/lcd_dash.o
                0x00000000080032f0                RPM_to_KMH_speed
 .text.uart3MessageReceived
                0x0000000008003354       0x2c ./Src/lcd_dash.o
                0x0000000008003354                uart3MessageReceived
 .text.nextion_init_can
                0x0000000008003380       0x70 ./Src/lcd_dash.o
                0x0000000008003380                nextion_init_can
 .text.AIR_IT   0x00000000080033f0       0x54 ./Src/lcd_dash.o
                0x00000000080033f0                AIR_IT
 .text.PAGE_IT  0x0000000008003444       0x5c ./Src/lcd_dash.o
                0x0000000008003444                PAGE_IT
 .text.ERRO_IT  0x00000000080034a0      0x13c ./Src/lcd_dash.o
                0x00000000080034a0                ERRO_IT
 .text.BOTAO_IT
                0x00000000080035dc       0x90 ./Src/lcd_dash.o
                0x00000000080035dc                BOTAO_IT
 .text.nextionLoop
                0x000000000800366c      0x124 ./Src/lcd_dash.o
                0x000000000800366c                nextionLoop
 .text.SystemClock_Config
                0x0000000008003790       0x58 ./Src/main.o
                0x0000000008003790                SystemClock_Config
 .text.main     0x00000000080037e8       0x48 ./Src/main.o
                0x00000000080037e8                main
 .text.Error_Handler
                0x0000000008003830        0x2 ./Src/main.o
                0x0000000008003830                Error_Handler
 *fill*         0x0000000008003832        0x2 
 .text.sendCommand
                0x0000000008003834       0x40 ./Src/nextion.o
                0x0000000008003834                sendCommand
 .text.recvRetCommandFinished
                0x0000000008003874       0x54 ./Src/nextion.o
                0x0000000008003874                recvRetCommandFinished
 .text.nexInit  0x00000000080038c8       0x1c ./Src/nextion.o
                0x00000000080038c8                nexInit
 .text.NexPageShow
                0x00000000080038e4       0x2c ./Src/nextion.o
                0x00000000080038e4                NexPageShow
 .text.NexTextSetText
                0x0000000008003910       0x5c ./Src/nextion.o
                0x0000000008003910                NexTextSetText
 .text.NexNumberSetValue
                0x000000000800396c       0x30 ./Src/nextion.o
                0x000000000800396c                NexNumberSetValue
 .text.NexXfloatSetValue
                0x000000000800399c       0x30 ./Src/nextion.o
                0x000000000800399c                NexXfloatSetValue
 .text.NexPictureSetPic
                0x00000000080039cc       0x30 ./Src/nextion.o
                0x00000000080039cc                NexPictureSetPic
 .text.NexVariableSetValue
                0x00000000080039fc       0x30 ./Src/nextion.o
                0x00000000080039fc                NexVariableSetValue
 .text.MX_SPI1_Init
                0x0000000008003a2c       0x44 ./Src/spi.o
                0x0000000008003a2c                MX_SPI1_Init
 .text.HAL_SPI_MspInit
                0x0000000008003a70       0x74 ./Src/spi.o
                0x0000000008003a70                HAL_SPI_MspInit
 .text.HAL_MspInit
                0x0000000008003ae4       0x44 ./Src/stm32f1xx_hal_msp.o
                0x0000000008003ae4                HAL_MspInit
 .text.NMI_Handler
                0x0000000008003b28        0x2 ./Src/stm32f1xx_it.o
                0x0000000008003b28                NMI_Handler
 .text.HardFault_Handler
                0x0000000008003b2a        0x2 ./Src/stm32f1xx_it.o
                0x0000000008003b2a                HardFault_Handler
 .text.MemManage_Handler
                0x0000000008003b2c        0x2 ./Src/stm32f1xx_it.o
                0x0000000008003b2c                MemManage_Handler
 .text.BusFault_Handler
                0x0000000008003b2e        0x2 ./Src/stm32f1xx_it.o
                0x0000000008003b2e                BusFault_Handler
 .text.UsageFault_Handler
                0x0000000008003b30        0x2 ./Src/stm32f1xx_it.o
                0x0000000008003b30                UsageFault_Handler
 .text.SVC_Handler
                0x0000000008003b32        0x2 ./Src/stm32f1xx_it.o
                0x0000000008003b32                SVC_Handler
 .text.DebugMon_Handler
                0x0000000008003b34        0x2 ./Src/stm32f1xx_it.o
                0x0000000008003b34                DebugMon_Handler
 .text.PendSV_Handler
                0x0000000008003b36        0x2 ./Src/stm32f1xx_it.o
                0x0000000008003b36                PendSV_Handler
 .text.SysTick_Handler
                0x0000000008003b38        0x8 ./Src/stm32f1xx_it.o
                0x0000000008003b38                SysTick_Handler
 .text.DMA1_Channel3_IRQHandler
                0x0000000008003b40       0x1c ./Src/stm32f1xx_it.o
                0x0000000008003b40                DMA1_Channel3_IRQHandler
 .text.DMA1_Channel6_IRQHandler
                0x0000000008003b5c       0x10 ./Src/stm32f1xx_it.o
                0x0000000008003b5c                DMA1_Channel6_IRQHandler
 .text.USB_LP_CAN1_RX0_IRQHandler
                0x0000000008003b6c       0x5c ./Src/stm32f1xx_it.o
                0x0000000008003b6c                USB_LP_CAN1_RX0_IRQHandler
 .text.CAN1_RX1_IRQHandler
                0x0000000008003bc8       0x10 ./Src/stm32f1xx_it.o
                0x0000000008003bc8                CAN1_RX1_IRQHandler
 .text.USART2_IRQHandler
                0x0000000008003bd8       0x14 ./Src/stm32f1xx_it.o
                0x0000000008003bd8                USART2_IRQHandler
 .text.USART3_IRQHandler
                0x0000000008003bec       0x14 ./Src/stm32f1xx_it.o
                0x0000000008003bec                USART3_IRQHandler
 .text.SystemInit
                0x0000000008003c00       0x4c ./Src/system_stm32f1xx.o
                0x0000000008003c00                SystemInit
 .text.compareString
                0x0000000008003c4c       0x20 ./Src/telemetry.o
                0x0000000008003c4c                compareString
 .text.uart2MessageReceived
                0x0000000008003c6c       0x58 ./Src/telemetry.o
                0x0000000008003c6c                uart2MessageReceived
 .text.xbeePACKS_1
                0x0000000008003cc4       0x34 ./Src/telemetry.o
                0x0000000008003cc4                xbeePACKS_1
 .text.xbeePACKS_2
                0x0000000008003cf8       0x34 ./Src/telemetry.o
                0x0000000008003cf8                xbeePACKS_2
 .text.xbeePACKS_3
                0x0000000008003d2c       0x34 ./Src/telemetry.o
                0x0000000008003d2c                xbeePACKS_3
 .text.xbeePACKS_4
                0x0000000008003d60       0x34 ./Src/telemetry.o
                0x0000000008003d60                xbeePACKS_4
 .text.xbeeGERAL
                0x0000000008003d94       0x98 ./Src/telemetry.o
                0x0000000008003d94                xbeeGERAL
 .text.xbeeCONTROLE
                0x0000000008003e2c       0x7c ./Src/telemetry.o
                0x0000000008003e2c                xbeeCONTROLE
 .text.telemetrySend
                0x0000000008003ea8       0x68 ./Src/telemetry.o
                0x0000000008003ea8                telemetrySend
 .text.MX_TIM3_Init
                0x0000000008003f10       0x6c ./Src/tim.o
                0x0000000008003f10                MX_TIM3_Init
 .text.HAL_TIM_Base_MspInit
                0x0000000008003f7c       0x2c ./Src/tim.o
                0x0000000008003f7c                HAL_TIM_Base_MspInit
 .text.MX_USART2_UART_Init
                0x0000000008003fa8       0x34 ./Src/usart.o
                0x0000000008003fa8                MX_USART2_UART_Init
 .text.MX_USART3_UART_Init
                0x0000000008003fdc       0x38 ./Src/usart.o
                0x0000000008003fdc                MX_USART3_UART_Init
 .text.HAL_UART_MspInit
                0x0000000008004014      0x188 ./Src/usart.o
                0x0000000008004014                HAL_UART_MspInit
 .text.xbeeApiModeSend
                0x000000000800419c      0x178 ./Src/xbee.o
                0x000000000800419c                xbeeApiModeSend
 .text.xbeeSend
                0x0000000008004314       0xf4 ./Src/xbee.o
                0x0000000008004314                xbeeSend
 .text.Reset_Handler
                0x0000000008004408       0x48 ./startup/startup_stm32f103xb.o
                0x0000000008004408                Reset_Handler
 .text.Default_Handler
                0x0000000008004450        0x2 ./startup/startup_stm32f103xb.o
                0x0000000008004450                RTC_Alarm_IRQHandler
                0x0000000008004450                EXTI2_IRQHandler
                0x0000000008004450                TIM1_CC_IRQHandler
                0x0000000008004450                PVD_IRQHandler
                0x0000000008004450                EXTI3_IRQHandler
                0x0000000008004450                EXTI0_IRQHandler
                0x0000000008004450                I2C2_EV_IRQHandler
                0x0000000008004450                ADC1_2_IRQHandler
                0x0000000008004450                SPI1_IRQHandler
                0x0000000008004450                TAMPER_IRQHandler
                0x0000000008004450                DMA1_Channel4_IRQHandler
                0x0000000008004450                RTC_IRQHandler
                0x0000000008004450                DMA1_Channel7_IRQHandler
                0x0000000008004450                TIM4_IRQHandler
                0x0000000008004450                I2C1_EV_IRQHandler
                0x0000000008004450                TIM3_IRQHandler
                0x0000000008004450                RCC_IRQHandler
                0x0000000008004450                TIM1_TRG_COM_IRQHandler
                0x0000000008004450                DMA1_Channel1_IRQHandler
                0x0000000008004450                Default_Handler
                0x0000000008004450                EXTI15_10_IRQHandler
                0x0000000008004450                EXTI9_5_IRQHandler
                0x0000000008004450                SPI2_IRQHandler
                0x0000000008004450                DMA1_Channel5_IRQHandler
                0x0000000008004450                EXTI4_IRQHandler
                0x0000000008004450                USB_HP_CAN1_TX_IRQHandler
                0x0000000008004450                TIM1_UP_IRQHandler
                0x0000000008004450                WWDG_IRQHandler
                0x0000000008004450                TIM2_IRQHandler
                0x0000000008004450                TIM1_BRK_IRQHandler
                0x0000000008004450                EXTI1_IRQHandler
                0x0000000008004450                I2C2_ER_IRQHandler
                0x0000000008004450                DMA1_Channel2_IRQHandler
                0x0000000008004450                CAN1_SCE_IRQHandler
                0x0000000008004450                FLASH_IRQHandler
                0x0000000008004450                USART1_IRQHandler
                0x0000000008004450                I2C1_ER_IRQHandler
                0x0000000008004450                USBWakeUp_IRQHandler
 *fill*         0x0000000008004452        0x2 
 .text.__libc_init_array
                0x0000000008004454       0x48 c:/st/stm32cubeide_1.9.0/stm32cubeide/plugins/com.st.stm32cube.ide.mcu.externaltools.gnu-tools-for-stm32.10.3-2021.10.win32_1.0.0.202111181127/tools/bin/../lib/gcc/arm-none-eabi/10.3.1/../../../../arm-none-eabi/lib/thumb/v7-m/nofp\libc_nano.a(lib_a-init.o)
                0x0000000008004454                __libc_init_array
 .text.memcpy   0x000000000800449c       0x1c c:/st/stm32cubeide_1.9.0/stm32cubeide/plugins/com.st.stm32cube.ide.mcu.externaltools.gnu-tools-for-stm32.10.3-2021.10.win32_1.0.0.202111181127/tools/bin/../lib/gcc/arm-none-eabi/10.3.1/../../../../arm-none-eabi/lib/thumb/v7-m/nofp\libc_nano.a(lib_a-memcpy-stub.o)
                0x000000000800449c                memcpy
 .text.memset   0x00000000080044b8       0x10 c:/st/stm32cubeide_1.9.0/stm32cubeide/plugins/com.st.stm32cube.ide.mcu.externaltools.gnu-tools-for-stm32.10.3-2021.10.win32_1.0.0.202111181127/tools/bin/../lib/gcc/arm-none-eabi/10.3.1/../../../../arm-none-eabi/lib/thumb/v7-m/nofp\libc_nano.a(lib_a-memset.o)
                0x00000000080044b8                memset
 .text.sprintf  0x00000000080044c8       0x40 c:/st/stm32cubeide_1.9.0/stm32cubeide/plugins/com.st.stm32cube.ide.mcu.externaltools.gnu-tools-for-stm32.10.3-2021.10.win32_1.0.0.202111181127/tools/bin/../lib/gcc/arm-none-eabi/10.3.1/../../../../arm-none-eabi/lib/thumb/v7-m/nofp\libc_nano.a(lib_a-sprintf.o)
                0x00000000080044c8                siprintf
                0x00000000080044c8                sprintf
 .text.__ssputs_r
                0x0000000008004508       0xb6 c:/st/stm32cubeide_1.9.0/stm32cubeide/plugins/com.st.stm32cube.ide.mcu.externaltools.gnu-tools-for-stm32.10.3-2021.10.win32_1.0.0.202111181127/tools/bin/../lib/gcc/arm-none-eabi/10.3.1/../../../../arm-none-eabi/lib/thumb/v7-m/nofp\libc_nano.a(lib_a-nano-svfprintf.o)
                0x0000000008004508                __ssputs_r
 *fill*         0x00000000080045be        0x2 
 .text._svfprintf_r
                0x00000000080045c0      0x200 c:/st/stm32cubeide_1.9.0/stm32cubeide/plugins/com.st.stm32cube.ide.mcu.externaltools.gnu-tools-for-stm32.10.3-2021.10.win32_1.0.0.202111181127/tools/bin/../lib/gcc/arm-none-eabi/10.3.1/../../../../arm-none-eabi/lib/thumb/v7-m/nofp\libc_nano.a(lib_a-nano-svfprintf.o)
                0x00000000080045c0                _svfiprintf_r
                0x00000000080045c0                _svfprintf_r
 .text._printf_common
                0x00000000080047c0       0xde c:/st/stm32cubeide_1.9.0/stm32cubeide/plugins/com.st.stm32cube.ide.mcu.externaltools.gnu-tools-for-stm32.10.3-2021.10.win32_1.0.0.202111181127/tools/bin/../lib/gcc/arm-none-eabi/10.3.1/../../../../arm-none-eabi/lib/thumb/v7-m/nofp\libc_nano.a(lib_a-nano-vfprintf_i.o)
                0x00000000080047c0                _printf_common
 *fill*         0x000000000800489e        0x2 
 .text._printf_i
                0x00000000080048a0      0x24c c:/st/stm32cubeide_1.9.0/stm32cubeide/plugins/com.st.stm32cube.ide.mcu.externaltools.gnu-tools-for-stm32.10.3-2021.10.win32_1.0.0.202111181127/tools/bin/../lib/gcc/arm-none-eabi/10.3.1/../../../../arm-none-eabi/lib/thumb/v7-m/nofp\libc_nano.a(lib_a-nano-vfprintf_i.o)
                0x00000000080048a0                _printf_i
 .text.memchr   0x0000000008004aec       0x1c c:/st/stm32cubeide_1.9.0/stm32cubeide/plugins/com.st.stm32cube.ide.mcu.externaltools.gnu-tools-for-stm32.10.3-2021.10.win32_1.0.0.202111181127/tools/bin/../lib/gcc/arm-none-eabi/10.3.1/../../../../arm-none-eabi/lib/thumb/v7-m/nofp\libc_nano.a(lib_a-memchr-stub.o)
                0x0000000008004aec                memchr
 .text.memmove  0x0000000008004b08       0x34 c:/st/stm32cubeide_1.9.0/stm32cubeide/plugins/com.st.stm32cube.ide.mcu.externaltools.gnu-tools-for-stm32.10.3-2021.10.win32_1.0.0.202111181127/tools/bin/../lib/gcc/arm-none-eabi/10.3.1/../../../../arm-none-eabi/lib/thumb/v7-m/nofp\libc_nano.a(lib_a-memmove.o)
                0x0000000008004b08                memmove
 .text._free_r  0x0000000008004b3c       0x90 c:/st/stm32cubeide_1.9.0/stm32cubeide/plugins/com.st.stm32cube.ide.mcu.externaltools.gnu-tools-for-stm32.10.3-2021.10.win32_1.0.0.202111181127/tools/bin/../lib/gcc/arm-none-eabi/10.3.1/../../../../arm-none-eabi/lib/thumb/v7-m/nofp\libc_nano.a(lib_a-nano-freer.o)
                0x0000000008004b3c                _free_r
 .text.sbrk_aligned
                0x0000000008004bcc       0x40 c:/st/stm32cubeide_1.9.0/stm32cubeide/plugins/com.st.stm32cube.ide.mcu.externaltools.gnu-tools-for-stm32.10.3-2021.10.win32_1.0.0.202111181127/tools/bin/../lib/gcc/arm-none-eabi/10.3.1/../../../../arm-none-eabi/lib/thumb/v7-m/nofp\libc_nano.a(lib_a-nano-mallocr.o)
 .text._malloc_r
                0x0000000008004c0c       0xe8 c:/st/stm32cubeide_1.9.0/stm32cubeide/plugins/com.st.stm32cube.ide.mcu.externaltools.gnu-tools-for-stm32.10.3-2021.10.win32_1.0.0.202111181127/tools/bin/../lib/gcc/arm-none-eabi/10.3.1/../../../../arm-none-eabi/lib/thumb/v7-m/nofp\libc_nano.a(lib_a-nano-mallocr.o)
                0x0000000008004c0c                _malloc_r
 .text._realloc_r
                0x0000000008004cf4       0x5e c:/st/stm32cubeide_1.9.0/stm32cubeide/plugins/com.st.stm32cube.ide.mcu.externaltools.gnu-tools-for-stm32.10.3-2021.10.win32_1.0.0.202111181127/tools/bin/../lib/gcc/arm-none-eabi/10.3.1/../../../../arm-none-eabi/lib/thumb/v7-m/nofp\libc_nano.a(lib_a-nano-reallocr.o)
                0x0000000008004cf4                _realloc_r
 *fill*         0x0000000008004d52        0x2 
 .text._sbrk_r  0x0000000008004d54       0x20 c:/st/stm32cubeide_1.9.0/stm32cubeide/plugins/com.st.stm32cube.ide.mcu.externaltools.gnu-tools-for-stm32.10.3-2021.10.win32_1.0.0.202111181127/tools/bin/../lib/gcc/arm-none-eabi/10.3.1/../../../../arm-none-eabi/lib/thumb/v7-m/nofp\libc_nano.a(lib_a-sbrkr.o)
                0x0000000008004d54                _sbrk_r
 .text.__malloc_lock
                0x0000000008004d74        0xc c:/st/stm32cubeide_1.9.0/stm32cubeide/plugins/com.st.stm32cube.ide.mcu.externaltools.gnu-tools-for-stm32.10.3-2021.10.win32_1.0.0.202111181127/tools/bin/../lib/gcc/arm-none-eabi/10.3.1/../../../../arm-none-eabi/lib/thumb/v7-m/nofp\libc_nano.a(lib_a-mlock.o)
                0x0000000008004d74                __malloc_lock
 .text.__malloc_unlock
                0x0000000008004d80        0xc c:/st/stm32cubeide_1.9.0/stm32cubeide/plugins/com.st.stm32cube.ide.mcu.externaltools.gnu-tools-for-stm32.10.3-2021.10.win32_1.0.0.202111181127/tools/bin/../lib/gcc/arm-none-eabi/10.3.1/../../../../arm-none-eabi/lib/thumb/v7-m/nofp\libc_nano.a(lib_a-mlock.o)
                0x0000000008004d80                __malloc_unlock
 .text._malloc_usable_size_r
                0x0000000008004d8c       0x10 c:/st/stm32cubeide_1.9.0/stm32cubeide/plugins/com.st.stm32cube.ide.mcu.externaltools.gnu-tools-for-stm32.10.3-2021.10.win32_1.0.0.202111181127/tools/bin/../lib/gcc/arm-none-eabi/10.3.1/../../../../arm-none-eabi/lib/thumb/v7-m/nofp\libc_nano.a(lib_a-nano-msizer.o)
                0x0000000008004d8c                _malloc_usable_size_r
 .text.__retarget_lock_acquire_recursive
                0x0000000008004d9c        0x2 c:/st/stm32cubeide_1.9.0/stm32cubeide/plugins/com.st.stm32cube.ide.mcu.externaltools.gnu-tools-for-stm32.10.3-2021.10.win32_1.0.0.202111181127/tools/bin/../lib/gcc/arm-none-eabi/10.3.1/../../../../arm-none-eabi/lib/thumb/v7-m/nofp\libc_nano.a(lib_a-lock.o)
                0x0000000008004d9c                __retarget_lock_acquire_recursive
 .text.__retarget_lock_release_recursive
                0x0000000008004d9e        0x2 c:/st/stm32cubeide_1.9.0/stm32cubeide/plugins/com.st.stm32cube.ide.mcu.externaltools.gnu-tools-for-stm32.10.3-2021.10.win32_1.0.0.202111181127/tools/bin/../lib/gcc/arm-none-eabi/10.3.1/../../../../arm-none-eabi/lib/thumb/v7-m/nofp\libc_nano.a(lib_a-lock.o)
                0x0000000008004d9e                __retarget_lock_release_recursive
 .text._sbrk    0x0000000008004da0       0x1c c:/st/stm32cubeide_1.9.0/stm32cubeide/plugins/com.st.stm32cube.ide.mcu.externaltools.gnu-tools-for-stm32.10.3-2021.10.win32_1.0.0.202111181127/tools/bin/../lib/gcc/arm-none-eabi/10.3.1/../../../../arm-none-eabi/lib/thumb/v7-m/nofp\libnosys.a(sbrk.o)
                0x0000000008004da0                _sbrk
 *(.glue_7)
 .glue_7        0x0000000008004dbc        0x0 linker stubs
 *(.glue_7t)
 .glue_7t       0x0000000008004dbc        0x0 linker stubs
 *(.eh_frame)
 .eh_frame      0x0000000008004dbc        0x0 c:/st/stm32cubeide_1.9.0/stm32cubeide/plugins/com.st.stm32cube.ide.mcu.externaltools.gnu-tools-for-stm32.10.3-2021.10.win32_1.0.0.202111181127/tools/bin/../lib/gcc/arm-none-eabi/10.3.1/thumb/v7-m/nofp/crtbegin.o
 *(.init)
 .init          0x0000000008004dbc        0x4 c:/st/stm32cubeide_1.9.0/stm32cubeide/plugins/com.st.stm32cube.ide.mcu.externaltools.gnu-tools-for-stm32.10.3-2021.10.win32_1.0.0.202111181127/tools/bin/../lib/gcc/arm-none-eabi/10.3.1/thumb/v7-m/nofp/crti.o
                0x0000000008004dbc                _init
 .init          0x0000000008004dc0        0x8 c:/st/stm32cubeide_1.9.0/stm32cubeide/plugins/com.st.stm32cube.ide.mcu.externaltools.gnu-tools-for-stm32.10.3-2021.10.win32_1.0.0.202111181127/tools/bin/../lib/gcc/arm-none-eabi/10.3.1/thumb/v7-m/nofp/crtn.o
 *(.fini)
 .fini          0x0000000008004dc8        0x4 c:/st/stm32cubeide_1.9.0/stm32cubeide/plugins/com.st.stm32cube.ide.mcu.externaltools.gnu-tools-for-stm32.10.3-2021.10.win32_1.0.0.202111181127/tools/bin/../lib/gcc/arm-none-eabi/10.3.1/thumb/v7-m/nofp/crti.o
                0x0000000008004dc8                _fini
 .fini          0x0000000008004dcc        0x8 c:/st/stm32cubeide_1.9.0/stm32cubeide/plugins/com.st.stm32cube.ide.mcu.externaltools.gnu-tools-for-stm32.10.3-2021.10.win32_1.0.0.202111181127/tools/bin/../lib/gcc/arm-none-eabi/10.3.1/thumb/v7-m/nofp/crtn.o
                0x0000000008004dd4                . = ALIGN (0x4)
                0x0000000008004dd4                _etext = .

.vfp11_veneer   0x0000000008004dd4        0x0
 .vfp11_veneer  0x0000000008004dd4        0x0 linker stubs

.v4_bx          0x0000000008004dd4        0x0
 .v4_bx         0x0000000008004dd4        0x0 linker stubs

.iplt           0x0000000008004dd4        0x0
 .iplt          0x0000000008004dd4        0x0 c:/st/stm32cubeide_1.9.0/stm32cubeide/plugins/com.st.stm32cube.ide.mcu.externaltools.gnu-tools-for-stm32.10.3-2021.10.win32_1.0.0.202111181127/tools/bin/../lib/gcc/arm-none-eabi/10.3.1/thumb/v7-m/nofp/crtbegin.o

.rodata         0x0000000008004dd4      0x238
                0x0000000008004dd4                . = ALIGN (0x4)
 *(.rodata)
 .rodata        0x0000000008004dd4       0x18 ./Src/system_stm32f1xx.o
                0x0000000008004dd4                AHBPrescTable
                0x0000000008004de4                APBPrescTable
 .rodata        0x0000000008004dec        0xf ./Src/xbee.o
 *(.rodata*)
 *fill*         0x0000000008004dfb        0x1 
 .rodata.str1.4
                0x0000000008004dfc       0x11 ./Drivers/STM32F1xx_HAL_Driver/Src/stm32f1xx_hal_rcc.o
 *fill*         0x0000000008004e0d        0x3 
 .rodata.str1.4
                0x0000000008004e10       0x4f ./Src/lcd_dash.o
 *fill*         0x0000000008004e5f        0x1 
 .rodata.str1.4
                0x0000000008004e60      0x14e ./Src/nextion.o
                                        0x152 (size before relaxing)
 *fill*         0x0000000008004fae        0x2 
 .rodata.str1.4
                0x0000000008004fb0        0x5 ./Src/telemetry.o
 *fill*         0x0000000008004fb5        0x3 
 .rodata.str1.4
                0x0000000008004fb8       0x20 ./Src/xbee.o
 .rodata._svfprintf_r.str1.1
                0x0000000008004fd8       0x11 c:/st/stm32cubeide_1.9.0/stm32cubeide/plugins/com.st.stm32cube.ide.mcu.externaltools.gnu-tools-for-stm32.10.3-2021.10.win32_1.0.0.202111181127/tools/bin/../lib/gcc/arm-none-eabi/10.3.1/../../../../arm-none-eabi/lib/thumb/v7-m/nofp\libc_nano.a(lib_a-nano-svfprintf.o)
 .rodata._printf_i.str1.1
                0x0000000008004fe9       0x22 c:/st/stm32cubeide_1.9.0/stm32cubeide/plugins/com.st.stm32cube.ide.mcu.externaltools.gnu-tools-for-stm32.10.3-2021.10.win32_1.0.0.202111181127/tools/bin/../lib/gcc/arm-none-eabi/10.3.1/../../../../arm-none-eabi/lib/thumb/v7-m/nofp\libc_nano.a(lib_a-nano-vfprintf_i.o)
                0x000000000800500c                . = ALIGN (0x4)
 *fill*         0x000000000800500b        0x1 

.rel.dyn        0x000000000800500c        0x0
 .rel.iplt      0x000000000800500c        0x0 c:/st/stm32cubeide_1.9.0/stm32cubeide/plugins/com.st.stm32cube.ide.mcu.externaltools.gnu-tools-for-stm32.10.3-2021.10.win32_1.0.0.202111181127/tools/bin/../lib/gcc/arm-none-eabi/10.3.1/thumb/v7-m/nofp/crtbegin.o

.ARM.extab
 *(.ARM.extab* .gnu.linkonce.armextab.*)

.ARM            0x000000000800500c        0x0
                0x000000000800500c                __exidx_start = .
 *(.ARM.exidx*)
                0x000000000800500c                __exidx_end = .

.preinit_array  0x000000000800500c        0x0
                0x000000000800500c                PROVIDE (__preinit_array_start = .)
 *(.preinit_array*)
                0x000000000800500c                PROVIDE (__preinit_array_end = .)

.init_array     0x000000000800500c        0x4
                0x000000000800500c                PROVIDE (__init_array_start = .)
 *(SORT_BY_NAME(.init_array.*))
 *(.init_array*)
 .init_array    0x000000000800500c        0x4 c:/st/stm32cubeide_1.9.0/stm32cubeide/plugins/com.st.stm32cube.ide.mcu.externaltools.gnu-tools-for-stm32.10.3-2021.10.win32_1.0.0.202111181127/tools/bin/../lib/gcc/arm-none-eabi/10.3.1/thumb/v7-m/nofp/crtbegin.o
                0x0000000008005010                PROVIDE (__init_array_end = .)

.fini_array     0x0000000008005010        0x4
                [!provide]                        PROVIDE (__fini_array_start = .)
 *(SORT_BY_NAME(.fini_array.*))
 *(.fini_array*)
 .fini_array    0x0000000008005010        0x4 c:/st/stm32cubeide_1.9.0/stm32cubeide/plugins/com.st.stm32cube.ide.mcu.externaltools.gnu-tools-for-stm32.10.3-2021.10.win32_1.0.0.202111181127/tools/bin/../lib/gcc/arm-none-eabi/10.3.1/thumb/v7-m/nofp/crtbegin.o
                [!provide]                        PROVIDE (__fini_array_end = .)
                0x0000000008005014                _sidata = LOADADDR (.data)

.data           0x0000000020000000       0x80 load address 0x0000000008005014
                0x0000000020000000                . = ALIGN (0x4)
                0x0000000020000000                _sdata = .
 *(.data)
 .data          0x0000000020000000        0x8 ./Drivers/STM32F1xx_HAL_Driver/Src/stm32f1xx_hal.o
                0x0000000020000000                uwTickFreq
                0x0000000020000004                uwTickPrio
 .data          0x0000000020000008        0x9 ./Src/lcd_dash.o
                0x0000000020000008                previus_page
                0x000000002000000c                BRAKE
 *fill*         0x0000000020000011        0x3 
 .data          0x0000000020000014        0x3 ./Src/nextion.o
                0x0000000020000014                ENDTERMS
 *fill*         0x0000000020000017        0x1 
 .data          0x0000000020000018        0x4 ./Src/system_stm32f1xx.o
                0x0000000020000018                SystemCoreClock
 *(.data*)
 .data._impure_ptr
                0x000000002000001c        0x4 c:/st/stm32cubeide_1.9.0/stm32cubeide/plugins/com.st.stm32cube.ide.mcu.externaltools.gnu-tools-for-stm32.10.3-2021.10.win32_1.0.0.202111181127/tools/bin/../lib/gcc/arm-none-eabi/10.3.1/../../../../arm-none-eabi/lib/thumb/v7-m/nofp\libc_nano.a(lib_a-impure.o)
                0x000000002000001c                _impure_ptr
 .data.impure_data
                0x0000000020000020       0x60 c:/st/stm32cubeide_1.9.0/stm32cubeide/plugins/com.st.stm32cube.ide.mcu.externaltools.gnu-tools-for-stm32.10.3-2021.10.win32_1.0.0.202111181127/tools/bin/../lib/gcc/arm-none-eabi/10.3.1/../../../../arm-none-eabi/lib/thumb/v7-m/nofp\libc_nano.a(lib_a-impure.o)
                0x0000000020000080                . = ALIGN (0x4)
                0x0000000020000080                _edata = .

.igot.plt       0x0000000020000080        0x0 load address 0x0000000008005094
 .igot.plt      0x0000000020000080        0x0 c:/st/stm32cubeide_1.9.0/stm32cubeide/plugins/com.st.stm32cube.ide.mcu.externaltools.gnu-tools-for-stm32.10.3-2021.10.win32_1.0.0.202111181127/tools/bin/../lib/gcc/arm-none-eabi/10.3.1/thumb/v7-m/nofp/crtbegin.o
                0x0000000020000080                . = ALIGN (0x4)

.bss            0x0000000020000080     0x10c0 load address 0x0000000008005094
                0x0000000020000080                _sbss = .
                0x0000000020000080                __bss_start__ = _sbss
 *(.bss)
 .bss           0x0000000020000080       0x1c c:/st/stm32cubeide_1.9.0/stm32cubeide/plugins/com.st.stm32cube.ide.mcu.externaltools.gnu-tools-for-stm32.10.3-2021.10.win32_1.0.0.202111181127/tools/bin/../lib/gcc/arm-none-eabi/10.3.1/thumb/v7-m/nofp/crtbegin.o
 .bss           0x000000002000009c        0x4 ./Drivers/STM32F1xx_HAL_Driver/Src/stm32f1xx_hal.o
                0x000000002000009c                uwTick
 .bss           0x00000000200000a0      0x204 ./Src/DMA_USART.o
                0x00000000200000a0                DMA_RX_Buffer
                0x00000000200001a0                UART_STATUS
                0x00000000200001a4                uart_user_message
 .bss           0x00000000200002a4       0x11 ./Src/Failure.o
                0x00000000200002a4                ERRO_CONTROLE
                0x00000000200002a6                ERRO_INVERSOR
                0x00000000200002a8                ERRO_SEGURANCA
                0x00000000200002aa                actual_erro
                0x00000000200002ac                ERRO
                0x00000000200002b0                flagsTimeout
                0x00000000200002b4                FLAG_POP_UP
 *fill*         0x00000000200002b5        0x3 
 .bss           0x00000000200002b8      0xbd0 ./Src/Interface_Master.o
                0x00000000200002b8                can_vector
                0x0000000020000df8                packTimer
                0x0000000020000e00                actualTimer
                0x0000000020000e04                vet_aux
                0x0000000020000e84                auxiliar
 .bss           0x0000000020000e88       0x98 ./Src/can.o
                0x0000000020000e88                hcan
                0x0000000020000eb0                sFilterConfig
                0x0000000020000ed8                TxHeader
                0x0000000020000ef0                TxMailbox
                0x0000000020000ef4                RxData
                0x0000000020000efc                TxData
                0x0000000020000f04                RxHeader
 .bss           0x0000000020000f20        0xc ./Src/iwdg.o
                0x0000000020000f20                hiwdg
 .bss           0x0000000020000f2c       0x3b ./Src/lcd_dash.o
                0x0000000020000f2c                timer_actual_nextion
                0x0000000020000f30                pageMessageReceived
                0x0000000020000f31                actual_page
                0x0000000020000f34                pageTimeout
                0x0000000020000f38                CAN_STATE
                0x0000000020000f39                PAGE
                0x0000000020000f3c                AIR
                0x0000000020000f47                PAGE_ERRO
                0x0000000020000f48                MODO
                0x0000000020000f53                previus_MODO_FLAG
                0x0000000020000f54                modoTimeout
                0x0000000020000f58                last_state
                0x0000000020000f5c                botaoTimeout
                0x0000000020000f64                aux
                0x0000000020000f65                botao
                0x0000000020000f66                PAGE_INFO
 *fill*         0x0000000020000f67        0x1 
 .bss           0x0000000020000f68       0x58 ./Src/spi.o
                0x0000000020000f68                hspi1
 .bss           0x0000000020000fc0        0x4 ./Src/stm32f1xx_it.o
                0x0000000020000fc0                timer_actual
 .bss           0x0000000020000fc4        0x5 ./Src/telemetry.o
                0x0000000020000fc4                api_length
                0x0000000020000fc6                FLAG_MSG
                0x0000000020000fc7                INFORMACAO
                0x0000000020000fc8                _real_clock_received
 *fill*         0x0000000020000fc9        0x3 
 .bss           0x0000000020000fcc       0x48 ./Src/tim.o
                0x0000000020000fcc                htim3
 .bss           0x0000000020001014      0x110 ./Src/usart.o
                0x0000000020001014                huart2
                0x0000000020001058                huart3
                0x000000002000109c                hdma_usart2_rx
                0x00000000200010e0                hdma_usart3_rx
 .bss           0x0000000020001124        0x5 ./Src/xbee.o
                0x0000000020001124                timer_actual_uart
                0x0000000020001128                mode
 *(.bss*)
 *fill*         0x0000000020001129        0x3 
 .bss.__malloc_free_list
                0x000000002000112c        0x4 c:/st/stm32cubeide_1.9.0/stm32cubeide/plugins/com.st.stm32cube.ide.mcu.externaltools.gnu-tools-for-stm32.10.3-2021.10.win32_1.0.0.202111181127/tools/bin/../lib/gcc/arm-none-eabi/10.3.1/../../../../arm-none-eabi/lib/thumb/v7-m/nofp\libc_nano.a(lib_a-nano-mallocr.o)
                0x000000002000112c                __malloc_free_list
 .bss.__malloc_sbrk_start
                0x0000000020001130        0x4 c:/st/stm32cubeide_1.9.0/stm32cubeide/plugins/com.st.stm32cube.ide.mcu.externaltools.gnu-tools-for-stm32.10.3-2021.10.win32_1.0.0.202111181127/tools/bin/../lib/gcc/arm-none-eabi/10.3.1/../../../../arm-none-eabi/lib/thumb/v7-m/nofp\libc_nano.a(lib_a-nano-mallocr.o)
                0x0000000020001130                __malloc_sbrk_start
 .bss.errno     0x0000000020001134        0x4 c:/st/stm32cubeide_1.9.0/stm32cubeide/plugins/com.st.stm32cube.ide.mcu.externaltools.gnu-tools-for-stm32.10.3-2021.10.win32_1.0.0.202111181127/tools/bin/../lib/gcc/arm-none-eabi/10.3.1/../../../../arm-none-eabi/lib/thumb/v7-m/nofp\libc_nano.a(lib_a-reent.o)
                0x0000000020001134                errno
 .bss.__lock___malloc_recursive_mutex
                0x0000000020001138        0x1 c:/st/stm32cubeide_1.9.0/stm32cubeide/plugins/com.st.stm32cube.ide.mcu.externaltools.gnu-tools-for-stm32.10.3-2021.10.win32_1.0.0.202111181127/tools/bin/../lib/gcc/arm-none-eabi/10.3.1/../../../../arm-none-eabi/lib/thumb/v7-m/nofp\libc_nano.a(lib_a-lock.o)
                0x0000000020001138                __lock___malloc_recursive_mutex
 *fill*         0x0000000020001139        0x3 
 .bss.heap_end.0
                0x000000002000113c        0x4 c:/st/stm32cubeide_1.9.0/stm32cubeide/plugins/com.st.stm32cube.ide.mcu.externaltools.gnu-tools-for-stm32.10.3-2021.10.win32_1.0.0.202111181127/tools/bin/../lib/gcc/arm-none-eabi/10.3.1/../../../../arm-none-eabi/lib/thumb/v7-m/nofp\libnosys.a(sbrk.o)
 *(COMMON)
                0x0000000020001140                . = ALIGN (0x4)
                0x0000000020001140                _ebss = .
                0x0000000020001140                __bss_end__ = _ebss

._user_heap_stack
                0x0000000020001140      0x600 load address 0x0000000008005094
                0x0000000020001140                . = ALIGN (0x8)
                0x0000000020001140                PROVIDE (end = .)
                [!provide]                        PROVIDE (_end = .)
                0x0000000020001340                . = (. + _Min_Heap_Size)
 *fill*         0x0000000020001140      0x200 
                0x0000000020001740                . = (. + _Min_Stack_Size)
 *fill*         0x0000000020001340      0x400 
                0x0000000020001740                . = ALIGN (0x8)

/DISCARD/
 libc.a(*)
 libm.a(*)
 libgcc.a(*)

.ARM.attributes
                0x0000000000000000       0x29
 *(.ARM.attributes)
 .ARM.attributes
                0x0000000000000000       0x1d c:/st/stm32cubeide_1.9.0/stm32cubeide/plugins/com.st.stm32cube.ide.mcu.externaltools.gnu-tools-for-stm32.10.3-2021.10.win32_1.0.0.202111181127/tools/bin/../lib/gcc/arm-none-eabi/10.3.1/thumb/v7-m/nofp/crti.o
 .ARM.attributes
                0x000000000000001d       0x2d c:/st/stm32cubeide_1.9.0/stm32cubeide/plugins/com.st.stm32cube.ide.mcu.externaltools.gnu-tools-for-stm32.10.3-2021.10.win32_1.0.0.202111181127/tools/bin/../lib/gcc/arm-none-eabi/10.3.1/thumb/v7-m/nofp/crtbegin.o
 .ARM.attributes
                0x000000000000004a       0x2d ./Drivers/STM32F1xx_HAL_Driver/Src/stm32f1xx_hal.o
 .ARM.attributes
                0x0000000000000077       0x2d ./Drivers/STM32F1xx_HAL_Driver/Src/stm32f1xx_hal_can.o
 .ARM.attributes
                0x00000000000000a4       0x2d ./Drivers/STM32F1xx_HAL_Driver/Src/stm32f1xx_hal_cortex.o
 .ARM.attributes
                0x00000000000000d1       0x2d ./Drivers/STM32F1xx_HAL_Driver/Src/stm32f1xx_hal_dma.o
 .ARM.attributes
                0x00000000000000fe       0x2d ./Drivers/STM32F1xx_HAL_Driver/Src/stm32f1xx_hal_gpio.o
 .ARM.attributes
                0x000000000000012b       0x2d ./Drivers/STM32F1xx_HAL_Driver/Src/stm32f1xx_hal_iwdg.o
 .ARM.attributes
                0x0000000000000158       0x2d ./Drivers/STM32F1xx_HAL_Driver/Src/stm32f1xx_hal_rcc.o
 .ARM.attributes
                0x0000000000000185       0x2d ./Drivers/STM32F1xx_HAL_Driver/Src/stm32f1xx_hal_spi.o
 .ARM.attributes
                0x00000000000001b2       0x2d ./Drivers/STM32F1xx_HAL_Driver/Src/stm32f1xx_hal_tim.o
 .ARM.attributes
                0x00000000000001df       0x2d ./Drivers/STM32F1xx_HAL_Driver/Src/stm32f1xx_hal_tim_ex.o
 .ARM.attributes
                0x000000000000020c       0x2d ./Drivers/STM32F1xx_HAL_Driver/Src/stm32f1xx_hal_uart.o
 .ARM.attributes
                0x0000000000000239       0x2d ./Src/DMA_USART.o
 .ARM.attributes
                0x0000000000000266       0x2d ./Src/Failure.o
 .ARM.attributes
                0x0000000000000293       0x2d ./Src/Interface_Master.o
 .ARM.attributes
                0x00000000000002c0       0x2d ./Src/can.o
 .ARM.attributes
                0x00000000000002ed       0x2d ./Src/dma.o
 .ARM.attributes
                0x000000000000031a       0x2d ./Src/gpio.o
 .ARM.attributes
                0x0000000000000347       0x2d ./Src/iwdg.o
 .ARM.attributes
                0x0000000000000374       0x2d ./Src/lcd_dash.o
 .ARM.attributes
                0x00000000000003a1       0x2d ./Src/main.o
 .ARM.attributes
                0x00000000000003ce       0x2d ./Src/nextion.o
 .ARM.attributes
                0x00000000000003fb       0x2d ./Src/spi.o
 .ARM.attributes
                0x0000000000000428       0x2d ./Src/stm32f1xx_hal_msp.o
 .ARM.attributes
                0x0000000000000455       0x2d ./Src/stm32f1xx_it.o
 .ARM.attributes
                0x0000000000000482       0x2d ./Src/system_stm32f1xx.o
 .ARM.attributes
                0x00000000000004af       0x2d ./Src/telemetry.o
 .ARM.attributes
                0x00000000000004dc       0x2d ./Src/tim.o
 .ARM.attributes
                0x0000000000000509       0x2d ./Src/usart.o
 .ARM.attributes
                0x0000000000000536       0x2d ./Src/xbee.o
 .ARM.attributes
                0x0000000000000563       0x21 ./startup/startup_stm32f103xb.o
 .ARM.attributes
                0x0000000000000584       0x2d c:/st/stm32cubeide_1.9.0/stm32cubeide/plugins/com.st.stm32cube.ide.mcu.externaltools.gnu-tools-for-stm32.10.3-2021.10.win32_1.0.0.202111181127/tools/bin/../lib/gcc/arm-none-eabi/10.3.1/../../../../arm-none-eabi/lib/thumb/v7-m/nofp\libc_nano.a(lib_a-impure.o)
 .ARM.attributes
                0x00000000000005b1       0x2d c:/st/stm32cubeide_1.9.0/stm32cubeide/plugins/com.st.stm32cube.ide.mcu.externaltools.gnu-tools-for-stm32.10.3-2021.10.win32_1.0.0.202111181127/tools/bin/../lib/gcc/arm-none-eabi/10.3.1/../../../../arm-none-eabi/lib/thumb/v7-m/nofp\libc_nano.a(lib_a-init.o)
 .ARM.attributes
                0x00000000000005de       0x2d c:/st/stm32cubeide_1.9.0/stm32cubeide/plugins/com.st.stm32cube.ide.mcu.externaltools.gnu-tools-for-stm32.10.3-2021.10.win32_1.0.0.202111181127/tools/bin/../lib/gcc/arm-none-eabi/10.3.1/../../../../arm-none-eabi/lib/thumb/v7-m/nofp\libc_nano.a(lib_a-memcpy-stub.o)
 .ARM.attributes
                0x000000000000060b       0x2d c:/st/stm32cubeide_1.9.0/stm32cubeide/plugins/com.st.stm32cube.ide.mcu.externaltools.gnu-tools-for-stm32.10.3-2021.10.win32_1.0.0.202111181127/tools/bin/../lib/gcc/arm-none-eabi/10.3.1/../../../../arm-none-eabi/lib/thumb/v7-m/nofp\libc_nano.a(lib_a-memset.o)
 .ARM.attributes
                0x0000000000000638       0x2d c:/st/stm32cubeide_1.9.0/stm32cubeide/plugins/com.st.stm32cube.ide.mcu.externaltools.gnu-tools-for-stm32.10.3-2021.10.win32_1.0.0.202111181127/tools/bin/../lib/gcc/arm-none-eabi/10.3.1/../../../../arm-none-eabi/lib/thumb/v7-m/nofp\libc_nano.a(lib_a-sprintf.o)
 .ARM.attributes
                0x0000000000000665       0x17 c:/st/stm32cubeide_1.9.0/stm32cubeide/plugins/com.st.stm32cube.ide.mcu.externaltools.gnu-tools-for-stm32.10.3-2021.10.win32_1.0.0.202111181127/tools/bin/../lib/gcc/arm-none-eabi/10.3.1/../../../../arm-none-eabi/lib/thumb/v7-m/nofp\libc_nano.a(lib_a-strlen.o)
 .ARM.attributes
                0x000000000000067c       0x2d c:/st/stm32cubeide_1.9.0/stm32cubeide/plugins/com.st.stm32cube.ide.mcu.externaltools.gnu-tools-for-stm32.10.3-2021.10.win32_1.0.0.202111181127/tools/bin/../lib/gcc/arm-none-eabi/10.3.1/../../../../arm-none-eabi/lib/thumb/v7-m/nofp\libc_nano.a(lib_a-nano-svfprintf.o)
 .ARM.attributes
                0x00000000000006a9       0x2d c:/st/stm32cubeide_1.9.0/stm32cubeide/plugins/com.st.stm32cube.ide.mcu.externaltools.gnu-tools-for-stm32.10.3-2021.10.win32_1.0.0.202111181127/tools/bin/../lib/gcc/arm-none-eabi/10.3.1/../../../../arm-none-eabi/lib/thumb/v7-m/nofp\libc_nano.a(lib_a-nano-vfprintf_i.o)
 .ARM.attributes
                0x00000000000006d6       0x2d c:/st/stm32cubeide_1.9.0/stm32cubeide/plugins/com.st.stm32cube.ide.mcu.externaltools.gnu-tools-for-stm32.10.3-2021.10.win32_1.0.0.202111181127/tools/bin/../lib/gcc/arm-none-eabi/10.3.1/../../../../arm-none-eabi/lib/thumb/v7-m/nofp\libc_nano.a(lib_a-memchr-stub.o)
 .ARM.attributes
                0x0000000000000703       0x2d c:/st/stm32cubeide_1.9.0/stm32cubeide/plugins/com.st.stm32cube.ide.mcu.externaltools.gnu-tools-for-stm32.10.3-2021.10.win32_1.0.0.202111181127/tools/bin/../lib/gcc/arm-none-eabi/10.3.1/../../../../arm-none-eabi/lib/thumb/v7-m/nofp\libc_nano.a(lib_a-memmove.o)
 .ARM.attributes
                0x0000000000000730       0x2d c:/st/stm32cubeide_1.9.0/stm32cubeide/plugins/com.st.stm32cube.ide.mcu.externaltools.gnu-tools-for-stm32.10.3-2021.10.win32_1.0.0.202111181127/tools/bin/../lib/gcc/arm-none-eabi/10.3.1/../../../../arm-none-eabi/lib/thumb/v7-m/nofp\libc_nano.a(lib_a-nano-freer.o)
 .ARM.attributes
                0x000000000000075d       0x2d c:/st/stm32cubeide_1.9.0/stm32cubeide/plugins/com.st.stm32cube.ide.mcu.externaltools.gnu-tools-for-stm32.10.3-2021.10.win32_1.0.0.202111181127/tools/bin/../lib/gcc/arm-none-eabi/10.3.1/../../../../arm-none-eabi/lib/thumb/v7-m/nofp\libc_nano.a(lib_a-nano-mallocr.o)
 .ARM.attributes
                0x000000000000078a       0x2d c:/st/stm32cubeide_1.9.0/stm32cubeide/plugins/com.st.stm32cube.ide.mcu.externaltools.gnu-tools-for-stm32.10.3-2021.10.win32_1.0.0.202111181127/tools/bin/../lib/gcc/arm-none-eabi/10.3.1/../../../../arm-none-eabi/lib/thumb/v7-m/nofp\libc_nano.a(lib_a-nano-reallocr.o)
 .ARM.attributes
                0x00000000000007b7       0x2d c:/st/stm32cubeide_1.9.0/stm32cubeide/plugins/com.st.stm32cube.ide.mcu.externaltools.gnu-tools-for-stm32.10.3-2021.10.win32_1.0.0.202111181127/tools/bin/../lib/gcc/arm-none-eabi/10.3.1/../../../../arm-none-eabi/lib/thumb/v7-m/nofp\libc_nano.a(lib_a-sbrkr.o)
 .ARM.attributes
                0x00000000000007e4       0x2d c:/st/stm32cubeide_1.9.0/stm32cubeide/plugins/com.st.stm32cube.ide.mcu.externaltools.gnu-tools-for-stm32.10.3-2021.10.win32_1.0.0.202111181127/tools/bin/../lib/gcc/arm-none-eabi/10.3.1/../../../../arm-none-eabi/lib/thumb/v7-m/nofp\libc_nano.a(lib_a-mlock.o)
 .ARM.attributes
                0x0000000000000811       0x2d c:/st/stm32cubeide_1.9.0/stm32cubeide/plugins/com.st.stm32cube.ide.mcu.externaltools.gnu-tools-for-stm32.10.3-2021.10.win32_1.0.0.202111181127/tools/bin/../lib/gcc/arm-none-eabi/10.3.1/../../../../arm-none-eabi/lib/thumb/v7-m/nofp\libc_nano.a(lib_a-nano-msizer.o)
 .ARM.attributes
                0x000000000000083e       0x2d c:/st/stm32cubeide_1.9.0/stm32cubeide/plugins/com.st.stm32cube.ide.mcu.externaltools.gnu-tools-for-stm32.10.3-2021.10.win32_1.0.0.202111181127/tools/bin/../lib/gcc/arm-none-eabi/10.3.1/../../../../arm-none-eabi/lib/thumb/v7-m/nofp\libc_nano.a(lib_a-reent.o)
 .ARM.attributes
                0x000000000000086b       0x2d c:/st/stm32cubeide_1.9.0/stm32cubeide/plugins/com.st.stm32cube.ide.mcu.externaltools.gnu-tools-for-stm32.10.3-2021.10.win32_1.0.0.202111181127/tools/bin/../lib/gcc/arm-none-eabi/10.3.1/../../../../arm-none-eabi/lib/thumb/v7-m/nofp\libc_nano.a(lib_a-lock.o)
 .ARM.attributes
                0x0000000000000898       0x1d c:/st/stm32cubeide_1.9.0/stm32cubeide/plugins/com.st.stm32cube.ide.mcu.externaltools.gnu-tools-for-stm32.10.3-2021.10.win32_1.0.0.202111181127/tools/bin/../lib/gcc/arm-none-eabi/10.3.1/thumb/v7-m/nofp\libgcc.a(_arm_mulsf3.o)
 .ARM.attributes
                0x00000000000008b5       0x1d c:/st/stm32cubeide_1.9.0/stm32cubeide/plugins/com.st.stm32cube.ide.mcu.externaltools.gnu-tools-for-stm32.10.3-2021.10.win32_1.0.0.202111181127/tools/bin/../lib/gcc/arm-none-eabi/10.3.1/thumb/v7-m/nofp\libgcc.a(_arm_addsubdf3.o)
 .ARM.attributes
                0x00000000000008d2       0x1d c:/st/stm32cubeide_1.9.0/stm32cubeide/plugins/com.st.stm32cube.ide.mcu.externaltools.gnu-tools-for-stm32.10.3-2021.10.win32_1.0.0.202111181127/tools/bin/../lib/gcc/arm-none-eabi/10.3.1/thumb/v7-m/nofp\libgcc.a(_arm_muldivdf3.o)
 .ARM.attributes
                0x00000000000008ef       0x1d c:/st/stm32cubeide_1.9.0/stm32cubeide/plugins/com.st.stm32cube.ide.mcu.externaltools.gnu-tools-for-stm32.10.3-2021.10.win32_1.0.0.202111181127/tools/bin/../lib/gcc/arm-none-eabi/10.3.1/thumb/v7-m/nofp\libgcc.a(_arm_fixunsdfsi.o)
 .ARM.attributes
                0x000000000000090c       0x1d c:/st/stm32cubeide_1.9.0/stm32cubeide/plugins/com.st.stm32cube.ide.mcu.externaltools.gnu-tools-for-stm32.10.3-2021.10.win32_1.0.0.202111181127/tools/bin/../lib/gcc/arm-none-eabi/10.3.1/thumb/v7-m/nofp\libgcc.a(_arm_truncdfsf2.o)
 .ARM.attributes
                0x0000000000000929       0x2d c:/st/stm32cubeide_1.9.0/stm32cubeide/plugins/com.st.stm32cube.ide.mcu.externaltools.gnu-tools-for-stm32.10.3-2021.10.win32_1.0.0.202111181127/tools/bin/../lib/gcc/arm-none-eabi/10.3.1/../../../../arm-none-eabi/lib/thumb/v7-m/nofp\libnosys.a(sbrk.o)
 .ARM.attributes
                0x0000000000000956       0x1d c:/st/stm32cubeide_1.9.0/stm32cubeide/plugins/com.st.stm32cube.ide.mcu.externaltools.gnu-tools-for-stm32.10.3-2021.10.win32_1.0.0.202111181127/tools/bin/../lib/gcc/arm-none-eabi/10.3.1/thumb/v7-m/nofp/crtn.o
OUTPUT(Interface_Master.elf elf32-littlearm)
LOAD linker stubs
LOAD c:/st/stm32cubeide_1.9.0/stm32cubeide/plugins/com.st.stm32cube.ide.mcu.externaltools.gnu-tools-for-stm32.10.3-2021.10.win32_1.0.0.202111181127/tools/bin/../lib/gcc/arm-none-eabi/10.3.1/../../../../arm-none-eabi/lib/thumb/v7-m/nofp\libc.a
LOAD c:/st/stm32cubeide_1.9.0/stm32cubeide/plugins/com.st.stm32cube.ide.mcu.externaltools.gnu-tools-for-stm32.10.3-2021.10.win32_1.0.0.202111181127/tools/bin/../lib/gcc/arm-none-eabi/10.3.1/../../../../arm-none-eabi/lib/thumb/v7-m/nofp\libm.a
LOAD c:/st/stm32cubeide_1.9.0/stm32cubeide/plugins/com.st.stm32cube.ide.mcu.externaltools.gnu-tools-for-stm32.10.3-2021.10.win32_1.0.0.202111181127/tools/bin/../lib/gcc/arm-none-eabi/10.3.1/thumb/v7-m/nofp\libgcc.a

.debug_info     0x0000000000000000    0x16bee
 .debug_info    0x0000000000000000      0x7d4 ./Drivers/STM32F1xx_HAL_Driver/Src/stm32f1xx_hal.o
 .debug_info    0x00000000000007d4     0x125e ./Drivers/STM32F1xx_HAL_Driver/Src/stm32f1xx_hal_can.o
 .debug_info    0x0000000000001a32      0xd8e ./Drivers/STM32F1xx_HAL_Driver/Src/stm32f1xx_hal_cortex.o
 .debug_info    0x00000000000027c0      0x846 ./Drivers/STM32F1xx_HAL_Driver/Src/stm32f1xx_hal_dma.o
 .debug_info    0x0000000000003006      0x673 ./Drivers/STM32F1xx_HAL_Driver/Src/stm32f1xx_hal_gpio.o
 .debug_info    0x0000000000003679      0x20d ./Drivers/STM32F1xx_HAL_Driver/Src/stm32f1xx_hal_iwdg.o
 .debug_info    0x0000000000003886      0xa57 ./Drivers/STM32F1xx_HAL_Driver/Src/stm32f1xx_hal_rcc.o
 .debug_info    0x00000000000042dd     0x1d9d ./Drivers/STM32F1xx_HAL_Driver/Src/stm32f1xx_hal_spi.o
 .debug_info    0x000000000000607a     0x3b53 ./Drivers/STM32F1xx_HAL_Driver/Src/stm32f1xx_hal_tim.o
 .debug_info    0x0000000000009bcd     0x1aaf ./Drivers/STM32F1xx_HAL_Driver/Src/stm32f1xx_hal_tim_ex.o
 .debug_info    0x000000000000b67c     0x1cc2 ./Drivers/STM32F1xx_HAL_Driver/Src/stm32f1xx_hal_uart.o
 .debug_info    0x000000000000d33e      0x808 ./Src/DMA_USART.o
 .debug_info    0x000000000000db46      0x3d5 ./Src/Failure.o
 .debug_info    0x000000000000df1b      0xade ./Src/Interface_Master.o
 .debug_info    0x000000000000e9f9      0xd20 ./Src/can.o
 .debug_info    0x000000000000f719      0x346 ./Src/dma.o
 .debug_info    0x000000000000fa5f      0x3d2 ./Src/gpio.o
 .debug_info    0x000000000000fe31      0x1eb ./Src/iwdg.o
 .debug_info    0x000000000001001c      0xa38 ./Src/lcd_dash.o
 .debug_info    0x0000000000010a54      0x4b9 ./Src/main.o
 .debug_info    0x0000000000010f0d     0x1a3c ./Src/nextion.o
 .debug_info    0x0000000000012949      0x8a2 ./Src/spi.o
 .debug_info    0x00000000000131eb      0x215 ./Src/stm32f1xx_hal_msp.o
 .debug_info    0x0000000000013400      0xd78 ./Src/stm32f1xx_it.o
 .debug_info    0x0000000000014178      0x40b ./Src/system_stm32f1xx.o
 .debug_info    0x0000000000014583      0x60f ./Src/telemetry.o
 .debug_info    0x0000000000014b92      0x8da ./Src/tim.o
 .debug_info    0x000000000001546c      0xc04 ./Src/usart.o
 .debug_info    0x0000000000016070      0xb7e ./Src/xbee.o

.debug_abbrev   0x0000000000000000     0x3d04
 .debug_abbrev  0x0000000000000000      0x233 ./Drivers/STM32F1xx_HAL_Driver/Src/stm32f1xx_hal.o
 .debug_abbrev  0x0000000000000233      0x259 ./Drivers/STM32F1xx_HAL_Driver/Src/stm32f1xx_hal_can.o
 .debug_abbrev  0x000000000000048c      0x344 ./Drivers/STM32F1xx_HAL_Driver/Src/stm32f1xx_hal_cortex.o
 .debug_abbrev  0x00000000000007d0      0x244 ./Drivers/STM32F1xx_HAL_Driver/Src/stm32f1xx_hal_dma.o
 .debug_abbrev  0x0000000000000a14      0x1e9 ./Drivers/STM32F1xx_HAL_Driver/Src/stm32f1xx_hal_gpio.o
 .debug_abbrev  0x0000000000000bfd      0x139 ./Drivers/STM32F1xx_HAL_Driver/Src/stm32f1xx_hal_iwdg.o
 .debug_abbrev  0x0000000000000d36      0x29d ./Drivers/STM32F1xx_HAL_Driver/Src/stm32f1xx_hal_rcc.o
 .debug_abbrev  0x0000000000000fd3      0x273 ./Drivers/STM32F1xx_HAL_Driver/Src/stm32f1xx_hal_spi.o
 .debug_abbrev  0x0000000000001246      0x263 ./Drivers/STM32F1xx_HAL_Driver/Src/stm32f1xx_hal_tim.o
 .debug_abbrev  0x00000000000014a9      0x25d ./Drivers/STM32F1xx_HAL_Driver/Src/stm32f1xx_hal_tim_ex.o
 .debug_abbrev  0x0000000000001706      0x28c ./Drivers/STM32F1xx_HAL_Driver/Src/stm32f1xx_hal_uart.o
 .debug_abbrev  0x0000000000001992      0x209 ./Src/DMA_USART.o
 .debug_abbrev  0x0000000000001b9b      0x19c ./Src/Failure.o
 .debug_abbrev  0x0000000000001d37      0x2f3 ./Src/Interface_Master.o
 .debug_abbrev  0x000000000000202a      0x280 ./Src/can.o
 .debug_abbrev  0x00000000000022aa      0x11e ./Src/dma.o
 .debug_abbrev  0x00000000000023c8      0x14f ./Src/gpio.o
 .debug_abbrev  0x0000000000002517      0x148 ./Src/iwdg.o
 .debug_abbrev  0x000000000000265f      0x299 ./Src/lcd_dash.o
 .debug_abbrev  0x00000000000028f8      0x1db ./Src/main.o
 .debug_abbrev  0x0000000000002ad3      0x2d5 ./Src/nextion.o
 .debug_abbrev  0x0000000000002da8      0x1f7 ./Src/spi.o
 .debug_abbrev  0x0000000000002f9f       0xe8 ./Src/stm32f1xx_hal_msp.o
 .debug_abbrev  0x0000000000003087      0x278 ./Src/stm32f1xx_it.o
 .debug_abbrev  0x00000000000032ff      0x141 ./Src/system_stm32f1xx.o
 .debug_abbrev  0x0000000000003440      0x1dc ./Src/telemetry.o
 .debug_abbrev  0x000000000000361c      0x1fd ./Src/tim.o
 .debug_abbrev  0x0000000000003819      0x228 ./Src/usart.o
 .debug_abbrev  0x0000000000003a41      0x2c3 ./Src/xbee.o

.debug_loc      0x0000000000000000     0xddb5
 .debug_loc     0x0000000000000000      0x141 ./Drivers/STM32F1xx_HAL_Driver/Src/stm32f1xx_hal.o
 .debug_loc     0x0000000000000141      0xdb6 ./Drivers/STM32F1xx_HAL_Driver/Src/stm32f1xx_hal_can.o
 .debug_loc     0x0000000000000ef7      0x71f ./Drivers/STM32F1xx_HAL_Driver/Src/stm32f1xx_hal_cortex.o
 .debug_loc     0x0000000000001616      0x7d1 ./Drivers/STM32F1xx_HAL_Driver/Src/stm32f1xx_hal_dma.o
 .debug_loc     0x0000000000001de7      0x47d ./Drivers/STM32F1xx_HAL_Driver/Src/stm32f1xx_hal_gpio.o
 .debug_loc     0x0000000000002264       0x86 ./Drivers/STM32F1xx_HAL_Driver/Src/stm32f1xx_hal_iwdg.o
 .debug_loc     0x00000000000022ea      0x63e ./Drivers/STM32F1xx_HAL_Driver/Src/stm32f1xx_hal_rcc.o
 .debug_loc     0x0000000000002928     0x1d4e ./Drivers/STM32F1xx_HAL_Driver/Src/stm32f1xx_hal_spi.o
 .debug_loc     0x0000000000004676     0x47a8 ./Drivers/STM32F1xx_HAL_Driver/Src/stm32f1xx_hal_tim.o
 .debug_loc     0x0000000000008e1e     0x1ade ./Drivers/STM32F1xx_HAL_Driver/Src/stm32f1xx_hal_tim_ex.o
 .debug_loc     0x000000000000a8fc     0x2037 ./Drivers/STM32F1xx_HAL_Driver/Src/stm32f1xx_hal_uart.o
 .debug_loc     0x000000000000c933      0x173 ./Src/DMA_USART.o
 .debug_loc     0x000000000000caa6       0xc0 ./Src/Failure.o
 .debug_loc     0x000000000000cb66      0x115 ./Src/Interface_Master.o
 .debug_loc     0x000000000000cc7b       0xb9 ./Src/can.o
 .debug_loc     0x000000000000cd34       0x22 ./Src/lcd_dash.o
 .debug_loc     0x000000000000cd56      0xbcf ./Src/nextion.o
 .debug_loc     0x000000000000d925       0x84 ./Src/spi.o
 .debug_loc     0x000000000000d9a9       0x15 ./Src/stm32f1xx_hal_msp.o
 .debug_loc     0x000000000000d9be       0xff ./Src/system_stm32f1xx.o
 .debug_loc     0x000000000000dabd      0x137 ./Src/telemetry.o
 .debug_loc     0x000000000000dbf4       0xac ./Src/usart.o
 .debug_loc     0x000000000000dca0      0x115 ./Src/xbee.o

.debug_aranges  0x0000000000000000     0x1230
 .debug_aranges
                0x0000000000000000       0xe0 ./Drivers/STM32F1xx_HAL_Driver/Src/stm32f1xx_hal.o
 .debug_aranges
                0x00000000000000e0      0x138 ./Drivers/STM32F1xx_HAL_Driver/Src/stm32f1xx_hal_can.o
 .debug_aranges
                0x0000000000000218       0x90 ./Drivers/STM32F1xx_HAL_Driver/Src/stm32f1xx_hal_cortex.o
 .debug_aranges
                0x00000000000002a8       0x80 ./Drivers/STM32F1xx_HAL_Driver/Src/stm32f1xx_hal_dma.o
 .debug_aranges
                0x0000000000000328       0x58 ./Drivers/STM32F1xx_HAL_Driver/Src/stm32f1xx_hal_gpio.o
 .debug_aranges
                0x0000000000000380       0x28 ./Drivers/STM32F1xx_HAL_Driver/Src/stm32f1xx_hal_iwdg.o
 .debug_aranges
                0x00000000000003a8       0x90 ./Drivers/STM32F1xx_HAL_Driver/Src/stm32f1xx_hal_rcc.o
 .debug_aranges
                0x0000000000000438      0x1d0 ./Drivers/STM32F1xx_HAL_Driver/Src/stm32f1xx_hal_spi.o
 .debug_aranges
                0x0000000000000608      0x3d0 ./Drivers/STM32F1xx_HAL_Driver/Src/stm32f1xx_hal_tim.o
 .debug_aranges
                0x00000000000009d8      0x168 ./Drivers/STM32F1xx_HAL_Driver/Src/stm32f1xx_hal_tim_ex.o
 .debug_aranges
                0x0000000000000b40      0x200 ./Drivers/STM32F1xx_HAL_Driver/Src/stm32f1xx_hal_uart.o
 .debug_aranges
                0x0000000000000d40       0x30 ./Src/DMA_USART.o
 .debug_aranges
                0x0000000000000d70       0x38 ./Src/Failure.o
 .debug_aranges
                0x0000000000000da8       0x68 ./Src/Interface_Master.o
 .debug_aranges
                0x0000000000000e10       0x30 ./Src/can.o
 .debug_aranges
                0x0000000000000e40       0x20 ./Src/dma.o
 .debug_aranges
                0x0000000000000e60       0x20 ./Src/gpio.o
 .debug_aranges
                0x0000000000000e80       0x20 ./Src/iwdg.o
 .debug_aranges
                0x0000000000000ea0       0x60 ./Src/lcd_dash.o
 .debug_aranges
                0x0000000000000f00       0x30 ./Src/main.o
 .debug_aranges
                0x0000000000000f30      0x108 ./Src/nextion.o
 .debug_aranges
                0x0000000000001038       0x30 ./Src/spi.o
 .debug_aranges
                0x0000000000001068       0x20 ./Src/stm32f1xx_hal_msp.o
 .debug_aranges
                0x0000000000001088       0x90 ./Src/stm32f1xx_it.o
 .debug_aranges
                0x0000000000001118       0x28 ./Src/system_stm32f1xx.o
 .debug_aranges
                0x0000000000001140       0x60 ./Src/telemetry.o
 .debug_aranges
                0x00000000000011a0       0x30 ./Src/tim.o
 .debug_aranges
                0x00000000000011d0       0x38 ./Src/usart.o
 .debug_aranges
                0x0000000000001208       0x28 ./Src/xbee.o

.debug_ranges   0x0000000000000000     0x1110
 .debug_ranges  0x0000000000000000       0xd0 ./Drivers/STM32F1xx_HAL_Driver/Src/stm32f1xx_hal.o
 .debug_ranges  0x00000000000000d0      0x128 ./Drivers/STM32F1xx_HAL_Driver/Src/stm32f1xx_hal_can.o
 .debug_ranges  0x00000000000001f8       0xe0 ./Drivers/STM32F1xx_HAL_Driver/Src/stm32f1xx_hal_cortex.o
 .debug_ranges  0x00000000000002d8       0x70 ./Drivers/STM32F1xx_HAL_Driver/Src/stm32f1xx_hal_dma.o
 .debug_ranges  0x0000000000000348       0x48 ./Drivers/STM32F1xx_HAL_Driver/Src/stm32f1xx_hal_gpio.o
 .debug_ranges  0x0000000000000390       0x18 ./Drivers/STM32F1xx_HAL_Driver/Src/stm32f1xx_hal_iwdg.o
 .debug_ranges  0x00000000000003a8       0xa0 ./Drivers/STM32F1xx_HAL_Driver/Src/stm32f1xx_hal_rcc.o
 .debug_ranges  0x0000000000000448      0x1c0 ./Drivers/STM32F1xx_HAL_Driver/Src/stm32f1xx_hal_spi.o
 .debug_ranges  0x0000000000000608      0x3c0 ./Drivers/STM32F1xx_HAL_Driver/Src/stm32f1xx_hal_tim.o
 .debug_ranges  0x00000000000009c8      0x158 ./Drivers/STM32F1xx_HAL_Driver/Src/stm32f1xx_hal_tim_ex.o
 .debug_ranges  0x0000000000000b20      0x1f0 ./Drivers/STM32F1xx_HAL_Driver/Src/stm32f1xx_hal_uart.o
 .debug_ranges  0x0000000000000d10       0x20 ./Src/DMA_USART.o
 .debug_ranges  0x0000000000000d30       0x28 ./Src/Failure.o
 .debug_ranges  0x0000000000000d58       0x58 ./Src/Interface_Master.o
 .debug_ranges  0x0000000000000db0       0x20 ./Src/can.o
 .debug_ranges  0x0000000000000dd0       0x10 ./Src/dma.o
 .debug_ranges  0x0000000000000de0       0x10 ./Src/gpio.o
 .debug_ranges  0x0000000000000df0       0x10 ./Src/iwdg.o
 .debug_ranges  0x0000000000000e00       0x68 ./Src/lcd_dash.o
 .debug_ranges  0x0000000000000e68       0x20 ./Src/main.o
 .debug_ranges  0x0000000000000e88       0xf8 ./Src/nextion.o
 .debug_ranges  0x0000000000000f80       0x20 ./Src/spi.o
 .debug_ranges  0x0000000000000fa0       0x10 ./Src/stm32f1xx_hal_msp.o
 .debug_ranges  0x0000000000000fb0       0x80 ./Src/stm32f1xx_it.o
 .debug_ranges  0x0000000000001030       0x18 ./Src/system_stm32f1xx.o
 .debug_ranges  0x0000000000001048       0x50 ./Src/telemetry.o
 .debug_ranges  0x0000000000001098       0x20 ./Src/tim.o
 .debug_ranges  0x00000000000010b8       0x28 ./Src/usart.o
 .debug_ranges  0x00000000000010e0       0x30 ./Src/xbee.o

.debug_macro    0x0000000000000000    0x1ab60
 .debug_macro   0x0000000000000000      0x1e5 ./Drivers/STM32F1xx_HAL_Driver/Src/stm32f1xx_hal.o
 .debug_macro   0x00000000000001e5      0xa72 ./Drivers/STM32F1xx_HAL_Driver/Src/stm32f1xx_hal.o
 .debug_macro   0x0000000000000c57      0x233 ./Drivers/STM32F1xx_HAL_Driver/Src/stm32f1xx_hal.o
 .debug_macro   0x0000000000000e8a       0x2e ./Drivers/STM32F1xx_HAL_Driver/Src/stm32f1xx_hal.o
 .debug_macro   0x0000000000000eb8       0x22 ./Drivers/STM32F1xx_HAL_Driver/Src/stm32f1xx_hal.o
 .debug_macro   0x0000000000000eda       0x22 ./Drivers/STM32F1xx_HAL_Driver/Src/stm32f1xx_hal.o
 .debug_macro   0x0000000000000efc       0x8e ./Drivers/STM32F1xx_HAL_Driver/Src/stm32f1xx_hal.o
 .debug_macro   0x0000000000000f8a       0x51 ./Drivers/STM32F1xx_HAL_Driver/Src/stm32f1xx_hal.o
 .debug_macro   0x0000000000000fdb      0x103 ./Drivers/STM32F1xx_HAL_Driver/Src/stm32f1xx_hal.o
 .debug_macro   0x00000000000010de       0x6a ./Drivers/STM32F1xx_HAL_Driver/Src/stm32f1xx_hal.o
 .debug_macro   0x0000000000001148      0x1df ./Drivers/STM32F1xx_HAL_Driver/Src/stm32f1xx_hal.o
 .debug_macro   0x0000000000001327       0x1c ./Drivers/STM32F1xx_HAL_Driver/Src/stm32f1xx_hal.o
 .debug_macro   0x0000000000001343       0x22 ./Drivers/STM32F1xx_HAL_Driver/Src/stm32f1xx_hal.o
 .debug_macro   0x0000000000001365       0xbd ./Drivers/STM32F1xx_HAL_Driver/Src/stm32f1xx_hal.o
 .debug_macro   0x0000000000001422      0xd23 ./Drivers/STM32F1xx_HAL_Driver/Src/stm32f1xx_hal.o
 .debug_macro   0x0000000000002145     0xe09e ./Drivers/STM32F1xx_HAL_Driver/Src/stm32f1xx_hal.o
 .debug_macro   0x00000000000101e3       0x6d ./Drivers/STM32F1xx_HAL_Driver/Src/stm32f1xx_hal.o
 .debug_macro   0x0000000000010250     0x3468 ./Drivers/STM32F1xx_HAL_Driver/Src/stm32f1xx_hal.o
 .debug_macro   0x00000000000136b8      0x174 ./Drivers/STM32F1xx_HAL_Driver/Src/stm32f1xx_hal.o
 .debug_macro   0x000000000001382c       0x50 ./Drivers/STM32F1xx_HAL_Driver/Src/stm32f1xx_hal.o
 .debug_macro   0x000000000001387c      0x5be ./Drivers/STM32F1xx_HAL_Driver/Src/stm32f1xx_hal.o
 .debug_macro   0x0000000000013e3a      0x289 ./Drivers/STM32F1xx_HAL_Driver/Src/stm32f1xx_hal.o
 .debug_macro   0x00000000000140c3      0x1cb ./Drivers/STM32F1xx_HAL_Driver/Src/stm32f1xx_hal.o
 .debug_macro   0x000000000001428e      0x114 ./Drivers/STM32F1xx_HAL_Driver/Src/stm32f1xx_hal.o
 .debug_macro   0x00000000000143a2      0x1b2 ./Drivers/STM32F1xx_HAL_Driver/Src/stm32f1xx_hal.o
 .debug_macro   0x0000000000014554       0x27 ./Drivers/STM32F1xx_HAL_Driver/Src/stm32f1xx_hal.o
 .debug_macro   0x000000000001457b      0x136 ./Drivers/STM32F1xx_HAL_Driver/Src/stm32f1xx_hal.o
 .debug_macro   0x00000000000146b1      0x1bc ./Drivers/STM32F1xx_HAL_Driver/Src/stm32f1xx_hal.o
 .debug_macro   0x000000000001486d       0x34 ./Drivers/STM32F1xx_HAL_Driver/Src/stm32f1xx_hal.o
 .debug_macro   0x00000000000148a1       0x3c ./Drivers/STM32F1xx_HAL_Driver/Src/stm32f1xx_hal.o
 .debug_macro   0x00000000000148dd      0x408 ./Drivers/STM32F1xx_HAL_Driver/Src/stm32f1xx_hal.o
 .debug_macro   0x0000000000014ce5       0x57 ./Drivers/STM32F1xx_HAL_Driver/Src/stm32f1xx_hal.o
 .debug_macro   0x0000000000014d3c       0x88 ./Drivers/STM32F1xx_HAL_Driver/Src/stm32f1xx_hal.o
 .debug_macro   0x0000000000014dc4      0x241 ./Drivers/STM32F1xx_HAL_Driver/Src/stm32f1xx_hal.o
 .debug_macro   0x0000000000015005       0x78 ./Drivers/STM32F1xx_HAL_Driver/Src/stm32f1xx_hal.o
 .debug_macro   0x000000000001507d      0x141 ./Drivers/STM32F1xx_HAL_Driver/Src/stm32f1xx_hal.o
 .debug_macro   0x00000000000151be      0x217 ./Drivers/STM32F1xx_HAL_Driver/Src/stm32f1xx_hal.o
 .debug_macro   0x00000000000153d5      0x8d1 ./Drivers/STM32F1xx_HAL_Driver/Src/stm32f1xx_hal.o
 .debug_macro   0x0000000000015ca6      0x279 ./Drivers/STM32F1xx_HAL_Driver/Src/stm32f1xx_hal.o
 .debug_macro   0x0000000000015f1f       0x83 ./Drivers/STM32F1xx_HAL_Driver/Src/stm32f1xx_hal.o
 .debug_macro   0x0000000000015fa2      0x1c9 ./Drivers/STM32F1xx_HAL_Driver/Src/stm32f1xx_hal_can.o
 .debug_macro   0x000000000001616b      0x1c1 ./Drivers/STM32F1xx_HAL_Driver/Src/stm32f1xx_hal_cortex.o
 .debug_macro   0x000000000001632c      0x1c1 ./Drivers/STM32F1xx_HAL_Driver/Src/stm32f1xx_hal_dma.o
 .debug_macro   0x00000000000164ed      0x22c ./Drivers/STM32F1xx_HAL_Driver/Src/stm32f1xx_hal_gpio.o
 .debug_macro   0x0000000000016719      0x1cd ./Drivers/STM32F1xx_HAL_Driver/Src/stm32f1xx_hal_iwdg.o
 .debug_macro   0x00000000000168e6      0x1d3 ./Drivers/STM32F1xx_HAL_Driver/Src/stm32f1xx_hal_rcc.o
 .debug_macro   0x0000000000016ab9      0x1c9 ./Drivers/STM32F1xx_HAL_Driver/Src/stm32f1xx_hal_spi.o
 .debug_macro   0x0000000000016c82      0x1c2 ./Drivers/STM32F1xx_HAL_Driver/Src/stm32f1xx_hal_tim.o
 .debug_macro   0x0000000000016e44      0x1c1 ./Drivers/STM32F1xx_HAL_Driver/Src/stm32f1xx_hal_tim_ex.o
 .debug_macro   0x0000000000017005      0x1c2 ./Drivers/STM32F1xx_HAL_Driver/Src/stm32f1xx_hal_uart.o
 .debug_macro   0x00000000000171c7      0x29f ./Src/DMA_USART.o
 .debug_macro   0x0000000000017466       0x52 ./Src/DMA_USART.o
 .debug_macro   0x00000000000174b8       0x18 ./Src/DMA_USART.o
 .debug_macro   0x00000000000174d0       0x3c ./Src/DMA_USART.o
 .debug_macro   0x000000000001750c       0x34 ./Src/DMA_USART.o
 .debug_macro   0x0000000000017540       0x16 ./Src/DMA_USART.o
 .debug_macro   0x0000000000017556       0x43 ./Src/DMA_USART.o
 .debug_macro   0x0000000000017599       0x34 ./Src/DMA_USART.o
 .debug_macro   0x00000000000175cd       0x10 ./Src/DMA_USART.o
 .debug_macro   0x00000000000175dd       0x58 ./Src/DMA_USART.o
 .debug_macro   0x0000000000017635       0x71 ./Src/DMA_USART.o
 .debug_macro   0x00000000000176a6       0x1c ./Src/DMA_USART.o
 .debug_macro   0x00000000000176c2      0x12a ./Src/DMA_USART.o
 .debug_macro   0x00000000000177ec      0x341 ./Src/DMA_USART.o
 .debug_macro   0x0000000000017b2d       0x10 ./Src/DMA_USART.o
 .debug_macro   0x0000000000017b3d       0x35 ./Src/DMA_USART.o
 .debug_macro   0x0000000000017b72       0x20 ./Src/DMA_USART.o
 .debug_macro   0x0000000000017b92      0x328 ./Src/Failure.o
 .debug_macro   0x0000000000017eba      0x124 ./Src/Failure.o
 .debug_macro   0x0000000000017fde       0x58 ./Src/Failure.o
 .debug_macro   0x0000000000018036       0xa0 ./Src/Failure.o
 .debug_macro   0x00000000000180d6       0x10 ./Src/Failure.o
 .debug_macro   0x00000000000180e6       0x10 ./Src/Failure.o
 .debug_macro   0x00000000000180f6      0x3a3 ./Src/Interface_Master.o
 .debug_macro   0x0000000000018499       0x1c ./Src/Interface_Master.o
 .debug_macro   0x00000000000184b5       0x10 ./Src/Interface_Master.o
 .debug_macro   0x00000000000184c5       0x1c ./Src/Interface_Master.o
 .debug_macro   0x00000000000184e1       0x52 ./Src/Interface_Master.o
 .debug_macro   0x0000000000018533       0x22 ./Src/Interface_Master.o
 .debug_macro   0x0000000000018555       0x10 ./Src/Interface_Master.o
 .debug_macro   0x0000000000018565       0x52 ./Src/Interface_Master.o
 .debug_macro   0x00000000000185b7       0xd5 ./Src/Interface_Master.o
 .debug_macro   0x000000000001868c       0x1c ./Src/Interface_Master.o
 .debug_macro   0x00000000000186a8       0x3d ./Src/Interface_Master.o
 .debug_macro   0x00000000000186e5       0x16 ./Src/Interface_Master.o
 .debug_macro   0x00000000000186fb      0x145 ./Src/Interface_Master.o
 .debug_macro   0x0000000000018840      0x1e0 ./Src/can.o
 .debug_macro   0x0000000000018a20       0x9a ./Src/can.o
 .debug_macro   0x0000000000018aba      0x1da ./Src/dma.o
 .debug_macro   0x0000000000018c94      0x1da ./Src/gpio.o
 .debug_macro   0x0000000000018e6e      0x1da ./Src/iwdg.o
 .debug_macro   0x0000000000019048      0x346 ./Src/lcd_dash.o
 .debug_macro   0x000000000001938e      0x346 ./Src/main.o
 .debug_macro   0x00000000000196d4      0x3b6 ./Src/nextion.o
 .debug_macro   0x0000000000019a8a       0x10 ./Src/nextion.o
 .debug_macro   0x0000000000019a9a      0x1da ./Src/spi.o
 .debug_macro   0x0000000000019c74      0x1d0 ./Src/stm32f1xx_hal_msp.o
 .debug_macro   0x0000000000019e44      0x1da ./Src/stm32f1xx_it.o
 .debug_macro   0x000000000001a01e      0x1c7 ./Src/system_stm32f1xx.o
 .debug_macro   0x000000000001a1e5      0x30c ./Src/telemetry.o
 .debug_macro   0x000000000001a4f1      0x1da ./Src/tim.o
 .debug_macro   0x000000000001a6cb      0x1da ./Src/usart.o
 .debug_macro   0x000000000001a8a5      0x2bb ./Src/xbee.o

.debug_line     0x0000000000000000    0x1bef0
 .debug_line    0x0000000000000000      0x9c8 ./Drivers/STM32F1xx_HAL_Driver/Src/stm32f1xx_hal.o
 .debug_line    0x00000000000009c8     0x159a ./Drivers/STM32F1xx_HAL_Driver/Src/stm32f1xx_hal_can.o
 .debug_line    0x0000000000001f62      0xb3f ./Drivers/STM32F1xx_HAL_Driver/Src/stm32f1xx_hal_cortex.o
 .debug_line    0x0000000000002aa1      0xf1b ./Drivers/STM32F1xx_HAL_Driver/Src/stm32f1xx_hal_dma.o
 .debug_line    0x00000000000039bc      0xacc ./Drivers/STM32F1xx_HAL_Driver/Src/stm32f1xx_hal_gpio.o